Archive member included to satisfy reference by file (symbol)

e:/wch/mounriver/mounriver_studio2/resources/app/resources/win32/components/wch/toolchain/risc-v embedded gcc12/bin/../lib/gcc/riscv-wch-elf/12.2.0/../../../../riscv-wch-elf/lib/rv32imac_zba_zbb_zbc_zbs_xw/ilp32\libm_nano.a(lib_a-wf_exp.o)
                              ./Common/inference.o (expf)
e:/wch/mounriver/mounriver_studio2/resources/app/resources/win32/components/wch/toolchain/risc-v embedded gcc12/bin/../lib/gcc/riscv-wch-elf/12.2.0/../../../../riscv-wch-elf/lib/rv32imac_zba_zbb_zbc_zbs_xw/ilp32\libm_nano.a(lib_a-wf_sqrt.o)
                              ./Common/inference.o (sqrtf)
e:/wch/mounriver/mounriver_studio2/resources/app/resources/win32/components/wch/toolchain/risc-v embedded gcc12/bin/../lib/gcc/riscv-wch-elf/12.2.0/../../../../riscv-wch-elf/lib/rv32imac_zba_zbb_zbc_zbs_xw/ilp32\libm_nano.a(lib_a-ef_exp.o)
                              e:/wch/mounriver/mounriver_studio2/resources/app/resources/win32/components/wch/toolchain/risc-v embedded gcc12/bin/../lib/gcc/riscv-wch-elf/12.2.0/../../../../riscv-wch-elf/lib/rv32imac_zba_zbb_zbc_zbs_xw/ilp32\libm_nano.a(lib_a-wf_exp.o) (__ieee754_expf)
e:/wch/mounriver/mounriver_studio2/resources/app/resources/win32/components/wch/toolchain/risc-v embedded gcc12/bin/../lib/gcc/riscv-wch-elf/12.2.0/../../../../riscv-wch-elf/lib/rv32imac_zba_zbb_zbc_zbs_xw/ilp32\libm_nano.a(lib_a-ef_sqrt.o)
                              e:/wch/mounriver/mounriver_studio2/resources/app/resources/win32/components/wch/toolchain/risc-v embedded gcc12/bin/../lib/gcc/riscv-wch-elf/12.2.0/../../../../riscv-wch-elf/lib/rv32imac_zba_zbb_zbc_zbs_xw/ilp32\libm_nano.a(lib_a-wf_sqrt.o) (__ieee754_sqrtf)
e:/wch/mounriver/mounriver_studio2/resources/app/resources/win32/components/wch/toolchain/risc-v embedded gcc12/bin/../lib/gcc/riscv-wch-elf/12.2.0/../../../../riscv-wch-elf/lib/rv32imac_zba_zbb_zbc_zbs_xw/ilp32\libm_nano.a(lib_a-math_errf.o)
                              e:/wch/mounriver/mounriver_studio2/resources/app/resources/win32/components/wch/toolchain/risc-v embedded gcc12/bin/../lib/gcc/riscv-wch-elf/12.2.0/../../../../riscv-wch-elf/lib/rv32imac_zba_zbb_zbc_zbs_xw/ilp32\libm_nano.a(lib_a-ef_exp.o) (__math_uflowf)
e:/wch/mounriver/mounriver_studio2/resources/app/resources/win32/components/wch/toolchain/risc-v embedded gcc12/bin/../lib/gcc/riscv-wch-elf/12.2.0/../../../../riscv-wch-elf/lib/rv32imac_zba_zbb_zbc_zbs_xw/ilp32\libm_nano.a(lib_a-sf_finite.o)
                              e:/wch/mounriver/mounriver_studio2/resources/app/resources/win32/components/wch/toolchain/risc-v embedded gcc12/bin/../lib/gcc/riscv-wch-elf/12.2.0/../../../../riscv-wch-elf/lib/rv32imac_zba_zbb_zbc_zbs_xw/ilp32\libm_nano.a(lib_a-wf_exp.o) (finitef)
e:/wch/mounriver/mounriver_studio2/resources/app/resources/win32/components/wch/toolchain/risc-v embedded gcc12/bin/../lib/gcc/riscv-wch-elf/12.2.0/rv32imac_zba_zbb_zbc_zbs_xw/ilp32\libgcc.a(_divdi3.o)
                              ./Peripheral/src/ch32h417_usart.o (__divdi3)
e:/wch/mounriver/mounriver_studio2/resources/app/resources/win32/components/wch/toolchain/risc-v embedded gcc12/bin/../lib/gcc/riscv-wch-elf/12.2.0/rv32imac_zba_zbb_zbc_zbs_xw/ilp32\libgcc.a(_udivdi3.o)
                              ./Peripheral/src/ch32h417_usart.o (__udivdi3)
e:/wch/mounriver/mounriver_studio2/resources/app/resources/win32/components/wch/toolchain/risc-v embedded gcc12/bin/../lib/gcc/riscv-wch-elf/12.2.0/rv32imac_zba_zbb_zbc_zbs_xw/ilp32\libgcc.a(addsf3.o)
                              ./Common/inference.o (__addsf3)
e:/wch/mounriver/mounriver_studio2/resources/app/resources/win32/components/wch/toolchain/risc-v embedded gcc12/bin/../lib/gcc/riscv-wch-elf/12.2.0/rv32imac_zba_zbb_zbc_zbs_xw/ilp32\libgcc.a(divsf3.o)
                              ./User/main.o (__divsf3)
e:/wch/mounriver/mounriver_studio2/resources/app/resources/win32/components/wch/toolchain/risc-v embedded gcc12/bin/../lib/gcc/riscv-wch-elf/12.2.0/rv32imac_zba_zbb_zbc_zbs_xw/ilp32\libgcc.a(gesf2.o)
                              ./User/main.o (__gtsf2)
e:/wch/mounriver/mounriver_studio2/resources/app/resources/win32/components/wch/toolchain/risc-v embedded gcc12/bin/../lib/gcc/riscv-wch-elf/12.2.0/rv32imac_zba_zbb_zbc_zbs_xw/ilp32\libgcc.a(lesf2.o)
                              e:/wch/mounriver/mounriver_studio2/resources/app/resources/win32/components/wch/toolchain/risc-v embedded gcc12/bin/../lib/gcc/riscv-wch-elf/12.2.0/../../../../riscv-wch-elf/lib/rv32imac_zba_zbb_zbc_zbs_xw/ilp32\libm_nano.a(lib_a-ef_sqrt.o) (__lesf2)
e:/wch/mounriver/mounriver_studio2/resources/app/resources/win32/components/wch/toolchain/risc-v embedded gcc12/bin/../lib/gcc/riscv-wch-elf/12.2.0/rv32imac_zba_zbb_zbc_zbs_xw/ilp32\libgcc.a(mulsf3.o)
                              ./User/main.o (__mulsf3)
[...]
Memory Configuration

Name             Origin             Length             Attributes
FLASH            0x0000000000040000 0x0000000000020000 xr
RAM_CODE         0x00000000200a0000 0x0000000000020000 xrw
RAM              0x00000000200c0300 0x000000000003fd00 xrw
RAM_LOAD         0x00000000200c0200 0x0000000000000100 xrw
*default*        0x0000000000000000 0xffffffffffffffff

Linker script and memory map

LOAD ./User/ch32h417_it.o
LOAD ./User/main.o
LOAD ./User/system_ch32h417.o
LOAD ./Startup/startup_ch32h417_v5f.o
LOAD ./Peripheral/src/ch32h417_adc.o
LOAD ./Peripheral/src/ch32h417_can.o
LOAD ./Peripheral/src/ch32h417_crc.o
LOAD ./Peripheral/src/ch32h417_dac.o
LOAD ./Peripheral/src/ch32h417_dbgmcu.o
LOAD ./Peripheral/src/ch32h417_dfsdm.o
LOAD ./Peripheral/src/ch32h417_dma.o
LOAD ./Peripheral/src/ch32h417_dvp.o
LOAD ./Peripheral/src/ch32h417_ecdc.o
LOAD ./Peripheral/src/ch32h417_eth.o
LOAD ./Peripheral/src/ch32h417_exti.o
LOAD ./Peripheral/src/ch32h417_flash.o
LOAD ./Peripheral/src/ch32h417_fmc.o
LOAD ./Peripheral/src/ch32h417_gpha.o
LOAD ./Peripheral/src/ch32h417_gpio.o
LOAD ./Peripheral/src/ch32h417_hsadc.o
LOAD ./Peripheral/src/ch32h417_hsem.o
LOAD ./Peripheral/src/ch32h417_i2c.o
LOAD ./Peripheral/src/ch32h417_i3c.o
LOAD ./Peripheral/src/ch32h417_ipc.o
LOAD ./Peripheral/src/ch32h417_iwdg.o
LOAD ./Peripheral/src/ch32h417_lptim.o
LOAD ./Peripheral/src/ch32h417_ltdc.o
LOAD ./Peripheral/src/ch32h417_opa.o
LOAD ./Peripheral/src/ch32h417_pwr.o
LOAD ./Peripheral/src/ch32h417_qspi.o
LOAD ./Peripheral/src/ch32h417_rcc.o
LOAD ./Peripheral/src/ch32h417_rng.o
LOAD ./Peripheral/src/ch32h417_rtc.o
LOAD ./Peripheral/src/ch32h417_sai.o
LOAD ./Peripheral/src/ch32h417_sdio.o
LOAD ./Peripheral/src/ch32h417_sdmmc.o
LOAD ./Peripheral/src/ch32h417_serdes.o
LOAD ./Peripheral/src/ch32h417_spi.o
LOAD ./Peripheral/src/ch32h417_swpmi.o
LOAD ./Peripheral/src/ch32h417_tim.o
LOAD ./Peripheral/src/ch32h417_usart.o
LOAD ./Peripheral/src/ch32h417_wwdg.o
LOAD ./Debug/debug.o
LOAD ./Core/core_riscv.o
LOAD ./Common/hardware.o
LOAD ./Common/inference.o
LOAD ./Common/jpeg_dec.o
LOAD ./Common/ov2640.o
LOAD ./Common/weights_simple.o
LOAD e:/wch/mounriver/mounriver_studio2/resources/app/resources/win32/components/wch/toolchain/risc-v embedded gcc12/bin/../lib/gcc/riscv-wch-elf/12.2.0/../../../../riscv-wch-elf/lib/rv32imac_zba_zbb_zbc_zbs_xw/ilp32\libm_nano.a
LOAD e:/wch/mounriver/mounriver_studio2/resources/app/resources/win32/components/wch/toolchain/risc-v embedded gcc12/bin/../lib/gcc/riscv-wch-elf/12.2.0/rv32imac_zba_zbb_zbc_zbs_xw/ilp32\libgcc.a
LOAD e:/wch/mounriver/mounriver_studio2/resources/app/resources/win32/components/wch/toolchain/risc-v embedded gcc12/bin/../lib/gcc/riscv-wch-elf/12.2.0/../../../../riscv-wch-elf/lib/rv32imac_zba_zbb_zbc_zbs_xw/ilp32\libg_nano.a
LOAD e:/wch/mounriver/mounriver_studio2/resources/app/resources/win32/components/wch/toolchain/risc-v embedded gcc12/bin/../lib/gcc/riscv-wch-elf/12.2.0/../../../../riscv-wch-elf/lib/rv32imac_zba_zbb_zbc_zbs_xw/ilp32\libc_nano.a
LOAD e:/wch/mounriver/mounriver_studio2/resources/app/resources/win32/components/wch/toolchain/risc-v embedded gcc12/bin/../lib/gcc/riscv-wch-elf/12.2.0/rv32imac_zba_zbb_zbc_zbs_xw/ilp32\libgcc.a
START GROUP
LOAD e:/wch/mounriver/mounriver_studio2/resources/app/resources/win32/components/wch/toolchain/risc-v embedded gcc12/bin/../lib/gcc/riscv-wch-elf/12.2.0/rv32imac_zba_zbb_zbc_zbs_xw/ilp32\libgcc.a
LOAD e:/wch/mounriver/mounriver_studio2/resources/app/resources/win32/components/wch/toolchain/risc-v embedded gcc12/bin/../lib/gcc/riscv-wch-elf/12.2.0/../../../../riscv-wch-elf/lib/rv32imac_zba_zbb_zbc_zbs_xw/ilp32\libc_nano.a
LOAD e:/wch/mounriver/mounriver_studio2/resources/app/resources/win32/components/wch/toolchain/risc-v embedded gcc12/bin/../lib/gcc/riscv-wch-elf/12.2.0/../../../../riscv-wch-elf/lib/rv32imac_zba_zbb_zbc_zbs_xw/ilp32\libnosys.a
END GROUP
START GROUP
LOAD e:/wch/mounriver/mounriver_studio2/resources/app/resources/win32/components/wch/toolchain/risc-v embedded gcc12/bin/../lib/gcc/riscv-wch-elf/12.2.0/rv32imac_zba_zbb_zbc_zbs_xw/ilp32\libgcc.a
LOAD e:/wch/mounriver/mounriver_studio2/resources/app/resources/win32/components/wch/toolchain/risc-v embedded gcc12/bin/../lib/gcc/riscv-wch-elf/12.2.0/../../../../riscv-wch-elf/lib/rv32imac_zba_zbb_zbc_zbs_xw/ilp32\libc_nano.a
LOAD e:/wch/mounriver/mounriver_studio2/resources/app/resources/win32/components/wch/toolchain/risc-v embedded gcc12/bin/../lib/gcc/riscv-wch-elf/12.2.0/../../../../riscv-wch-elf/lib/rv32imac_zba_zbb_zbc_zbs_xw/ilp32\libnosys.a
END GROUP
                0x0000000000000800                __stack_size = 0x800
                [!provide]                        PROVIDE (_stack_size = __stack_size)

.init           0x0000000000040000        0x8
                0x0000000000040000                _sinit = .
                0x0000000000040000                . = ALIGN (0x4)
 *(SORT_NONE(.init))
 .init          0x0000000000040000        0x6 ./Startup/startup_ch32h417_v5f.o
                0x0000000000040000                _start
                0x0000000000040008                . = ALIGN (0x4)
 *fill*         0x0000000000040006        0x2 
                0x0000000000040008                _einit = .

.loadcodelalign
                0x0000000000040008        0x0
                0x0000000000040008                . = ALIGN (0x4)
                0x0000000000040008                PROVIDE (_loadcode_lma = .)

.loadcode       0x00000000200c0200       0xd8 load address 0x0000000000040008
                0x00000000200c0200                . = ALIGN (0x4)
                0x00000000200c0200                PROVIDE (_loadcode_vma_start = .)
 *(.load)
 .load          0x00000000200c0200       0xd8 ./Startup/startup_ch32h417_v5f.o
                0x00000000200c02d8                . = ALIGN (0x4)
                0x00000000200c02d8                PROVIDE (_loadcode_vma_end = .)

.highcodelalign
                0x00000000000400e0        0x0
                0x00000000000400e0                . = ALIGN (0x4)
                0x00000000000400e0                PROVIDE (_highcode_lma = .)

.highcode       0x00000000200a0000     0x4cf0 load address 0x00000000000400e0
                0x00000000200a0000                . = ALIGN (0x4)
                0x00000000200a0000                PROVIDE (_highcode_vma_start = .)
 *(.vector)
 .vector        0x00000000200a0000      0x254 ./Startup/startup_ch32h417_v5f.o
 *(SORT_NONE(.vector_handler))
 *(.text)
 .text          0x00000000200a0254       0x60 e:/wch/mounriver/mounriver_studio2/resources/app/resources/win32/components/wch/toolchain/risc-v embedded gcc12/bin/../lib/gcc/riscv-wch-elf/12.2.0/rv32imac_zba_zbb_zbc_zbs_xw/ilp32\libgcc.a(save-restore.o)
                0x00000000200a0254                __riscv_save_12
                0x00000000200a025c                __riscv_save_9
                0x00000000200a025c                __riscv_save_11
                0x00000000200a025c                __riscv_save_10
                0x00000000200a025c                __riscv_save_8
                0x00000000200a026a                __riscv_save_4
                0x00000000200a026a                __riscv_save_6
                0x00000000200a026a                __riscv_save_5
                0x00000000200a026a                __riscv_save_7
                0x00000000200a0284                __riscv_save_3
                0x00000000200a0284                __riscv_save_2
                0x00000000200a0284                __riscv_save_1
                0x00000000200a0284                __riscv_save_0
                0x00000000200a0290                __riscv_restore_12
                0x00000000200a0294                __riscv_restore_11
                0x00000000200a0294                __riscv_restore_9
                0x00000000200a0294                __riscv_restore_10
                0x00000000200a0294                __riscv_restore_8
                0x00000000200a029e                __riscv_restore_5
                0x00000000200a029e                __riscv_restore_7
                0x00000000200a029e                __riscv_restore_6
                0x00000000200a029e                __riscv_restore_4
                0x00000000200a02a8                __riscv_restore_3
                0x00000000200a02a8                __riscv_restore_0
                0x00000000200a02a8                __riscv_restore_2
                0x00000000200a02a8                __riscv_restore_1
 .text          0x00000000200a02b4       0x10 e:/wch/mounriver/mounriver_studio2/resources/app/resources/win32/components/wch/toolchain/risc-v embedded gcc12/bin/../lib/gcc/riscv-wch-elf/12.2.0/../../../../riscv-wch-elf/lib/rv32imac_zba_zbb_zbc_zbs_xw/ilp32\libg_nano.a(lib_a-memset.o)
                0x00000000200a02b4                memset
 *(.text.*)
 .text.dbg_putc
                0x00000000200a02c4       0x28 ./User/ch32h417_it.o
 .text.dbg_puts
                0x00000000200a02ec       0x14 ./User/ch32h417_it.o
 .text.dbg_hex  0x00000000200a0300       0x34 ./User/ch32h417_it.o
 .text.NMI_Handler
                0x00000000200a0334        0x2 ./User/ch32h417_it.o
                0x00000000200a0334                NMI_Handler
 .text.HardFault_Handler
                0x00000000200a0336       0x52 ./User/ch32h417_it.o
                0x00000000200a0336                HardFault_Handler
 .text.DVP_IRQHandler
                0x00000000200a0388       0xb8 ./User/ch32h417_it.o
                0x00000000200a0388                DVP_IRQHandler
 .text.send_byte
                0x00000000200a0440       0x26 ./User/main.o
 .text.send_str
                0x00000000200a0466       0x18 ./User/main.o
 .text.send_u32
                0x00000000200a047e       0x44 ./User/main.o
 .text.send_i32
                0x00000000200a04c2       0x1a ./User/main.o
 .text.startup.main
                0x00000000200a04dc      0x3a6 ./User/main.o
                0x00000000200a04dc                main
 .text.SystemAndCoreClockUpdate
                0x00000000200a0882      0x16a ./User/system_ch32h417.o
                0x00000000200a0882                SystemAndCoreClockUpdate
 .text.vector_handler
                0x00000000200a09ec        0x2 ./Startup/startup_ch32h417_v5f.o
                0x00000000200a09ec                TIM8_TRG_COM_IRQHandler
                0x00000000200a09ec                TIM8_CC_IRQHandler
                0x00000000200a09ec                USART_WKUP_IRQHandler
                0x00000000200a09ec                SPI4_IRQHandler
                0x00000000200a09ec                DFSDM0_IRQHandler
                0x00000000200a09ec                TIM1_CC_IRQHandler
                0x00000000200a09ec                TIM10_IRQHandler
                0x00000000200a09ec                IPC_CH2_Handler
                0x00000000200a09ec                USBPD_IRQHandler
                0x00000000200a09ec                TIM6_IRQHandler
                0x00000000200a09ec                CAN3_RX1_IRQHandler
                0x00000000200a09ec                I3C_ER_IRQHandler
                0x00000000200a09ec                SDIO_IRQHandler
                0x00000000200a09ec                DMA2_Channel8_IRQHandler
                0x00000000200a09ec                CAN2_RX1_IRQHandler
                0x00000000200a09ec                HSEM_Handler
                0x00000000200a09ec                USBHS_IRQHandler
                0x00000000200a09ec                LPTIM2_IRQHandler
                0x00000000200a09ec                USBFSWakeup_IRQHandler
                0x00000000200a09ec                I2C3_ER_IRQHandler
                0x00000000200a09ec                USBFS_IRQHandler
                0x00000000200a09ec                USART8_IRQHandler
                0x00000000200a09ec                I2C2_EV_IRQHandler
                0x00000000200a09ec                CAN1_RX0_IRQHandler
                0x00000000200a09ec                CAN3_SCE_IRQHandler
                0x00000000200a09ec                CAN2_SCE_IRQHandler
                0x00000000200a09ec                ADC1_2_IRQHandler
                0x00000000200a09ec                Break_Point_Handler
                0x00000000200a09ec                IPC_CH0_Handler
                0x00000000200a09ec                SPI1_IRQHandler
                0x00000000200a09ec                USART5_IRQHandler
                0x00000000200a09ec                SysTick0_Handler
                0x00000000200a09ec                EXTI7_0_IRQHandler
                0x00000000200a09ec                CAN2_RX0_IRQHandler
                0x00000000200a09ec                TIM8_UP_IRQHandler
                0x00000000200a09ec                Ecall_M_Mode_Handler
                0x00000000200a09ec                ECDC_IRQHandler
                0x00000000200a09ec                SDMMC_IRQHandler
                0x00000000200a09ec                USART7_IRQHandler
                0x00000000200a09ec                DMA2_Channel2_IRQHandler
                0x00000000200a09ec                DMA1_Channel4_IRQHandler
                0x00000000200a09ec                USART6_IRQHandler
                0x00000000200a09ec                CAN3_RX0_IRQHandler
                0x00000000200a09ec                HSADC_IRQHandler
                0x00000000200a09ec                USART3_IRQHandler
                0x00000000200a09ec                RTC_IRQHandler
                0x00000000200a09ec                DMA1_Channel7_IRQHandler
                0x00000000200a09ec                CAN1_RX1_IRQHandler
                0x00000000200a09ec                USBSS_IRQHandler
                0x00000000200a09ec                SWPMI_IRQHandler
                0x00000000200a09ec                USBPDWakeUp_IRQHandler
                0x00000000200a09ec                EXTI15_8_IRQHandler
                0x00000000200a09ec                TIM4_IRQHandler
                0x00000000200a09ec                DMA2_Channel1_IRQHandler
                0x00000000200a09ec                SWPMI_WKUP_IRQHandler
                0x00000000200a09ec                I2C1_EV_IRQHandler
                0x00000000200a09ec                USBSSWakeup_IRQHandler
                0x00000000200a09ec                USART4_IRQHandler
                0x00000000200a09ec                DMA1_Channel6_IRQHandler
                0x00000000200a09ec                DMA2_Channel4_IRQHandler
                0x00000000200a09ec                TIM3_IRQHandler
                0x00000000200a09ec                RCC_IRQHandler
                0x00000000200a09ec                TIM1_TRG_COM_IRQHandler
                0x00000000200a09ec                DMA1_Channel1_IRQHandler
                0x00000000200a09ec                DMA2_Channel7_IRQHandler
                0x00000000200a09ec                QSPI1_IRQHandler
                0x00000000200a09ec                DMA1_Channel8_IRQHandler
                0x00000000200a09ec                IPC_CH3_Handler
                0x00000000200a09ec                I3C_EV_IRQHandler
                0x00000000200a09ec                I3C_WKUP_IRQHandler
                0x00000000200a09ec                TIM12_IRQHandler
                0x00000000200a09ec                TIM7_IRQHandler
                0x00000000200a09ec                CAN2_TX_IRQHandler
                0x00000000200a09ec                TIM5_IRQHandler
                0x00000000200a09ec                I2C3_EV_IRQHandler
                0x00000000200a09ec                PIOC_IRQHandler
                0x00000000200a09ec                TIM9_IRQHandler
                0x00000000200a09ec                LTDC_IRQHandler
                0x00000000200a09ec                SAI_IRQHandler
                0x00000000200a09ec                ETH_WKUP_IRQHandler
                0x00000000200a09ec                SPI2_IRQHandler
                0x00000000200a09ec                IPC_CH1_Handler
                0x00000000200a09ec                LPTIM1_WKUP_IRQHandler
                0x00000000200a09ec                CAN1_TX_IRQHandler
                0x00000000200a09ec                DMA2_Channel5_IRQHandler
                0x00000000200a09ec                DMA1_Channel5_IRQHandler
                0x00000000200a09ec                QSPI2_IRQHandler
                0x00000000200a09ec                RNG_IRQHandler
                0x00000000200a09ec                DMA1_Channel3_IRQHandler
                0x00000000200a09ec                ETH_IRQHandler
                0x00000000200a09ec                TIM1_UP_IRQHandler
                0x00000000200a09ec                WWDG_IRQHandler
                0x00000000200a09ec                USBHSWakeup_IRQHandler
                0x00000000200a09ec                Ecall_U_Mode_Handler
                0x00000000200a09ec                I2C4_EV_IRQHandler
                0x00000000200a09ec                CAN3_TX_IRQHandler
                0x00000000200a09ec                DMA2_Channel6_IRQHandler
                0x00000000200a09ec                TIM2_IRQHandler
                0x00000000200a09ec                SW_Handler
                0x00000000200a09ec                TIM1_BRK_IRQHandler
                0x00000000200a09ec                GPHA_IRQHandler
                0x00000000200a09ec                LPTIM2_WKUP_IRQHandler
                0x00000000200a09ec                RTCAlarm_IRQHandler
                0x00000000200a09ec                TIM11_IRQHandler
                0x00000000200a09ec                USART2_IRQHandler
                0x00000000200a09ec                UHSIF_IRQHandler
                0x00000000200a09ec                I2C2_ER_IRQHandler
                0x00000000200a09ec                DMA1_Channel2_IRQHandler
                0x00000000200a09ec                TIM8_BRK_IRQHandler
                0x00000000200a09ec                CAN1_SCE_IRQHandler
                0x00000000200a09ec                FLASH_IRQHandler
                0x00000000200a09ec                USART1_IRQHandler
                0x00000000200a09ec                SPI3_IRQHandler
                0x00000000200a09ec                I2C1_ER_IRQHandler
                0x00000000200a09ec                FMC_IRQHandler
                0x00000000200a09ec                SysTick1_Handler
                0x00000000200a09ec                LPTIM1_IRQHandler
                0x00000000200a09ec                DFSDM1_IRQHandler
                0x00000000200a09ec                I2C4_ER_IRQHandler
                0x00000000200a09ec                SERDES_IRQHandler
                0x00000000200a09ec                USBSS_LINK_IRQHandler
                0x00000000200a09ec                DMA2_Channel3_IRQHandler
 .text.DVP_DeInit
                0x00000000200a09ee       0x14 ./Peripheral/src/ch32h417_dvp.o
                0x00000000200a09ee                DVP_DeInit
 .text.DVP_Init
                0x00000000200a0a02       0x6e ./Peripheral/src/ch32h417_dvp.o
                0x00000000200a0a02                DVP_Init
 .text.DVP_Cmd  0x00000000200a0a70       0x1a ./Peripheral/src/ch32h417_dvp.o
                0x00000000200a0a70                DVP_Cmd
 .text.DVP_DMACmd
                0x00000000200a0a8a       0x1c ./Peripheral/src/ch32h417_dvp.o
                0x00000000200a0a8a                DVP_DMACmd
 .text.DVP_ReceiveCircuitResetCmd
                0x00000000200a0aa6       0x1c ./Peripheral/src/ch32h417_dvp.o
                0x00000000200a0aa6                DVP_ReceiveCircuitResetCmd
 .text.DVP_FIFO_ResetCmd
                0x00000000200a0ac2       0x1c ./Peripheral/src/ch32h417_dvp.o
                0x00000000200a0ac2                DVP_FIFO_ResetCmd
 .text.DVP_ITConfig
                0x00000000200a0ade       0x1c ./Peripheral/src/ch32h417_dvp.o
                0x00000000200a0ade                DVP_ITConfig
 .text.DVP_GetITStatus
                0x00000000200a0afa       0x22 ./Peripheral/src/ch32h417_dvp.o
                0x00000000200a0afa                DVP_GetITStatus
 .text.DVP_ClearITPendingBit
                0x00000000200a0b1c        0xa ./Peripheral/src/ch32h417_dvp.o
                0x00000000200a0b1c                DVP_ClearITPendingBit
 .text.GPIO_Init
                0x00000000200a0b26       0xe0 ./Peripheral/src/ch32h417_gpio.o
                0x00000000200a0b26                GPIO_Init
 .text.GPIO_WriteBit
                0x00000000200a0c06        0xa ./Peripheral/src/ch32h417_gpio.o
                0x00000000200a0c06                GPIO_WriteBit
 .text.GPIO_PinAFConfig
                0x00000000200a0c10      0x1e8 ./Peripheral/src/ch32h417_gpio.o
                0x00000000200a0c10                GPIO_PinAFConfig
 .text.RCC_GetClocksFreq
                0x00000000200a0df8      0x1ae ./Peripheral/src/ch32h417_rcc.o
                0x00000000200a0df8                RCC_GetClocksFreq
 .text.RCC_HBPeriphClockCmd
                0x00000000200a0fa6       0x1c ./Peripheral/src/ch32h417_rcc.o
                0x00000000200a0fa6                RCC_HBPeriphClockCmd
 .text.RCC_HB2PeriphClockCmd
                0x00000000200a0fc2       0x1c ./Peripheral/src/ch32h417_rcc.o
                0x00000000200a0fc2                RCC_HB2PeriphClockCmd
 .text.RCC_HB1PeriphClockCmd
                0x00000000200a0fde       0x1c ./Peripheral/src/ch32h417_rcc.o
                0x00000000200a0fde                RCC_HB1PeriphClockCmd
 .text.RCC_HBPeriphResetCmd
                0x00000000200a0ffa       0x1c ./Peripheral/src/ch32h417_rcc.o
                0x00000000200a0ffa                RCC_HBPeriphResetCmd
 .text.USART_Init
                0x00000000200a1016       0xae ./Peripheral/src/ch32h417_usart.o
                0x00000000200a1016                USART_Init
 .text.USART_Cmd
                0x00000000200a10c4       0x14 ./Peripheral/src/ch32h417_usart.o
                0x00000000200a10c4                USART_Cmd
 .text.USART_SendData
                0x00000000200a10d8        0x8 ./Peripheral/src/ch32h417_usart.o
                0x00000000200a10d8                USART_SendData
 .text.USART_GetFlagStatus
                0x00000000200a10e0        0xa ./Peripheral/src/ch32h417_usart.o
                0x00000000200a10e0                USART_GetFlagStatus
 .text.Delay_Init
                0x00000000200a10ea       0x22 ./Debug/debug.o
                0x00000000200a10ea                Delay_Init
 .text.Delay_Us
                0x00000000200a110c       0x3e ./Debug/debug.o
                0x00000000200a110c                Delay_Us
 .text.Delay_Ms
                0x00000000200a114a       0x3e ./Debug/debug.o
                0x00000000200a114a                Delay_Ms
 .text.USART_Printf_Init
                0x00000000200a1188       0x6e ./Debug/debug.o
                0x00000000200a1188                USART_Printf_Init
 .text._write   0x00000000200a11f6       0x36 ./Debug/debug.o
                0x00000000200a11f6                _write
 .text._sbrk    0x00000000200a122c       0x2a ./Debug/debug.o
                0x00000000200a122c                _sbrk
 .text.DVP_Function_Init
                0x00000000200a1256       0x80 ./Common/hardware.o
                0x00000000200a1256                DVP_Function_Init
 .text.dvp_restart
                0x00000000200a12d6       0x2a ./Common/hardware.o
                0x00000000200a12d6                dvp_restart
 .text.Hardware
                0x00000000200a1300       0x66 ./Common/hardware.o
                0x00000000200a1300                Hardware
 .text.inference_init
                0x00000000200a1366       0xfa ./Common/inference.o
                0x00000000200a1366                inference_init
 .text.inference_run
                0x00000000200a1460      0x266 ./Common/inference.o
                0x00000000200a1460                inference_run
 .text.read_bit
                0x00000000200a16c6       0x7c ./Common/jpeg_dec.o
 .text.read_bits
                0x00000000200a1742       0x26 ./Common/jpeg_dec.o
 .text.huff_decode
                0x00000000200a1768       0x5a ./Common/jpeg_dec.o
 .text.jpeg_dec_init
                0x00000000200a17c2       0x26 ./Common/jpeg_dec.o
                0x00000000200a17c2                jpeg_dec_init
 .text.jpeg_dec_decode
                0x00000000200a17e8      0x642 ./Common/jpeg_dec.o
                0x00000000200a17e8                jpeg_dec_decode
 .text.SCCB_GPIO_Init
                0x00000000200a1e2a       0x2c ./Common/ov2640.o
                0x00000000200a1e2a                SCCB_GPIO_Init
 .text.SCCB_Start
                0x00000000200a1e56       0x2c ./Common/ov2640.o
                0x00000000200a1e56                SCCB_Start
 .text.SCCB_Stop
                0x00000000200a1e82       0x2e ./Common/ov2640.o
                0x00000000200a1e82                SCCB_Stop
 .text.SCCB_No_Ack
                0x00000000200a1eb0       0x3c ./Common/ov2640.o
                0x00000000200a1eb0                SCCB_No_Ack
 .text.SCCB_WR_Byte
                0x00000000200a1eec       0x8c ./Common/ov2640.o
                0x00000000200a1eec                SCCB_WR_Byte
 .text.SCCB_RD_Byte
                0x00000000200a1f78       0x6c ./Common/ov2640.o
                0x00000000200a1f78                SCCB_RD_Byte
 .text.SCCB_WR_Reg
                0x00000000200a1fe4       0x42 ./Common/ov2640.o
                0x00000000200a1fe4                SCCB_WR_Reg
 .text.SCCB_RD_Reg
                0x00000000200a2026       0x5a ./Common/ov2640.o
                0x00000000200a2026                SCCB_RD_Reg
 .text.DVP_GPIO_Init
                0x00000000200a2080      0x16a ./Common/ov2640.o
                0x00000000200a2080                DVP_GPIO_Init
 .text.OV2640_Init
                0x00000000200a21ea       0xd2 ./Common/ov2640.o
                0x00000000200a21ea                OV2640_Init
 .text.OV2640_JPEG_Mode
                0x00000000200a22bc       0x3c ./Common/ov2640.o
                0x00000000200a22bc                OV2640_JPEG_Mode
 .text.OV2640_RGB565_Mode
                0x00000000200a22f8       0x22 ./Common/ov2640.o
                0x00000000200a22f8                OV2640_RGB565_Mode
 .text.OV2640_OutSize_Set
                0x00000000200a231a       0x6c ./Common/ov2640.o
                0x00000000200a231a                OV2640_OutSize_Set
 .text.OV2640_Speed_Set
                0x00000000200a2386       0x32 ./Common/ov2640.o
                0x00000000200a2386                OV2640_Speed_Set
 .text.RGB565_Mode_Init
                0x00000000200a23b8       0x20 ./Common/ov2640.o
                0x00000000200a23b8                RGB565_Mode_Init
 .text.JPEG_Mode_Init
                0x00000000200a23d8       0x20 ./Common/ov2640.o
                0x00000000200a23d8                JPEG_Mode_Init
 .text.expf     0x00000000200a23f8       0x66 e:/wch/mounriver/mounriver_studio2/resources/app/resources/win32/components/wch/toolchain/risc-v embedded gcc12/bin/../lib/gcc/riscv-wch-elf/12.2.0/../../../../riscv-wch-elf/lib/rv32imac_zba_zbb_zbc_zbs_xw/ilp32\libm_nano.a(lib_a-wf_exp.o)
                0x00000000200a23f8                expf
 .text.sqrtf    0x00000000200a245e       0x48 e:/wch/mounriver/mounriver_studio2/resources/app/resources/win32/components/wch/toolchain/risc-v embedded gcc12/bin/../lib/gcc/riscv-wch-elf/12.2.0/../../../../riscv-wch-elf/lib/rv32imac_zba_zbb_zbc_zbs_xw/ilp32\libm_nano.a(lib_a-wf_sqrt.o)
                0x00000000200a245e                sqrtf
 .text.__ieee754_expf
                0x00000000200a24a6      0x24e e:/wch/mounriver/mounriver_studio2/resources/app/resources/win32/components/wch/toolchain/risc-v embedded gcc12/bin/../lib/gcc/riscv-wch-elf/12.2.0/../../../../riscv-wch-elf/lib/rv32imac_zba_zbb_zbc_zbs_xw/ilp32\libm_nano.a(lib_a-ef_exp.o)
                0x00000000200a24a6                __ieee754_expf
 .text.__ieee754_sqrtf
                0x00000000200a26f4      0x10a e:/wch/mounriver/mounriver_studio2/resources/app/resources/win32/components/wch/toolchain/risc-v embedded gcc12/bin/../lib/gcc/riscv-wch-elf/12.2.0/../../../../riscv-wch-elf/lib/rv32imac_zba_zbb_zbc_zbs_xw/ilp32\libm_nano.a(lib_a-ef_sqrt.o)
                0x00000000200a26f4                __ieee754_sqrtf
 .text.with_errnof
                0x00000000200a27fe       0x1e e:/wch/mounriver/mounriver_studio2/resources/app/resources/win32/components/wch/toolchain/risc-v embedded gcc12/bin/../lib/gcc/riscv-wch-elf/12.2.0/../../../../riscv-wch-elf/lib/rv32imac_zba_zbb_zbc_zbs_xw/ilp32\libm_nano.a(lib_a-math_errf.o)
 .text.xflowf   0x00000000200a281c       0x1e e:/wch/mounriver/mounriver_studio2/resources/app/resources/win32/components/wch/toolchain/risc-v embedded gcc12/bin/../lib/gcc/riscv-wch-elf/12.2.0/../../../../riscv-wch-elf/lib/rv32imac_zba_zbb_zbc_zbs_xw/ilp32\libm_nano.a(lib_a-math_errf.o)
 .text.__math_uflowf
                0x00000000200a283a        0xc e:/wch/mounriver/mounriver_studio2/resources/app/resources/win32/components/wch/toolchain/risc-v embedded gcc12/bin/../lib/gcc/riscv-wch-elf/12.2.0/../../../../riscv-wch-elf/lib/rv32imac_zba_zbb_zbc_zbs_xw/ilp32\libm_nano.a(lib_a-math_errf.o)
                0x00000000200a283a                __math_uflowf
 .text.__math_oflowf
                0x00000000200a2846        0xc e:/wch/mounriver/mounriver_studio2/resources/app/resources/win32/components/wch/toolchain/risc-v embedded gcc12/bin/../lib/gcc/riscv-wch-elf/12.2.0/../../../../riscv-wch-elf/lib/rv32imac_zba_zbb_zbc_zbs_xw/ilp32\libm_nano.a(lib_a-math_errf.o)
                0x00000000200a2846                __math_oflowf
 .text.finitef  0x00000000200a2852        0xe e:/wch/mounriver/mounriver_studio2/resources/app/resources/win32/components/wch/toolchain/risc-v embedded gcc12/bin/../lib/gcc/riscv-wch-elf/12.2.0/../../../../riscv-wch-elf/lib/rv32imac_zba_zbb_zbc_zbs_xw/ilp32\libm_nano.a(lib_a-sf_finite.o)
                0x00000000200a2852                finitef
 .text.__udivdi3
                0x00000000200a2860      0x39a e:/wch/mounriver/mounriver_studio2/resources/app/resources/win32/components/wch/toolchain/risc-v embedded gcc12/bin/../lib/gcc/riscv-wch-elf/12.2.0/rv32imac_zba_zbb_zbc_zbs_xw/ilp32\libgcc.a(_udivdi3.o)
                0x00000000200a2860                __udivdi3
 .text.__addsf3
                0x00000000200a2bfa      0x358 e:/wch/mounriver/mounriver_studio2/resources/app/resources/win32/components/wch/toolchain/risc-v embedded gcc12/bin/../lib/gcc/riscv-wch-elf/12.2.0/rv32imac_zba_zbb_zbc_zbs_xw/ilp32\libgcc.a(addsf3.o)
                0x00000000200a2bfa                __addsf3
 .text.__divsf3
                0x00000000200a2f52      0x2be e:/wch/mounriver/mounriver_studio2/resources/app/resources/win32/components/wch/toolchain/risc-v embedded gcc12/bin/../lib/gcc/riscv-wch-elf/12.2.0/rv32imac_zba_zbb_zbc_zbs_xw/ilp32\libgcc.a(divsf3.o)
                0x00000000200a2f52                __divsf3
 .text.__gesf2  0x00000000200a3210       0x96 e:/wch/mounriver/mounriver_studio2/resources/app/resources/win32/components/wch/toolchain/risc-v embedded gcc12/bin/../lib/gcc/riscv-wch-elf/12.2.0/rv32imac_zba_zbb_zbc_zbs_xw/ilp32\libgcc.a(gesf2.o)
                0x00000000200a3210                __gesf2
                0x00000000200a3210                __gtsf2
 .text.__lesf2  0x00000000200a32a6       0x98 e:/wch/mounriver/mounriver_studio2/resources/app/resources/win32/components/wch/toolchain/risc-v embedded gcc12/bin/../lib/gcc/riscv-wch-elf/12.2.0/rv32imac_zba_zbb_zbc_zbs_xw/ilp32\libgcc.a(lesf2.o)
                0x00000000200a32a6                __ltsf2
                0x00000000200a32a6                __lesf2
 .text.__mulsf3
                0x00000000200a333e      0x2c6 e:/wch/mounriver/mounriver_studio2/resources/app/resources/win32/components/wch/toolchain/risc-v embedded gcc12/bin/../lib/gcc/riscv-wch-elf/12.2.0/rv32imac_zba_zbb_zbc_zbs_xw/ilp32\libgcc.a(mulsf3.o)
                0x00000000200a333e                __mulsf3
 .text.__subsf3
                0x00000000200a3604      0x378 e:/wch/mounriver/mounriver_studio2/resources/app/resources/win32/components/wch/toolchain/risc-v embedded gcc12/bin/../lib/gcc/riscv-wch-elf/12.2.0/rv32imac_zba_zbb_zbc_zbs_xw/ilp32\libgcc.a(subsf3.o)
                0x00000000200a3604                __subsf3
 .text.__unordsf2
                0x00000000200a397c       0x3c e:/wch/mounriver/mounriver_studio2/resources/app/resources/win32/components/wch/toolchain/risc-v embedded gcc12/bin/../lib/gcc/riscv-wch-elf/12.2.0/rv32imac_zba_zbb_zbc_zbs_xw/ilp32\libgcc.a(unordsf2.o)
                0x00000000200a397c                __unordsf2
 .text.__fixsfsi
                0x00000000200a39b8       0x5e e:/wch/mounriver/mounriver_studio2/resources/app/resources/win32/components/wch/toolchain/risc-v embedded gcc12/bin/../lib/gcc/riscv-wch-elf/12.2.0/rv32imac_zba_zbb_zbc_zbs_xw/ilp32\libgcc.a(fixsfsi.o)
                0x00000000200a39b8                __fixsfsi
 .text.__fixunssfsi
                0x00000000200a3a16       0x4e e:/wch/mounriver/mounriver_studio2/resources/app/resources/win32/components/wch/toolchain/risc-v embedded gcc12/bin/../lib/gcc/riscv-wch-elf/12.2.0/rv32imac_zba_zbb_zbc_zbs_xw/ilp32\libgcc.a(fixunssfsi.o)
                0x00000000200a3a16                __fixunssfsi
 .text.__floatsisf
                0x00000000200a3a64       0xc0 e:/wch/mounriver/mounriver_studio2/resources/app/resources/win32/components/wch/toolchain/risc-v embedded gcc12/bin/../lib/gcc/riscv-wch-elf/12.2.0/rv32imac_zba_zbb_zbc_zbs_xw/ilp32\libgcc.a(floatsisf.o)
                0x00000000200a3a64                __floatsisf
 .text.__errno  0x00000000200a3b24        0x6 e:/wch/mounriver/mounriver_studio2/resources/app/resources/win32/components/wch/toolchain/risc-v embedded gcc12/bin/../lib/gcc/riscv-wch-elf/12.2.0/../../../../riscv-wch-elf/lib/rv32imac_zba_zbb_zbc_zbs_xw/ilp32\libg_nano.a(lib_a-errno.o)
                0x00000000200a3b24                __errno
 .text.printf   0x00000000200a3b2a       0x38 e:/wch/mounriver/mounriver_studio2/resources/app/resources/win32/components/wch/toolchain/risc-v embedded gcc12/bin/../lib/gcc/riscv-wch-elf/12.2.0/../../../../riscv-wch-elf/lib/rv32imac_zba_zbb_zbc_zbs_xw/ilp32\libg_nano.a(lib_a-printf.o)
                0x00000000200a3b2a                iprintf
                0x00000000200a3b2a                printf
 .text.std      0x00000000200a3b62       0x66 e:/wch/mounriver/mounriver_studio2/resources/app/resources/win32/components/wch/toolchain/risc-v embedded gcc12/bin/../lib/gcc/riscv-wch-elf/12.2.0/../../../../riscv-wch-elf/lib/rv32imac_zba_zbb_zbc_zbs_xw/ilp32\libg_nano.a(lib_a-findfp.o)
 .text._cleanup_r
                0x00000000200a3bc8        0xa e:/wch/mounriver/mounriver_studio2/resources/app/resources/win32/components/wch/toolchain/risc-v embedded gcc12/bin/../lib/gcc/riscv-wch-elf/12.2.0/../../../../riscv-wch-elf/lib/rv32imac_zba_zbb_zbc_zbs_xw/ilp32\libg_nano.a(lib_a-findfp.o)
                0x00000000200a3bc8                _cleanup_r
 .text.__sfmoreglue
                0x00000000200a3bd2       0x46 e:/wch/mounriver/mounriver_studio2/resources/app/resources/win32/components/wch/toolchain/risc-v embedded gcc12/bin/../lib/gcc/riscv-wch-elf/12.2.0/../../../../riscv-wch-elf/lib/rv32imac_zba_zbb_zbc_zbs_xw/ilp32\libg_nano.a(lib_a-findfp.o)
                0x00000000200a3bd2                __sfmoreglue
 .text.__sfp_lock_acquire
                0x00000000200a3c18        0x6 e:/wch/mounriver/mounriver_studio2/resources/app/resources/win32/components/wch/toolchain/risc-v embedded gcc12/bin/../lib/gcc/riscv-wch-elf/12.2.0/../../../../riscv-wch-elf/lib/rv32imac_zba_zbb_zbc_zbs_xw/ilp32\libg_nano.a(lib_a-findfp.o)
                0x00000000200a3c18                __sfp_lock_acquire
 .text.__sfp_lock_release
                0x00000000200a3c1e        0x6 e:/wch/mounriver/mounriver_studio2/resources/app/resources/win32/components/wch/toolchain/risc-v embedded gcc12/bin/../lib/gcc/riscv-wch-elf/12.2.0/../../../../riscv-wch-elf/lib/rv32imac_zba_zbb_zbc_zbs_xw/ilp32\libg_nano.a(lib_a-findfp.o)
                0x00000000200a3c1e                __sfp_lock_release
 .text.__sinit_lock_acquire
                0x00000000200a3c24        0x6 e:/wch/mounriver/mounriver_studio2/resources/app/resources/win32/components/wch/toolchain/risc-v embedded gcc12/bin/../lib/gcc/riscv-wch-elf/12.2.0/../../../../riscv-wch-elf/lib/rv32imac_zba_zbb_zbc_zbs_xw/ilp32\libg_nano.a(lib_a-findfp.o)
                0x00000000200a3c24                __sinit_lock_acquire
 .text.__sinit_lock_release
                0x00000000200a3c2a        0x6 e:/wch/mounriver/mounriver_studio2/resources/app/resources/win32/components/wch/toolchain/risc-v embedded gcc12/bin/../lib/gcc/riscv-wch-elf/12.2.0/../../../../riscv-wch-elf/lib/rv32imac_zba_zbb_zbc_zbs_xw/ilp32\libg_nano.a(lib_a-findfp.o)
                0x00000000200a3c2a                __sinit_lock_release
 .text.__sinit  0x00000000200a3c30       0x72 e:/wch/mounriver/mounriver_studio2/resources/app/resources/win32/components/wch/toolchain/risc-v embedded gcc12/bin/../lib/gcc/riscv-wch-elf/12.2.0/../../../../riscv-wch-elf/lib/rv32imac_zba_zbb_zbc_zbs_xw/ilp32\libg_nano.a(lib_a-findfp.o)
                0x00000000200a3c30                __sinit
 .text.__sfp    0x00000000200a3ca2       0xb0 e:/wch/mounriver/mounriver_studio2/resources/app/resources/win32/components/wch/toolchain/risc-v embedded gcc12/bin/../lib/gcc/riscv-wch-elf/12.2.0/../../../../riscv-wch-elf/lib/rv32imac_zba_zbb_zbc_zbs_xw/ilp32\libg_nano.a(lib_a-findfp.o)
                0x00000000200a3ca2                __sfp
 .text._fwalk_reent
                0x00000000200a3d52       0x68 e:/wch/mounriver/mounriver_studio2/resources/app/resources/win32/components/wch/toolchain/risc-v embedded gcc12/bin/../lib/gcc/riscv-wch-elf/12.2.0/../../../../riscv-wch-elf/lib/rv32imac_zba_zbb_zbc_zbs_xw/ilp32\libg_nano.a(lib_a-fwalk.o)
                0x00000000200a3d52                _fwalk_reent
 .text.__retarget_lock_init_recursive
                0x00000000200a3dba        0x2 e:/wch/mounriver/mounriver_studio2/resources/app/resources/win32/components/wch/toolchain/risc-v embedded gcc12/bin/../lib/gcc/riscv-wch-elf/12.2.0/../../../../riscv-wch-elf/lib/rv32imac_zba_zbb_zbc_zbs_xw/ilp32\libg_nano.a(lib_a-lock.o)
                0x00000000200a3dba                __retarget_lock_init_recursive
 .text.__retarget_lock_acquire_recursive
                0x00000000200a3dbc        0x2 e:/wch/mounriver/mounriver_studio2/resources/app/resources/win32/components/wch/toolchain/risc-v embedded gcc12/bin/../lib/gcc/riscv-wch-elf/12.2.0/../../../../riscv-wch-elf/lib/rv32imac_zba_zbb_zbc_zbs_xw/ilp32\libg_nano.a(lib_a-lock.o)
                0x00000000200a3dbc                __retarget_lock_acquire_recursive
 .text.__retarget_lock_release_recursive
                0x00000000200a3dbe        0x2 e:/wch/mounriver/mounriver_studio2/resources/app/resources/win32/components/wch/toolchain/risc-v embedded gcc12/bin/../lib/gcc/riscv-wch-elf/12.2.0/../../../../riscv-wch-elf/lib/rv32imac_zba_zbb_zbc_zbs_xw/ilp32\libg_nano.a(lib_a-lock.o)
                0x00000000200a3dbe                __retarget_lock_release_recursive
 .text.sbrk_aligned
                0x00000000200a3dc0       0x54 e:/wch/mounriver/mounriver_studio2/resources/app/resources/win32/components/wch/toolchain/risc-v embedded gcc12/bin/../lib/gcc/riscv-wch-elf/12.2.0/../../../../riscv-wch-elf/lib/rv32imac_zba_zbb_zbc_zbs_xw/ilp32\libg_nano.a(lib_a-nano-mallocr.o)
 .text._malloc_r
                0x00000000200a3e14      0x10c e:/wch/mounriver/mounriver_studio2/resources/app/resources/win32/components/wch/toolchain/risc-v embedded gcc12/bin/../lib/gcc/riscv-wch-elf/12.2.0/../../../../riscv-wch-elf/lib/rv32imac_zba_zbb_zbc_zbs_xw/ilp32\libg_nano.a(lib_a-nano-mallocr.o)
                0x00000000200a3e14                _malloc_r
 .text.__sfputc_r
                0x00000000200a3f20       0x26 e:/wch/mounriver/mounriver_studio2/resources/app/resources/win32/components/wch/toolchain/risc-v embedded gcc12/bin/../lib/gcc/riscv-wch-elf/12.2.0/../../../../riscv-wch-elf/lib/rv32imac_zba_zbb_zbc_zbs_xw/ilp32\libg_nano.a(lib_a-nano-vfprintf.o)
 .text.__sfputs_r
                0x00000000200a3f46       0x42 e:/wch/mounriver/mounriver_studio2/resources/app/resources/win32/components/wch/toolchain/risc-v embedded gcc12/bin/../lib/gcc/riscv-wch-elf/12.2.0/../../../../riscv-wch-elf/lib/rv32imac_zba_zbb_zbc_zbs_xw/ilp32\libg_nano.a(lib_a-nano-vfprintf.o)
                0x00000000200a3f46                __sfputs_r
 .text._vfprintf_r
                0x00000000200a3f88      0x2ba e:/wch/mounriver/mounriver_studio2/resources/app/resources/win32/components/wch/toolchain/risc-v embedded gcc12/bin/../lib/gcc/riscv-wch-elf/12.2.0/../../../../riscv-wch-elf/lib/rv32imac_zba_zbb_zbc_zbs_xw/ilp32\libg_nano.a(lib_a-nano-vfprintf.o)
                0x00000000200a3f88                _vfprintf_r
                0x00000000200a3f88                _vfiprintf_r
 .text._sbrk_r  0x00000000200a4242       0x28 e:/wch/mounriver/mounriver_studio2/resources/app/resources/win32/components/wch/toolchain/risc-v embedded gcc12/bin/../lib/gcc/riscv-wch-elf/12.2.0/../../../../riscv-wch-elf/lib/rv32imac_zba_zbb_zbc_zbs_xw/ilp32\libg_nano.a(lib_a-sbrkr.o)
                0x00000000200a4242                _sbrk_r
 .text.__sread  0x00000000200a426a       0x2c e:/wch/mounriver/mounriver_studio2/resources/app/resources/win32/components/wch/toolchain/risc-v embedded gcc12/bin/../lib/gcc/riscv-wch-elf/12.2.0/../../../../riscv-wch-elf/lib/rv32imac_zba_zbb_zbc_zbs_xw/ilp32\libg_nano.a(lib_a-stdio.o)
                0x00000000200a426a                __sread
 .text.__swrite
                0x00000000200a4296       0x46 e:/wch/mounriver/mounriver_studio2/resources/app/resources/win32/components/wch/toolchain/risc-v embedded gcc12/bin/../lib/gcc/riscv-wch-elf/12.2.0/../../../../riscv-wch-elf/lib/rv32imac_zba_zbb_zbc_zbs_xw/ilp32\libg_nano.a(lib_a-stdio.o)
                0x00000000200a4296                __swrite
 .text.__sseek  0x00000000200a42dc       0x2e e:/wch/mounriver/mounriver_studio2/resources/app/resources/win32/components/wch/toolchain/risc-v embedded gcc12/bin/../lib/gcc/riscv-wch-elf/12.2.0/../../../../riscv-wch-elf/lib/rv32imac_zba_zbb_zbc_zbs_xw/ilp32\libg_nano.a(lib_a-stdio.o)
                0x00000000200a42dc                __sseek
 .text.__sclose
                0x00000000200a430a        0x6 e:/wch/mounriver/mounriver_studio2/resources/app/resources/win32/components/wch/toolchain/risc-v embedded gcc12/bin/../lib/gcc/riscv-wch-elf/12.2.0/../../../../riscv-wch-elf/lib/rv32imac_zba_zbb_zbc_zbs_xw/ilp32\libg_nano.a(lib_a-stdio.o)
                0x00000000200a430a                __sclose
 .text.__swbuf_r
                0x00000000200a4310       0xbe e:/wch/mounriver/mounriver_studio2/resources/app/resources/win32/components/wch/toolchain/risc-v embedded gcc12/bin/../lib/gcc/riscv-wch-elf/12.2.0/../../../../riscv-wch-elf/lib/rv32imac_zba_zbb_zbc_zbs_xw/ilp32\libg_nano.a(lib_a-wbuf.o)
                0x00000000200a4310                __swbuf_r
 .text._write_r
                0x00000000200a43ce       0x2c e:/wch/mounriver/mounriver_studio2/resources/app/resources/win32/components/wch/toolchain/risc-v embedded gcc12/bin/../lib/gcc/riscv-wch-elf/12.2.0/../../../../riscv-wch-elf/lib/rv32imac_zba_zbb_zbc_zbs_xw/ilp32\libg_nano.a(lib_a-writer.o)
                0x00000000200a43ce                _write_r
 .text.__swsetup_r
                0x00000000200a43fa       0xf0 e:/wch/mounriver/mounriver_studio2/resources/app/resources/win32/components/wch/toolchain/risc-v embedded gcc12/bin/../lib/gcc/riscv-wch-elf/12.2.0/../../../../riscv-wch-elf/lib/rv32imac_zba_zbb_zbc_zbs_xw/ilp32\libg_nano.a(lib_a-wsetup.o)
                0x00000000200a43fa                __swsetup_r
 .text._close_r
                0x00000000200a44ea       0x28 e:/wch/mounriver/mounriver_studio2/resources/app/resources/win32/components/wch/toolchain/risc-v embedded gcc12/bin/../lib/gcc/riscv-wch-elf/12.2.0/../../../../riscv-wch-elf/lib/rv32imac_zba_zbb_zbc_zbs_xw/ilp32\libg_nano.a(lib_a-closer.o)
                0x00000000200a44ea                _close_r
 .text.__sflush_r
                0x00000000200a4512      0x132 e:/wch/mounriver/mounriver_studio2/resources/app/resources/win32/components/wch/toolchain/risc-v embedded gcc12/bin/../lib/gcc/riscv-wch-elf/12.2.0/../../../../riscv-wch-elf/lib/rv32imac_zba_zbb_zbc_zbs_xw/ilp32\libg_nano.a(lib_a-fflush.o)
                0x00000000200a4512                __sflush_r
 .text._fflush_r
                0x00000000200a4644       0x8e e:/wch/mounriver/mounriver_studio2/resources/app/resources/win32/components/wch/toolchain/risc-v embedded gcc12/bin/../lib/gcc/riscv-wch-elf/12.2.0/../../../../riscv-wch-elf/lib/rv32imac_zba_zbb_zbc_zbs_xw/ilp32\libg_nano.a(lib_a-fflush.o)
                0x00000000200a4644                _fflush_r
 .text._lseek_r
                0x00000000200a46d2       0x2a e:/wch/mounriver/mounriver_studio2/resources/app/resources/win32/components/wch/toolchain/risc-v embedded gcc12/bin/../lib/gcc/riscv-wch-elf/12.2.0/../../../../riscv-wch-elf/lib/rv32imac_zba_zbb_zbc_zbs_xw/ilp32\libg_nano.a(lib_a-lseekr.o)
                0x00000000200a46d2                _lseek_r
 .text.__swhatbuf_r
                0x00000000200a46fc       0x58 e:/wch/mounriver/mounriver_studio2/resources/app/resources/win32/components/wch/toolchain/risc-v embedded gcc12/bin/../lib/gcc/riscv-wch-elf/12.2.0/../../../../riscv-wch-elf/lib/rv32imac_zba_zbb_zbc_zbs_xw/ilp32\libg_nano.a(lib_a-makebuf.o)
                0x00000000200a46fc                __swhatbuf_r
 .text.__smakebuf_r
                0x00000000200a4754       0x96 e:/wch/mounriver/mounriver_studio2/resources/app/resources/win32/components/wch/toolchain/risc-v embedded gcc12/bin/../lib/gcc/riscv-wch-elf/12.2.0/../../../../riscv-wch-elf/lib/rv32imac_zba_zbb_zbc_zbs_xw/ilp32\libg_nano.a(lib_a-makebuf.o)
                0x00000000200a4754                __smakebuf_r
 .text.memchr   0x00000000200a47ea       0x18 e:/wch/mounriver/mounriver_studio2/resources/app/resources/win32/components/wch/toolchain/risc-v embedded gcc12/bin/../lib/gcc/riscv-wch-elf/12.2.0/../../../../riscv-wch-elf/lib/rv32imac_zba_zbb_zbc_zbs_xw/ilp32\libg_nano.a(lib_a-memchr.o)
                0x00000000200a47ea                memchr
 .text.__malloc_lock
                0x00000000200a4802        0x8 e:/wch/mounriver/mounriver_studio2/resources/app/resources/win32/components/wch/toolchain/risc-v embedded gcc12/bin/../lib/gcc/riscv-wch-elf/12.2.0/../../../../riscv-wch-elf/lib/rv32imac_zba_zbb_zbc_zbs_xw/ilp32\libg_nano.a(lib_a-mlock.o)
                0x00000000200a4802                __malloc_lock
 .text.__malloc_unlock
                0x00000000200a480a        0x8 e:/wch/mounriver/mounriver_studio2/resources/app/resources/win32/components/wch/toolchain/risc-v embedded gcc12/bin/../lib/gcc/riscv-wch-elf/12.2.0/../../../../riscv-wch-elf/lib/rv32imac_zba_zbb_zbc_zbs_xw/ilp32\libg_nano.a(lib_a-mlock.o)
                0x00000000200a480a                __malloc_unlock
 .text._free_r  0x00000000200a4812       0xa2 e:/wch/mounriver/mounriver_studio2/resources/app/resources/win32/components/wch/toolchain/risc-v embedded gcc12/bin/../lib/gcc/riscv-wch-elf/12.2.0/../../../../riscv-wch-elf/lib/rv32imac_zba_zbb_zbc_zbs_xw/ilp32\libg_nano.a(lib_a-nano-freer.o)
                0x00000000200a4812                _free_r
 .text._printf_common
                0x00000000200a48b4      0x10a e:/wch/mounriver/mounriver_studio2/resources/app/resources/win32/components/wch/toolchain/risc-v embedded gcc12/bin/../lib/gcc/riscv-wch-elf/12.2.0/../../../../riscv-wch-elf/lib/rv32imac_zba_zbb_zbc_zbs_xw/ilp32\libg_nano.a(lib_a-nano-vfprintf_i.o)
                0x00000000200a48b4                _printf_common
 .text._printf_i
                0x00000000200a49be      0x27c e:/wch/mounriver/mounriver_studio2/resources/app/resources/win32/components/wch/toolchain/risc-v embedded gcc12/bin/../lib/gcc/riscv-wch-elf/12.2.0/../../../../riscv-wch-elf/lib/rv32imac_zba_zbb_zbc_zbs_xw/ilp32\libg_nano.a(lib_a-nano-vfprintf_i.o)
                0x00000000200a49be                _printf_i
 .text._read_r  0x00000000200a4c3a       0x2a e:/wch/mounriver/mounriver_studio2/resources/app/resources/win32/components/wch/toolchain/risc-v embedded gcc12/bin/../lib/gcc/riscv-wch-elf/12.2.0/../../../../riscv-wch-elf/lib/rv32imac_zba_zbb_zbc_zbs_xw/ilp32\libg_nano.a(lib_a-readr.o)
                0x00000000200a4c3a                _read_r
 .text._fstat_r
                0x00000000200a4c64       0x28 e:/wch/mounriver/mounriver_studio2/resources/app/resources/win32/components/wch/toolchain/risc-v embedded gcc12/bin/../lib/gcc/riscv-wch-elf/12.2.0/../../../../riscv-wch-elf/lib/rv32imac_zba_zbb_zbc_zbs_xw/ilp32\libg_nano.a(lib_a-fstatr.o)
                0x00000000200a4c64                _fstat_r
 .text._isatty_r
                0x00000000200a4c8c       0x26 e:/wch/mounriver/mounriver_studio2/resources/app/resources/win32/components/wch/toolchain/risc-v embedded gcc12/bin/../lib/gcc/riscv-wch-elf/12.2.0/../../../../riscv-wch-elf/lib/rv32imac_zba_zbb_zbc_zbs_xw/ilp32\libg_nano.a(lib_a-isattyr.o)
                0x00000000200a4c8c                _isatty_r
 .text._close   0x00000000200a4cb2        0xc e:/wch/mounriver/mounriver_studio2/resources/app/resources/win32/components/wch/toolchain/risc-v embedded gcc12/bin/../lib/gcc/riscv-wch-elf/12.2.0/../../../../riscv-wch-elf/lib/rv32imac_zba_zbb_zbc_zbs_xw/ilp32\libnosys.a(close.o)
                0x00000000200a4cb2                _close
 .text._fstat   0x00000000200a4cbe        0xc e:/wch/mounriver/mounriver_studio2/resources/app/resources/win32/components/wch/toolchain/risc-v embedded gcc12/bin/../lib/gcc/riscv-wch-elf/12.2.0/../../../../riscv-wch-elf/lib/rv32imac_zba_zbb_zbc_zbs_xw/ilp32\libnosys.a(fstat.o)
                0x00000000200a4cbe                _fstat
 .text._isatty  0x00000000200a4cca        0xc e:/wch/mounriver/mounriver_studio2/resources/app/resources/win32/components/wch/toolchain/risc-v embedded gcc12/bin/../lib/gcc/riscv-wch-elf/12.2.0/../../../../riscv-wch-elf/lib/rv32imac_zba_zbb_zbc_zbs_xw/ilp32\libnosys.a(isatty.o)
                0x00000000200a4cca                _isatty
 .text._lseek   0x00000000200a4cd6        0xc e:/wch/mounriver/mounriver_studio2/resources/app/resources/win32/components/wch/toolchain/risc-v embedded gcc12/bin/../lib/gcc/riscv-wch-elf/12.2.0/../../../../riscv-wch-elf/lib/rv32imac_zba_zbb_zbc_zbs_xw/ilp32\libnosys.a(lseek.o)
                0x00000000200a4cd6                _lseek
 .text._read    0x00000000200a4ce2        0xc e:/wch/mounriver/mounriver_studio2/resources/app/resources/win32/components/wch/toolchain/risc-v embedded gcc12/bin/../lib/gcc/riscv-wch-elf/12.2.0/../../../../riscv-wch-elf/lib/rv32imac_zba_zbb_zbc_zbs_xw/ilp32\libnosys.a(read.o)
                0x00000000200a4ce2                _read
 *(.sdata2.*)
 *(.glue_7)
 *(.glue_7t)
 *(.gnu.linkonce.t.*)
                0x00000000200a4cf0                . = ALIGN (0x4)
 *fill*         0x00000000200a4cee        0x2 
                0x00000000200a4cf0                PROVIDE (_highcode_vma_end = .)

.rodata_flash   0x0000000000044dd0     0x3b50
                0x0000000000044dd0                . = ALIGN (0x4)
 *(.rodata)
 *(.rodata*)
 .rodata.dbg_hex.str1.4
                0x0000000000044dd0        0x3 ./User/ch32h417_it.o
 *fill*         0x0000000000044dd3        0x1 
 .rodata.HardFault_Handler.str1.4
                0x0000000000044dd4       0x24 ./User/ch32h417_it.o
                                         0x27 (size before relaxing)
 .rodata.main.str1.4
                0x0000000000044df8      0x138 ./User/main.o
                                        0x140 (size before relaxing)
 .rodata.str1.4
                0x0000000000044f30       0x2b ./User/main.o
 *fill*         0x0000000000044f5b        0x1 
 .rodata.class_names.0
                0x0000000000044f5c       0x18 ./User/main.o
 .rodata.cos_table
                0x0000000000044f74      0x100 ./Common/jpeg_dec.o
 .rodata.zigzag
                0x0000000000045074       0x40 ./Common/jpeg_dec.o
 .rodata.OV2640_Init.str1.4
                0x00000000000450b4       0x17 ./Common/ov2640.o
 *fill*         0x00000000000450cb        0x1 
 .rodata.OV2640_RGB565RegTbl
                0x00000000000450cc       0x1c ./Common/ov2640.o
                0x00000000000450cc                OV2640_RGB565RegTbl
 .rodata.OV2640_JPEGRegTbl
                0x00000000000450e8        0xe ./Common/ov2640.o
                0x00000000000450e8                OV2640_JPEGRegTbl
 *fill*         0x00000000000450f6        0x2 
 .rodata.OV2640_YUV422RegTbl
                0x00000000000450f8       0x10 ./Common/ov2640.o
                0x00000000000450f8                OV2640_YUV422RegTbl
 .rodata.OV2640_InitRegTbl
                0x0000000000045108      0x164 ./Common/ov2640.o
                0x0000000000045108                OV2640_InitRegTbl
 .rodata.b_dense
                0x000000000004526c       0x18 ./Common/weights_simple.o
                0x000000000004526c                b_dense
 .rodata.w_dense
                0x0000000000045284     0x3000 ./Common/weights_simple.o
                0x0000000000045284                w_dense
 .rodata.bn_var
                0x0000000000048284       0x20 ./Common/weights_simple.o
                0x0000000000048284                bn_var
 .rodata.bn_mean
                0x00000000000482a4       0x20 ./Common/weights_simple.o
                0x00000000000482a4                bn_mean
 .rodata.bn_beta
                0x00000000000482c4       0x20 ./Common/weights_simple.o
                0x00000000000482c4                bn_beta
 .rodata.bn_gamma
                0x00000000000482e4       0x20 ./Common/weights_simple.o
                0x00000000000482e4                bn_gamma
 .rodata.b_conv
                0x0000000000048304       0x20 ./Common/weights_simple.o
                0x0000000000048304                b_conv
 .rodata.w_conv
                0x0000000000048324      0x360 ./Common/weights_simple.o
                0x0000000000048324                w_conv
 .rodata.__divsf3
                0x0000000000048684       0xa8 e:/wch/mounriver/mounriver_studio2/resources/app/resources/win32/components/wch/toolchain/risc-v embedded gcc12/bin/../lib/gcc/riscv-wch-elf/12.2.0/rv32imac_zba_zbb_zbc_zbs_xw/ilp32\libgcc.a(divsf3.o)
 .rodata.__clz_tab
                0x000000000004872c      0x100 e:/wch/mounriver/mounriver_studio2/resources/app/resources/win32/components/wch/toolchain/risc-v embedded gcc12/bin/../lib/gcc/riscv-wch-elf/12.2.0/rv32imac_zba_zbb_zbc_zbs_xw/ilp32\libgcc.a(_clz.o)
                0x000000000004872c                __clz_tab
 .rodata.__sf_fake_stderr
                0x000000000004882c       0x20 e:/wch/mounriver/mounriver_studio2/resources/app/resources/win32/components/wch/toolchain/risc-v embedded gcc12/bin/../lib/gcc/riscv-wch-elf/12.2.0/../../../../riscv-wch-elf/lib/rv32imac_zba_zbb_zbc_zbs_xw/ilp32\libg_nano.a(lib_a-findfp.o)
                0x000000000004882c                __sf_fake_stderr
 .rodata.__sf_fake_stdout
                0x000000000004884c       0x20 e:/wch/mounriver/mounriver_studio2/resources/app/resources/win32/components/wch/toolchain/risc-v embedded gcc12/bin/../lib/gcc/riscv-wch-elf/12.2.0/../../../../riscv-wch-elf/lib/rv32imac_zba_zbb_zbc_zbs_xw/ilp32\libg_nano.a(lib_a-findfp.o)
                0x000000000004884c                __sf_fake_stdout
 .rodata.__sf_fake_stdin
                0x000000000004886c       0x20 e:/wch/mounriver/mounriver_studio2/resources/app/resources/win32/components/wch/toolchain/risc-v embedded gcc12/bin/../lib/gcc/riscv-wch-elf/12.2.0/../../../../riscv-wch-elf/lib/rv32imac_zba_zbb_zbc_zbs_xw/ilp32\libg_nano.a(lib_a-findfp.o)
                0x000000000004886c                __sf_fake_stdin
 .rodata._vfprintf_r.str1.4
                0x000000000004888c       0x13 e:/wch/mounriver/mounriver_studio2/resources/app/resources/win32/components/wch/toolchain/risc-v embedded gcc12/bin/../lib/gcc/riscv-wch-elf/12.2.0/../../../../riscv-wch-elf/lib/rv32imac_zba_zbb_zbc_zbs_xw/ilp32\libg_nano.a(lib_a-nano-vfprintf.o)
 *fill*         0x000000000004889f        0x1 
 .rodata._printf_i.str1.4
                0x00000000000488a0       0x25 e:/wch/mounriver/mounriver_studio2/resources/app/resources/win32/components/wch/toolchain/risc-v embedded gcc12/bin/../lib/gcc/riscv-wch-elf/12.2.0/../../../../riscv-wch-elf/lib/rv32imac_zba_zbb_zbc_zbs_xw/ilp32\libg_nano.a(lib_a-nano-vfprintf_i.o)
 *fill*         0x00000000000488c5        0x3 
 .rodata._printf_i
                0x00000000000488c8       0x58 e:/wch/mounriver/mounriver_studio2/resources/app/resources/win32/components/wch/toolchain/risc-v embedded gcc12/bin/../lib/gcc/riscv-wch-elf/12.2.0/../../../../riscv-wch-elf/lib/rv32imac_zba_zbb_zbc_zbs_xw/ilp32\libg_nano.a(lib_a-nano-vfprintf_i.o)
                0x0000000000048920                . = ALIGN (0x4)

.text           0x0000000000048920       0x54
                0x0000000000048920                . = ALIGN (0x4)
 *(SORT_NONE(.handle_reset))
 .handle_reset  0x0000000000048920       0x52 ./Startup/startup_ch32h417_v5f.o
                0x0000000000048920                handle_reset
                0x0000000000048974                . = ALIGN (0x4)
 *fill*         0x0000000000048972        0x2 

.rela.dyn       0x0000000000048974        0x0
 .rela.init     0x0000000000048974        0x0 ./User/ch32h417_it.o
 .rela.vector   0x0000000000048974        0x0 ./User/ch32h417_it.o
 .rela.load     0x0000000000048974        0x0 ./User/ch32h417_it.o
 .rela.handle_reset
                0x0000000000048974        0x0 ./User/ch32h417_it.o
 .rela.text._sbrk
                0x0000000000048974        0x0 ./User/ch32h417_it.o
 .rela.sdata.curbrk.0
                0x0000000000048974        0x0 ./User/ch32h417_it.o
 .rela.text._vfprintf_r
                0x0000000000048974        0x0 ./User/ch32h417_it.o

.highcodelalign1
                0x0000000000048974        0x0
                0x0000000000048974                . = ALIGN (0x4)
                0x0000000000048974                PROVIDE (_highcode_lma1 = .)

.fini           0x00000000200a4cf0        0x0 load address 0x0000000000048974
                0x00000000200a4cf0                . = ALIGN (0x4)
                0x00000000200a4cf0                PROVIDE (_highcode_vma_start1 = .)
 *(SORT_NONE(.fini))
                0x00000000200a4cf0                . = ALIGN (0x4)
                [!provide]                        PROVIDE (_etext = .)
                [!provide]                        PROVIDE (_eitcm = .)

.preinit_array  0x00000000200a4cf0        0x0 load address 0x0000000000048974
                [!provide]                        PROVIDE (__preinit_array_start = .)
 *(.preinit_array)
                [!provide]                        PROVIDE (__preinit_array_end = .)

.init_array     0x00000000200a4cf0        0x0 load address 0x0000000000048974
                [!provide]                        PROVIDE (__init_array_start = .)
 *(SORT_BY_INIT_PRIORITY(.init_array.*) SORT_BY_INIT_PRIORITY(.ctors.*))
 *(.init_array EXCLUDE_FILE(*crtend?.o *crtend.o *crtbegin?.o *crtbegin.o) .ctors)
                [!provide]                        PROVIDE (__init_array_end = .)

.fini_array     0x00000000200a4cf0        0x0 load address 0x0000000000048974
                [!provide]                        PROVIDE (__fini_array_start = .)
 *(SORT_BY_INIT_PRIORITY(.fini_array.*) SORT_BY_INIT_PRIORITY(.dtors.*))
 *(.fini_array EXCLUDE_FILE(*crtend?.o *crtend.o *crtbegin?.o *crtbegin.o) .dtors)
                [!provide]                        PROVIDE (__fini_array_end = .)

.ctors
 *crtbegin.o(.ctors)
 *crtbegin?.o(.ctors)
 *(EXCLUDE_FILE(*crtend?.o *crtend.o) .ctors)
 *(SORT_BY_NAME(.ctors.*))
 *(.ctors)

.dtors          0x00000000200a4cf0        0x0 load address 0x0000000000048974
 *crtbegin.o(.dtors)
 *crtbegin?.o(.dtors)
 *(EXCLUDE_FILE(*crtend?.o *crtend.o) .dtors)
 *(SORT_BY_NAME(.dtors.*))
 *(.dtors)
                0x00000000200a4cf0                . = ALIGN (0x4)
                0x00000000200a4cf0                PROVIDE (_highcode_vma_end1 = .)

.dalign         0x00000000200c0300        0x0 load address 0x0000000000048974
                0x00000000200c0300                . = ALIGN (0x4)
                0x00000000200c0300                PROVIDE (_data_vma = .)

.dlalign        0x0000000000048974        0x0
                0x0000000000048974                . = ALIGN (0x4)
                0x0000000000048974                PROVIDE (_data_lma = .)

.data           0x00000000200c0300      0x1b4 load address 0x0000000000048974
                0x00000000200c0300                . = ALIGN (0x4)
 *(.gnu.linkonce.r.*)
 *(.data .data.*)
 .data.SERDESPLLMULTB
                0x00000000200c0300       0x10 ./User/system_ch32h417.o
 .data.HBPrescTB
                0x00000000200c0310       0x10 ./User/system_ch32h417.o
 .data.PLLMULTB
                0x00000000200c0320       0x20 ./User/system_ch32h417.o
 .data.SERDESPLLMULTable
                0x00000000200c0340       0x10 ./Peripheral/src/ch32h417_rcc.o
 .data.HBPrescTable
                0x00000000200c0350       0x10 ./Peripheral/src/ch32h417_rcc.o
 .data.PLLMULTable
                0x00000000200c0360       0x20 ./Peripheral/src/ch32h417_rcc.o
 .data.impure_data
                0x00000000200c0380       0x60 e:/wch/mounriver/mounriver_studio2/resources/app/resources/win32/components/wch/toolchain/risc-v embedded gcc12/bin/../lib/gcc/riscv-wch-elf/12.2.0/../../../../riscv-wch-elf/lib/rv32imac_zba_zbb_zbc_zbs_xw/ilp32\libg_nano.a(lib_a-impure.o)
 *(.gnu.linkonce.d.*)
                0x00000000200c03e0                . = ALIGN (0x8)
                0x00000000200c0be0                PROVIDE (__global_pointer$ = (. + 0x800))
 *(.sdata .sdata.*)
 .sdata.FPRETB  0x00000000200c03e0        0x4 ./User/system_ch32h417.o
 .sdata.ADCPRETable
                0x00000000200c03e4        0x4 ./Peripheral/src/ch32h417_rcc.o
 .sdata.PPRE2Table
                0x00000000200c03e8        0x8 ./Peripheral/src/ch32h417_rcc.o
 .sdata.FPRETable
                0x00000000200c03f0        0x4 ./Peripheral/src/ch32h417_rcc.o
 .sdata.curbrk.0
                0x00000000200c03f4        0x4 ./Debug/debug.o
 *fill*         0x00000000200c03f8        0x8 
 .sdata.JPEG_DVPDMAaddr1
                0x00000000200c0400        0x4 ./Common/hardware.o
                0x00000000200c0400                JPEG_DVPDMAaddr1
 *fill*         0x00000000200c0404       0x1c 
 .sdata.JPEG_DVPDMAaddr0
                0x00000000200c0420        0x4 ./Common/hardware.o
                0x00000000200c0420                JPEG_DVPDMAaddr0
 .sdata.jpeg_dec_V_max
                0x00000000200c0424        0x4 ./Common/jpeg_dec.o
                0x00000000200c0424                jpeg_dec_V_max
 .sdata.jpeg_dec_H_max
                0x00000000200c0428        0x4 ./Common/jpeg_dec.o
                0x00000000200c0428                jpeg_dec_H_max
 .sdata.jpeg_dec_buf
                0x00000000200c042c        0x4 ./Common/jpeg_dec.o
                0x00000000200c042c                jpeg_dec_buf
 .sdata.tiny    0x00000000200c0430        0x4 e:/wch/mounriver/mounriver_studio2/resources/app/resources/win32/components/wch/toolchain/risc-v embedded gcc12/bin/../lib/gcc/riscv-wch-elf/12.2.0/../../../../riscv-wch-elf/lib/rv32imac_zba_zbb_zbc_zbs_xw/ilp32\libm_nano.a(lib_a-ef_sqrt.o)
 .sdata.one     0x00000000200c0434        0x4 e:/wch/mounriver/mounriver_studio2/resources/app/resources/win32/components/wch/toolchain/risc-v embedded gcc12/bin/../lib/gcc/riscv-wch-elf/12.2.0/../../../../riscv-wch-elf/lib/rv32imac_zba_zbb_zbc_zbs_xw/ilp32\libm_nano.a(lib_a-ef_sqrt.o)
 .sdata._impure_ptr
                0x00000000200c0438        0x4 e:/wch/mounriver/mounriver_studio2/resources/app/resources/win32/components/wch/toolchain/risc-v embedded gcc12/bin/../lib/gcc/riscv-wch-elf/12.2.0/../../../../riscv-wch-elf/lib/rv32imac_zba_zbb_zbc_zbs_xw/ilp32\libg_nano.a(lib_a-impure.o)
                0x00000000200c0438                _impure_ptr
 *(.sdata2.*)
 *(.gnu.linkonce.s.*)
                0x00000000200c0440                . = ALIGN (0x8)
 *fill*         0x00000000200c043c        0x4 
 *(.srodata.cst16)
 *(.srodata.cst8)
 *(.srodata.cst4)
 .srodata.cst4  0x00000000200c0440        0x8 ./User/main.o
 .srodata.cst4  0x00000000200c0448        0x8 ./Common/inference.o
 .srodata.cst4  0x00000000200c0450        0xc e:/wch/mounriver/mounriver_studio2/resources/app/resources/win32/components/wch/toolchain/risc-v embedded gcc12/bin/../lib/gcc/riscv-wch-elf/12.2.0/../../../../riscv-wch-elf/lib/rv32imac_zba_zbb_zbc_zbs_xw/ilp32\libm_nano.a(lib_a-wf_exp.o)
 .srodata.cst4  0x00000000200c045c       0x30 e:/wch/mounriver/mounriver_studio2/resources/app/resources/win32/components/wch/toolchain/risc-v embedded gcc12/bin/../lib/gcc/riscv-wch-elf/12.2.0/../../../../riscv-wch-elf/lib/rv32imac_zba_zbb_zbc_zbs_xw/ilp32\libm_nano.a(lib_a-ef_exp.o)
 .srodata.cst4  0x00000000200c048c        0xc e:/wch/mounriver/mounriver_studio2/resources/app/resources/win32/components/wch/toolchain/risc-v embedded gcc12/bin/../lib/gcc/riscv-wch-elf/12.2.0/../../../../riscv-wch-elf/lib/rv32imac_zba_zbb_zbc_zbs_xw/ilp32\libm_nano.a(lib_a-math_errf.o)
                                         0x10 (size before relaxing)
 *(.srodata.cst2)
 *(.srodata .srodata.*)
 .srodata.ln2LO
                0x00000000200c0498        0x8 e:/wch/mounriver/mounriver_studio2/resources/app/resources/win32/components/wch/toolchain/risc-v embedded gcc12/bin/../lib/gcc/riscv-wch-elf/12.2.0/../../../../riscv-wch-elf/lib/rv32imac_zba_zbb_zbc_zbs_xw/ilp32\libm_nano.a(lib_a-ef_exp.o)
 .srodata.ln2HI
                0x00000000200c04a0        0x8 e:/wch/mounriver/mounriver_studio2/resources/app/resources/win32/components/wch/toolchain/risc-v embedded gcc12/bin/../lib/gcc/riscv-wch-elf/12.2.0/../../../../riscv-wch-elf/lib/rv32imac_zba_zbb_zbc_zbs_xw/ilp32\libm_nano.a(lib_a-ef_exp.o)
 .srodata.halF  0x00000000200c04a8        0x8 e:/wch/mounriver/mounriver_studio2/resources/app/resources/win32/components/wch/toolchain/risc-v embedded gcc12/bin/../lib/gcc/riscv-wch-elf/12.2.0/../../../../riscv-wch-elf/lib/rv32imac_zba_zbb_zbc_zbs_xw/ilp32\libm_nano.a(lib_a-ef_exp.o)
 .srodata._global_impure_ptr
                0x00000000200c04b0        0x4 e:/wch/mounriver/mounriver_studio2/resources/app/resources/win32/components/wch/toolchain/risc-v embedded gcc12/bin/../lib/gcc/riscv-wch-elf/12.2.0/../../../../riscv-wch-elf/lib/rv32imac_zba_zbb_zbc_zbs_xw/ilp32\libg_nano.a(lib_a-impure.o)
                0x00000000200c04b0                _global_impure_ptr
                0x00000000200c04b4                . = ALIGN (0x4)
                0x00000000200c04b4                PROVIDE (_edata = .)

.bss            0x00000000200c04b4      0xbb4 load address 0x0000000000048b28
                0x00000000200c04b4                . = ALIGN (0x4)
                0x00000000200c04b4                PROVIDE (_sbss = .)
 *(.sbss*)
 .sbss.SystemCoreClock
                0x00000000200c04b4        0x4 ./User/system_ch32h417.o
                0x00000000200c04b4                SystemCoreClock
 .sbss.SystemClock
                0x00000000200c04b8        0x4 ./User/system_ch32h417.o
                0x00000000200c04b8                SystemClock
 .sbss.HCLKClock
                0x00000000200c04bc        0x4 ./User/system_ch32h417.o
                0x00000000200c04bc                HCLKClock
 .sbss.p_ms     0x00000000200c04c0        0x4 ./Debug/debug.o
 .sbss.p_us     0x00000000200c04c4        0x2 ./Debug/debug.o
 *fill*         0x00000000200c04c6        0x2 
 .sbss.jpeg_size
                0x00000000200c04c8        0x4 ./Common/hardware.o
                0x00000000200c04c8                jpeg_size
 .sbss.frame_ready
                0x00000000200c04cc        0x4 ./Common/hardware.o
                0x00000000200c04cc                frame_ready
 .sbss.href_cnt
                0x00000000200c04d0        0x4 ./Common/hardware.o
                0x00000000200c04d0                href_cnt
 .sbss.addr_cnt
                0x00000000200c04d4        0x4 ./Common/hardware.o
                0x00000000200c04d4                addr_cnt
 .sbss.frame_cnt
                0x00000000200c04d8        0x4 ./Common/hardware.o
                0x00000000200c04d8                frame_cnt
 .sbss.entropy_bit_count
                0x00000000200c04dc        0x4 ./Common/jpeg_dec.o
 .sbss.data_end
                0x00000000200c04e0        0x4 ./Common/jpeg_dec.o
 .sbss.data_ptr
                0x00000000200c04e4        0x4 ./Common/jpeg_dec.o
 .sbss.bit_cnt  0x00000000200c04e8        0x4 ./Common/jpeg_dec.o
 .sbss.bit_buf  0x00000000200c04ec        0x4 ./Common/jpeg_dec.o
 .sbss.debug_idx
                0x00000000200c04f0        0x4 ./Common/jpeg_dec.o
 .sbss.jpeg_dec_bitstream
                0x00000000200c04f4        0x4 ./Common/jpeg_dec.o
                0x00000000200c04f4                jpeg_dec_bitstream
 .sbss.jpeg_dec_num_components
                0x00000000200c04f8        0x4 ./Common/jpeg_dec.o
                0x00000000200c04f8                jpeg_dec_num_components
 .sbss.jpeg_dec_height
                0x00000000200c04fc        0x4 ./Common/jpeg_dec.o
                0x00000000200c04fc                jpeg_dec_height
 .sbss.jpeg_dec_width
                0x00000000200c0500        0x4 ./Common/jpeg_dec.o
                0x00000000200c0500                jpeg_dec_width
 .sbss.__lock___malloc_recursive_mutex
                0x00000000200c0504        0x1 e:/wch/mounriver/mounriver_studio2/resources/app/resources/win32/components/wch/toolchain/risc-v embedded gcc12/bin/../lib/gcc/riscv-wch-elf/12.2.0/../../../../riscv-wch-elf/lib/rv32imac_zba_zbb_zbc_zbs_xw/ilp32\libg_nano.a(lib_a-lock.o)
                0x00000000200c0504                __lock___malloc_recursive_mutex
 *fill*         0x00000000200c0505        0x3 
 .sbss.__lock___sfp_recursive_mutex
                0x00000000200c0508        0x1 e:/wch/mounriver/mounriver_studio2/resources/app/resources/win32/components/wch/toolchain/risc-v embedded gcc12/bin/../lib/gcc/riscv-wch-elf/12.2.0/../../../../riscv-wch-elf/lib/rv32imac_zba_zbb_zbc_zbs_xw/ilp32\libg_nano.a(lib_a-lock.o)
                0x00000000200c0508                __lock___sfp_recursive_mutex
 *fill*         0x00000000200c0509        0x3 
 .sbss.__lock___sinit_recursive_mutex
                0x00000000200c050c        0x1 e:/wch/mounriver/mounriver_studio2/resources/app/resources/win32/components/wch/toolchain/risc-v embedded gcc12/bin/../lib/gcc/riscv-wch-elf/12.2.0/../../../../riscv-wch-elf/lib/rv32imac_zba_zbb_zbc_zbs_xw/ilp32\libg_nano.a(lib_a-lock.o)
                0x00000000200c050c                __lock___sinit_recursive_mutex
 *fill*         0x00000000200c050d        0x3 
 .sbss.__malloc_sbrk_start
                0x00000000200c0510        0x4 e:/wch/mounriver/mounriver_studio2/resources/app/resources/win32/components/wch/toolchain/risc-v embedded gcc12/bin/../lib/gcc/riscv-wch-elf/12.2.0/../../../../riscv-wch-elf/lib/rv32imac_zba_zbb_zbc_zbs_xw/ilp32\libg_nano.a(lib_a-nano-mallocr.o)
                0x00000000200c0510                __malloc_sbrk_start
 .sbss.__malloc_free_list
                0x00000000200c0514        0x4 e:/wch/mounriver/mounriver_studio2/resources/app/resources/win32/components/wch/toolchain/risc-v embedded gcc12/bin/../lib/gcc/riscv-wch-elf/12.2.0/../../../../riscv-wch-elf/lib/rv32imac_zba_zbb_zbc_zbs_xw/ilp32\libg_nano.a(lib_a-nano-mallocr.o)
                0x00000000200c0514                __malloc_free_list
 .sbss.errno    0x00000000200c0518        0x4 e:/wch/mounriver/mounriver_studio2/resources/app/resources/win32/components/wch/toolchain/risc-v embedded gcc12/bin/../lib/gcc/riscv-wch-elf/12.2.0/../../../../riscv-wch-elf/lib/rv32imac_zba_zbb_zbc_zbs_xw/ilp32\libg_nano.a(lib_a-reent.o)
                0x00000000200c0518                errno
 *(.gnu.linkonce.sb.*)
 *(.bss*)
 .bss.output.1  0x00000000200c051c       0x18 ./User/main.o
 .bss.b_fused   0x00000000200c0534       0x20 ./Common/inference.o
 .bss.w_fused   0x00000000200c0554      0x360 ./Common/inference.o
 .bss.comp_ac   0x00000000200c08b4        0xc ./Common/jpeg_dec.o
 .bss.comp_dc   0x00000000200c08c0        0xc ./Common/jpeg_dec.o
 .bss.comp_qt   0x00000000200c08cc        0xc ./Common/jpeg_dec.o
 .bss.ac_tab    0x00000000200c08d8      0x2f8 ./Common/jpeg_dec.o
 .bss.dc_tab    0x00000000200c0bd0      0x2f8 ./Common/jpeg_dec.o
 .bss.quant_table
                0x00000000200c0ec8       0x80 ./Common/jpeg_dec.o
                0x00000000200c0ec8                quant_table
 .bss.jpeg_dec_ac_bits_arr
                0x00000000200c0f48       0x20 ./Common/jpeg_dec.o
                0x00000000200c0f48                jpeg_dec_ac_bits_arr
 .bss.jpeg_dec_dc_bits_arr
                0x00000000200c0f68       0x20 ./Common/jpeg_dec.o
                0x00000000200c0f68                jpeg_dec_dc_bits_arr
 .bss.jpeg_dec_block_bits
                0x00000000200c0f88       0x20 ./Common/jpeg_dec.o
                0x00000000200c0f88                jpeg_dec_block_bits
 .bss.jpeg_dec_debug_val
                0x00000000200c0fa8       0x20 ./Common/jpeg_dec.o
                0x00000000200c0fa8                jpeg_dec_debug_val
 .bss.jpeg_dec_debug_cat
                0x00000000200c0fc8       0x20 ./Common/jpeg_dec.o
                0x00000000200c0fc8                jpeg_dec_debug_cat
 .bss.jpeg_dec_raw_dc
                0x00000000200c0fe8       0x20 ./Common/jpeg_dec.o
                0x00000000200c0fe8                jpeg_dec_raw_dc
 .bss.jpeg_dec_huff_ac_bits
                0x00000000200c1008       0x22 ./Common/jpeg_dec.o
                0x00000000200c1008                jpeg_dec_huff_ac_bits
 *fill*         0x00000000200c102a        0x2 
 .bss.jpeg_dec_huff_dc_bits
                0x00000000200c102c       0x22 ./Common/jpeg_dec.o
                0x00000000200c102c                jpeg_dec_huff_dc_bits
 *fill*         0x00000000200c104e        0x2 
 .bss.jpeg_dec_comp_v
                0x00000000200c1050        0xc ./Common/jpeg_dec.o
                0x00000000200c1050                jpeg_dec_comp_v
 .bss.jpeg_dec_comp_h
                0x00000000200c105c        0xc ./Common/jpeg_dec.o
                0x00000000200c105c                jpeg_dec_comp_h
 *(.gnu.linkonce.b.*)
 *(COMMON*)
                0x00000000200c1068                . = ALIGN (0x4)
                0x00000000200c1068                PROVIDE (_ebss = .)
                0x00000000200c1068                PROVIDE (_end = _ebss)
                [!provide]                        PROVIDE (end = .)

.stack          0x00000000200ff800      0x800
                0x00000000200ff800                PROVIDE (_heap_end = .)
                0x00000000200ff800                . = ALIGN (0x4)
                [!provide]                        PROVIDE (_susrstack = .)
                0x0000000020100000                . = (. + __stack_size)
 *fill*         0x00000000200ff800      0x800 
                0x0000000020100000                PROVIDE (_eusrstack = .)
OUTPUT(DVP_UART_V5F.elf elf32-littleriscv)

.debug_info     0x0000000000000000     0x824c
 .debug_info    0x0000000000000000      0x67f ./User/ch32h417_it.o
 .debug_info    0x000000000000067f      0xf91 ./User/main.o
 .debug_info    0x0000000000001610      0x5df ./User/system_ch32h417.o
 .debug_info    0x0000000000001bef       0x23 ./Startup/startup_ch32h417_v5f.o
 .debug_info    0x0000000000001c12      0x568 ./Peripheral/src/ch32h417_dvp.o
 .debug_info    0x000000000000217a      0xb73 ./Peripheral/src/ch32h417_gpio.o
 .debug_info    0x0000000000002ced     0x12b3 ./Peripheral/src/ch32h417_rcc.o
 .debug_info    0x0000000000003fa0      0xb26 ./Peripheral/src/ch32h417_usart.o
 .debug_info    0x0000000000004ac6      0x70f ./Debug/debug.o
 .debug_info    0x00000000000051d5      0xcfc ./Common/hardware.o
 .debug_info    0x0000000000005ed1      0x57c ./Common/inference.o
 .debug_info    0x000000000000644d      0xeeb ./Common/jpeg_dec.o
 .debug_info    0x0000000000007338      0xe0c ./Common/ov2640.o
 .debug_info    0x0000000000008144      0x108 ./Common/weights_simple.o

.debug_abbrev   0x0000000000000000     0x1d4d
 .debug_abbrev  0x0000000000000000      0x1c0 ./User/ch32h417_it.o
 .debug_abbrev  0x00000000000001c0      0x32c ./User/main.o
 .debug_abbrev  0x00000000000004ec      0x186 ./User/system_ch32h417.o
 .debug_abbrev  0x0000000000000672       0x12 ./Startup/startup_ch32h417_v5f.o
 .debug_abbrev  0x0000000000000684      0x239 ./Peripheral/src/ch32h417_dvp.o
 .debug_abbrev  0x00000000000008bd      0x27a ./Peripheral/src/ch32h417_gpio.o
 .debug_abbrev  0x0000000000000b37      0x36e ./Peripheral/src/ch32h417_rcc.o
 .debug_abbrev  0x0000000000000ea5      0x210 ./Peripheral/src/ch32h417_usart.o
 .debug_abbrev  0x00000000000010b5      0x23c ./Debug/debug.o
 .debug_abbrev  0x00000000000012f1      0x2b7 ./Common/hardware.o
 .debug_abbrev  0x00000000000015a8      0x14d ./Common/inference.o
 .debug_abbrev  0x00000000000016f5      0x319 ./Common/jpeg_dec.o
 .debug_abbrev  0x0000000000001a0e      0x2d9 ./Common/ov2640.o
 .debug_abbrev  0x0000000000001ce7       0x66 ./Common/weights_simple.o

.debug_loclists
                0x0000000000000000     0x343c
 .debug_loclists
                0x0000000000000000       0x90 ./User/ch32h417_it.o
 .debug_loclists
                0x0000000000000090      0x44f ./User/main.o
 .debug_loclists
                0x00000000000004df      0x1b5 ./User/system_ch32h417.o
 .debug_loclists
                0x0000000000000694      0x11a ./Peripheral/src/ch32h417_dvp.o
 .debug_loclists
                0x00000000000007ae      0x882 ./Peripheral/src/ch32h417_gpio.o
 .debug_loclists
                0x0000000000001030      0x7d8 ./Peripheral/src/ch32h417_rcc.o
 .debug_loclists
                0x0000000000001808      0x6d8 ./Peripheral/src/ch32h417_usart.o
 .debug_loclists
                0x0000000000001ee0      0x119 ./Debug/debug.o
 .debug_loclists
                0x0000000000001ff9       0x35 ./Common/hardware.o
 .debug_loclists
                0x000000000000202e      0x620 ./Common/inference.o
 .debug_loclists
                0x000000000000264e      0xa84 ./Common/jpeg_dec.o
 .debug_loclists
                0x00000000000030d2      0x36a ./Common/ov2640.o

.debug_aranges  0x0000000000000000      0x690
 .debug_aranges
                0x0000000000000000       0x48 ./User/ch32h417_it.o
 .debug_aranges
                0x0000000000000048       0x40 ./User/main.o
 .debug_aranges
                0x0000000000000088       0x20 ./User/system_ch32h417.o
 .debug_aranges
                0x00000000000000a8       0x38 ./Startup/startup_ch32h417_v5f.o
 .debug_aranges
                0x00000000000000e0       0x90 ./Peripheral/src/ch32h417_dvp.o
 .debug_aranges
                0x0000000000000170       0xa0 ./Peripheral/src/ch32h417_gpio.o
 .debug_aranges
                0x0000000000000210      0x1f0 ./Peripheral/src/ch32h417_rcc.o
 .debug_aranges
                0x0000000000000400      0x100 ./Peripheral/src/ch32h417_usart.o
 .debug_aranges
                0x0000000000000500       0x48 ./Debug/debug.o
 .debug_aranges
                0x0000000000000548       0x30 ./Common/hardware.o
 .debug_aranges
                0x0000000000000578       0x28 ./Common/inference.o
 .debug_aranges
                0x00000000000005a0       0x40 ./Common/jpeg_dec.o
 .debug_aranges
                0x00000000000005e0       0x98 ./Common/ov2640.o
 .debug_aranges
                0x0000000000000678       0x18 ./Common/weights_simple.o

.debug_rnglists
                0x0000000000000000      0xfac
 .debug_rnglists
                0x0000000000000000       0x5f ./User/ch32h417_it.o
 .debug_rnglists
                0x000000000000005f      0x16d ./User/main.o
 .debug_rnglists
                0x00000000000001cc       0x29 ./User/system_ch32h417.o
 .debug_rnglists
                0x00000000000001f5       0x26 ./Startup/startup_ch32h417_v5f.o
 .debug_rnglists
                0x000000000000021b       0x94 ./Peripheral/src/ch32h417_dvp.o
 .debug_rnglists
                0x00000000000002af       0xa6 ./Peripheral/src/ch32h417_gpio.o
 .debug_rnglists
                0x0000000000000355      0x258 ./Peripheral/src/ch32h417_rcc.o
 .debug_rnglists
                0x00000000000005ad      0x112 ./Peripheral/src/ch32h417_usart.o
 .debug_rnglists
                0x00000000000006bf       0x43 ./Debug/debug.o
 .debug_rnglists
                0x0000000000000702       0x28 ./Common/hardware.o
 .debug_rnglists
                0x000000000000072a      0x345 ./Common/inference.o
 .debug_rnglists
                0x0000000000000a6f      0x4a0 ./Common/jpeg_dec.o
 .debug_rnglists
                0x0000000000000f0f       0x9d ./Common/ov2640.o

.debug_line     0x0000000000000000     0x915b
 .debug_line    0x0000000000000000      0x495 ./User/ch32h417_it.o
 .debug_line    0x0000000000000495      0xb15 ./User/main.o
 .debug_line    0x0000000000000faa      0x372 ./User/system_ch32h417.o
 .debug_line    0x000000000000131c      0x1f7 ./Startup/startup_ch32h417_v5f.o
 .debug_line    0x0000000000001513      0x685 ./Peripheral/src/ch32h417_dvp.o
 .debug_line    0x0000000000001b98     0x14f3 ./Peripheral/src/ch32h417_gpio.o
 .debug_line    0x000000000000308b     0x1bb9 ./Peripheral/src/ch32h417_rcc.o
 .debug_line    0x0000000000004c44      0xeb8 ./Peripheral/src/ch32h417_usart.o
 .debug_line    0x0000000000005afc      0x55a ./Debug/debug.o
 .debug_line    0x0000000000006056      0x386 ./Common/hardware.o
 .debug_line    0x00000000000063dc      0x86b ./Common/inference.o
 .debug_line    0x0000000000006c47     0x1680 ./Common/jpeg_dec.o
 .debug_line    0x00000000000082c7      0xe5a ./Common/ov2640.o
 .debug_line    0x0000000000009121       0x3a ./Common/weights_simple.o

.debug_str      0x0000000000000000     0x2508
 .debug_str     0x0000000000000000      0x329 ./User/ch32h417_it.o
                                        0x3bf (size before relaxing)
 .debug_str     0x0000000000000329      0x38a ./User/main.o
                                        0x630 (size before relaxing)
 .debug_str     0x00000000000006b3      0x16e ./User/system_ch32h417.o
                                        0x3a6 (size before relaxing)
 .debug_str     0x0000000000000821       0xa2 ./Startup/startup_ch32h417_v5f.o
 .debug_str     0x00000000000008c3      0x213 ./Peripheral/src/ch32h417_dvp.o
                                        0x492 (size before relaxing)
 .debug_str     0x0000000000000ad6      0x288 ./Peripheral/src/ch32h417_gpio.o
                                        0x61c (size before relaxing)
 .debug_str     0x0000000000000d5e      0x780 ./Peripheral/src/ch32h417_rcc.o
                                        0xd22 (size before relaxing)
 .debug_str     0x00000000000014de      0x3f4 ./Peripheral/src/ch32h417_usart.o
                                        0x738 (size before relaxing)
 .debug_str     0x00000000000018d2       0x5d ./Debug/debug.o
                                        0x556 (size before relaxing)
 .debug_str     0x000000000000192f      0x727 ./Common/hardware.o
                                        0xc78 (size before relaxing)
 .debug_str     0x0000000000002056       0xad ./Common/inference.o
                                        0x25f (size before relaxing)
 .debug_str     0x0000000000002103      0x2a0 ./Common/jpeg_dec.o
                                        0x497 (size before relaxing)
 .debug_str     0x00000000000023a3      0x165 ./Common/ov2640.o
                                        0x50e (size before relaxing)
 .debug_str     0x0000000000002508      0x136 ./Common/weights_simple.o

.debug_line_str
                0x0000000000000000      0x88c
 .debug_line_str
                0x0000000000000000      0x2d5 ./User/ch32h417_it.o
                                        0x347 (size before relaxing)
 .debug_line_str
                0x00000000000002d5       0xa3 ./User/main.o
                                        0x3b7 (size before relaxing)
 .debug_line_str
                0x0000000000000378       0x1a ./User/system_ch32h417.o
                                        0x2f1 (size before relaxing)
 .debug_line_str
                0x0000000000000392       0x4b ./Startup/startup_ch32h417_v5f.o
                                         0xad (size before relaxing)
 .debug_line_str
                0x00000000000003dd       0x85 ./Peripheral/src/ch32h417_dvp.o
                                        0x30e (size before relaxing)
 .debug_line_str
                0x0000000000000462       0x5c ./Peripheral/src/ch32h417_gpio.o
                                        0x323 (size before relaxing)
 .debug_line_str
                0x00000000000004be       0x4a ./Peripheral/src/ch32h417_rcc.o
                                        0x30f (size before relaxing)
 .debug_line_str
                0x0000000000000508       0x4c ./Peripheral/src/ch32h417_usart.o
                                        0x316 (size before relaxing)
 .debug_line_str
                0x0000000000000554       0xd8 ./Debug/debug.o
                                        0x3f5 (size before relaxing)
 .debug_line_str
                0x000000000000062c       0x69 ./Common/hardware.o
                                        0x38a (size before relaxing)
 .debug_line_str
                0x0000000000000695       0xe3 ./Common/inference.o
                                        0x1db (size before relaxing)
 .debug_line_str
                0x0000000000000778       0x5e ./Common/jpeg_dec.o
                                        0x2da (size before relaxing)
 .debug_line_str
                0x00000000000007d6       0x5b ./Common/ov2640.o
                                        0x3f4 (size before relaxing)
 .debug_line_str
                0x0000000000000831       0x5b ./Common/weights_simple.o
                                        0x15d (size before relaxing)

.comment        0x0000000000000000       0x31
 .comment       0x0000000000000000       0x31 ./User/ch32h417_it.o
                                         0x32 (size before relaxing)
 .comment       0x0000000000000031       0x32 ./User/main.o
 .comment       0x0000000000000031       0x32 ./User/system_ch32h417.o
 .comment       0x0000000000000031       0x32 ./Peripheral/src/ch32h417_dvp.o
 .comment       0x0000000000000031       0x32 ./Peripheral/src/ch32h417_gpio.o
 .comment       0x0000000000000031       0x32 ./Peripheral/src/ch32h417_rcc.o
 .comment       0x0000000000000031       0x32 ./Peripheral/src/ch32h417_usart.o
 .comment       0x0000000000000031       0x32 ./Debug/debug.o
 .comment       0x0000000000000031       0x32 ./Common/hardware.o
 .comment       0x0000000000000031       0x32 ./Common/inference.o
 .comment       0x0000000000000031       0x32 ./Common/jpeg_dec.o
 .comment       0x0000000000000031       0x32 ./Common/ov2640.o
 .comment       0x0000000000000031       0x32 ./Common/weights_simple.o
 .comment       0x0000000000000031       0x32 e:/wch/mounriver/mounriver_studio2/resources/app/resources/win32/components/wch/toolchain/risc-v embedded gcc12/bin/../lib/gcc/riscv-wch-elf/12.2.0/../../../../riscv-wch-elf/lib/rv32imac_zba_zbb_zbc_zbs_xw/ilp32\libm_nano.a(lib_a-wf_exp.o)
 .comment       0x0000000000000031       0x32 e:/wch/mounriver/mounriver_studio2/resources/app/resources/win32/components/wch/toolchain/risc-v embedded gcc12/bin/../lib/gcc/riscv-wch-elf/12.2.0/../../../../riscv-wch-elf/lib/rv32imac_zba_zbb_zbc_zbs_xw/ilp32\libm_nano.a(lib_a-wf_sqrt.o)
 .comment       0x0000000000000031       0x32 e:/wch/mounriver/mounriver_studio2/resources/app/resources/win32/components/wch/toolchain/risc-v embedded gcc12/bin/../lib/gcc/riscv-wch-elf/12.2.0/../../../../riscv-wch-elf/lib/rv32imac_zba_zbb_zbc_zbs_xw/ilp32\libm_nano.a(lib_a-ef_exp.o)
 .comment       0x0000000000000031       0x32 e:/wch/mounriver/mounriver_studio2/resources/app/resources/win32/components/wch/toolchain/risc-v embedded gcc12/bin/../lib/gcc/riscv-wch-elf/12.2.0/../../../../riscv-wch-elf/lib/rv32imac_zba_zbb_zbc_zbs_xw/ilp32\libm_nano.a(lib_a-ef_sqrt.o)
 .comment       0x0000000000000031       0x32 e:/wch/mounriver/mounriver_studio2/resources/app/resources/win32/components/wch/toolchain/risc-v embedded gcc12/bin/../lib/gcc/riscv-wch-elf/12.2.0/../../../../riscv-wch-elf/lib/rv32imac_zba_zbb_zbc_zbs_xw/ilp32\libm_nano.a(lib_a-math_errf.o)
 .comment       0x0000000000000031       0x32 e:/wch/mounriver/mounriver_studio2/resources/app/resources/win32/components/wch/toolchain/risc-v embedded gcc12/bin/../lib/gcc/riscv-wch-elf/12.2.0/../../../../riscv-wch-elf/lib/rv32imac_zba_zbb_zbc_zbs_xw/ilp32\libm_nano.a(lib_a-sf_finite.o)
 .comment       0x0000000000000031       0x32 e:/wch/mounriver/mounriver_studio2/resources/app/resources/win32/components/wch/toolchain/risc-v embedded gcc12/bin/../lib/gcc/riscv-wch-elf/12.2.0/rv32imac_zba_zbb_zbc_zbs_xw/ilp32\libgcc.a(_udivdi3.o)
 .comment       0x0000000000000031       0x32 e:/wch/mounriver/mounriver_studio2/resources/app/resources/win32/components/wch/toolchain/risc-v embedded gcc12/bin/../lib/gcc/riscv-wch-elf/12.2.0/rv32imac_zba_zbb_zbc_zbs_xw/ilp32\libgcc.a(addsf3.o)
 .comment       0x0000000000000031       0x32 e:/wch/mounriver/mounriver_studio2/resources/app/resources/win32/components/wch/toolchain/risc-v embedded gcc12/bin/../lib/gcc/riscv-wch-elf/12.2.0/rv32imac_zba_zbb_zbc_zbs_xw/ilp32\libgcc.a(divsf3.o)
 .comment       0x0000000000000031       0x32 e:/wch/mounriver/mounriver_studio2/resources/app/resources/win32/components/wch/toolchain/risc-v embedded gcc12/bin/../lib/gcc/riscv-wch-elf/12.2.0/rv32imac_zba_zbb_zbc_zbs_xw/ilp32\libgcc.a(gesf2.o)
 .comment       0x0000000000000031       0x32 e:/wch/mounriver/mounriver_studio2/resources/app/resources/win32/components/wch/toolchain/risc-v embedded gcc12/bin/../lib/gcc/riscv-wch-elf/12.2.0/rv32imac_zba_zbb_zbc_zbs_xw/ilp32\libgcc.a(lesf2.o)
 .comment       0x0000000000000031       0x32 e:/wch/mounriver/mounriver_studio2/resources/app/resources/win32/components/wch/toolchain/risc-v embedded gcc12/bin/../lib/gcc/riscv-wch-elf/12.2.0/rv32imac_zba_zbb_zbc_zbs_xw/ilp32\libgcc.a(mulsf3.o)
 .comment       0x0000000000000031       0x32 e:/wch/mounriver/mounriver_studio2/resources/app/resources/win32/components/wch/toolchain/risc-v embedded gcc12/bin/../lib/gcc/riscv-wch-elf/12.2.0/rv32imac_zba_zbb_zbc_zbs_xw/ilp32\libgcc.a(subsf3.o)
 .comment       0x0000000000000031       0x32 e:/wch/mounriver/mounriver_studio2/resources/app/resources/win32/components/wch/toolchain/risc-v embedded gcc12/bin/../lib/gcc/riscv-wch-elf/12.2.0/rv32imac_zba_zbb_zbc_zbs_xw/ilp32\libgcc.a(unordsf2.o)
 .comment       0x0000000000000031       0x32 e:/wch/mounriver/mounriver_studio2/resources/app/resources/win32/components/wch/toolchain/risc-v embedded gcc12/bin/../lib/gcc/riscv-wch-elf/12.2.0/rv32imac_zba_zbb_zbc_zbs_xw/ilp32\libgcc.a(fixsfsi.o)
 .comment       0x0000000000000031       0x32 e:/wch/mounriver/mounriver_studio2/resources/app/resources/win32/components/wch/toolchain/risc-v embedded gcc12/bin/../lib/gcc/riscv-wch-elf/12.2.0/rv32imac_zba_zbb_zbc_zbs_xw/ilp32\libgcc.a(fixunssfsi.o)
 .comment       0x0000000000000031       0x32 e:/wch/mounriver/mounriver_studio2/resources/app/resources/win32/components/wch/toolchain/risc-v embedded gcc12/bin/../lib/gcc/riscv-wch-elf/12.2.0/rv32imac_zba_zbb_zbc_zbs_xw/ilp32\libgcc.a(floatsisf.o)
 .comment       0x0000000000000031       0x32 e:/wch/mounriver/mounriver_studio2/resources/app/resources/win32/components/wch/toolchain/risc-v embedded gcc12/bin/../lib/gcc/riscv-wch-elf/12.2.0/rv32imac_zba_zbb_zbc_zbs_xw/ilp32\libgcc.a(_clz.o)
 .comment       0x0000000000000031       0x32 e:/wch/mounriver/mounriver_studio2/resources/app/resources/win32/components/wch/toolchain/risc-v embedded gcc12/bin/../lib/gcc/riscv-wch-elf/12.2.0/../../../../riscv-wch-elf/lib/rv32imac_zba_zbb_zbc_zbs_xw/ilp32\libg_nano.a(lib_a-errno.o)
 .comment       0x0000000000000031       0x32 e:/wch/mounriver/mounriver_studio2/resources/app/resources/win32/components/wch/toolchain/risc-v embedded gcc12/bin/../lib/gcc/riscv-wch-elf/12.2.0/../../../../riscv-wch-elf/lib/rv32imac_zba_zbb_zbc_zbs_xw/ilp32\libg_nano.a(lib_a-impure.o)
 .comment       0x0000000000000031       0x32 e:/wch/mounriver/mounriver_studio2/resources/app/resources/win32/components/wch/toolchain/risc-v embedded gcc12/bin/../lib/gcc/riscv-wch-elf/12.2.0/../../../../riscv-wch-elf/lib/rv32imac_zba_zbb_zbc_zbs_xw/ilp32\libg_nano.a(lib_a-printf.o)
 .comment       0x0000000000000031       0x32 e:/wch/mounriver/mounriver_studio2/resources/app/resources/win32/components/wch/toolchain/risc-v embedded gcc12/bin/../lib/gcc/riscv-wch-elf/12.2.0/../../../../riscv-wch-elf/lib/rv32imac_zba_zbb_zbc_zbs_xw/ilp32\libg_nano.a(lib_a-findfp.o)
 .comment       0x0000000000000031       0x32 e:/wch/mounriver/mounriver_studio2/resources/app/resources/win32/components/wch/toolchain/risc-v embedded gcc12/bin/../lib/gcc/riscv-wch-elf/12.2.0/../../../../riscv-wch-elf/lib/rv32imac_zba_zbb_zbc_zbs_xw/ilp32\libg_nano.a(lib_a-fwalk.o)
 .comment       0x0000000000000031       0x32 e:/wch/mounriver/mounriver_studio2/resources/app/resources/win32/components/wch/toolchain/risc-v embedded gcc12/bin/../lib/gcc/riscv-wch-elf/12.2.0/../../../../riscv-wch-elf/lib/rv32imac_zba_zbb_zbc_zbs_xw/ilp32\libg_nano.a(lib_a-lock.o)
 .comment       0x0000000000000031       0x32 e:/wch/mounriver/mounriver_studio2/resources/app/resources/win32/components/wch/toolchain/risc-v embedded gcc12/bin/../lib/gcc/riscv-wch-elf/12.2.0/../../../../riscv-wch-elf/lib/rv32imac_zba_zbb_zbc_zbs_xw/ilp32\libg_nano.a(lib_a-nano-mallocr.o)
 .comment       0x0000000000000031       0x32 e:/wch/mounriver/mounriver_studio2/resources/app/resources/win32/components/wch/toolchain/risc-v embedded gcc12/bin/../lib/gcc/riscv-wch-elf/12.2.0/../../../../riscv-wch-elf/lib/rv32imac_zba_zbb_zbc_zbs_xw/ilp32\libg_nano.a(lib_a-nano-vfprintf.o)
 .comment       0x0000000000000031       0x32 e:/wch/mounriver/mounriver_studio2/resources/app/resources/win32/components/wch/toolchain/risc-v embedded gcc12/bin/../lib/gcc/riscv-wch-elf/12.2.0/../../../../riscv-wch-elf/lib/rv32imac_zba_zbb_zbc_zbs_xw/ilp32\libg_nano.a(lib_a-sbrkr.o)
 .comment       0x0000000000000031       0x32 e:/wch/mounriver/mounriver_studio2/resources/app/resources/win32/components/wch/toolchain/risc-v embedded gcc12/bin/../lib/gcc/riscv-wch-elf/12.2.0/../../../../riscv-wch-elf/lib/rv32imac_zba_zbb_zbc_zbs_xw/ilp32\libg_nano.a(lib_a-stdio.o)
 .comment       0x0000000000000031       0x32 e:/wch/mounriver/mounriver_studio2/resources/app/resources/win32/components/wch/toolchain/risc-v embedded gcc12/bin/../lib/gcc/riscv-wch-elf/12.2.0/../../../../riscv-wch-elf/lib/rv32imac_zba_zbb_zbc_zbs_xw/ilp32\libg_nano.a(lib_a-wbuf.o)