Archive member included to satisfy reference by file (symbol)

e:/wch/mounriver/mounriver_studio2/resources/app/resources/win32/components/wch/toolchain/risc-v embedded gcc12/bin/../lib/gcc/riscv-wch-elf/12.2.0/rv32imac_zba_zbb_zbc_zbs_xw/ilp32\libgcc.a(_divdi3.o)
                              ./Peripheral/src/ch32h417_usart.o (__divdi3)
e:/wch/mounriver/mounriver_studio2/resources/app/resources/win32/components/wch/toolchain/risc-v embedded gcc12/bin/../lib/gcc/riscv-wch-elf/12.2.0/rv32imac_zba_zbb_zbc_zbs_xw/ilp32\libgcc.a(_udivdi3.o)
                              ./Peripheral/src/ch32h417_usart.o (__udivdi3)
e:/wch/mounriver/mounriver_studio2/resources/app/resources/win32/components/wch/toolchain/risc-v embedded gcc12/bin/../lib/gcc/riscv-wch-elf/12.2.0/rv32imac_zba_zbb_zbc_zbs_xw/ilp32\libgcc.a(save-restore.o)
                              ./Peripheral/src/ch32h417_flash.o (__riscv_save_7)
e:/wch/mounriver/mounriver_studio2/resources/app/resources/win32/components/wch/toolchain/risc-v embedded gcc12/bin/../lib/gcc/riscv-wch-elf/12.2.0/rv32imac_zba_zbb_zbc_zbs_xw/ilp32\libgcc.a(_clz.o)
                              e:/wch/mounriver/mounriver_studio2/resources/app/resources/win32/components/wch/toolchain/risc-v embedded gcc12/bin/../lib/gcc/riscv-wch-elf/12.2.0/rv32imac_zba_zbb_zbc_zbs_xw/ilp32\libgcc.a(_divdi3.o) (__clz_tab)
e:/wch/mounriver/mounriver_studio2/resources/app/resources/win32/components/wch/toolchain/risc-v embedded gcc12/bin/../lib/gcc/riscv-wch-elf/12.2.0/../../../../riscv-wch-elf/lib/rv32imac_zba_zbb_zbc_zbs_xw/ilp32\libg_nano.a(lib_a-memcpy-asm.o)
                              ./User/main.o (memcpy)

Discarded input sections

 .text          0x0000000000000000        0x0 ./User/ch32h417_it.o
 .data          0x0000000000000000        0x0 ./User/ch32h417_it.o
 .bss           0x0000000000000000        0x0 ./User/ch32h417_it.o
 .text          0x0000000000000000        0x0 ./User/main.o
 .data          0x0000000000000000        0x0 ./User/main.o
 .bss           0x0000000000000000        0x0 ./User/main.o
 .text          0x0000000000000000        0x0 ./User/system_ch32h417.o
 .data          0x0000000000000000        0x0 ./User/system_ch32h417.o
 .bss           0x0000000000000000        0x0 ./User/system_ch32h417.o
 .text          0x0000000000000000        0x0 ./Startup/startup_ch32h417_v5f.o
 .data          0x0000000000000000        0x0 ./Startup/startup_ch32h417_v5f.o
 .bss           0x0000000000000000        0x0 ./Startup/startup_ch32h417_v5f.o
 .text          0x0000000000000000        0x0 ./Peripheral/src/ch32h417_adc.o
 .data          0x0000000000000000        0x0 ./Peripheral/src/ch32h417_adc.o
 .bss           0x0000000000000000        0x0 ./Peripheral/src/ch32h417_adc.o
 .text.ADC_DeInit
                0x0000000000000000       0x5a ./Peripheral/src/ch32h417_adc.o
 .text.ADC_Init
                0x0000000000000000       0x56 ./Peripheral/src/ch32h417_adc.o
 .text.ADC_StructInit
                0x0000000000000000       0x1a ./Peripheral/src/ch32h417_adc.o
 .text.ADC_Cmd  0x0000000000000000       0x10 ./Peripheral/src/ch32h417_adc.o
 .text.ADC_DMACmd
                0x0000000000000000       0x12 ./Peripheral/src/ch32h417_adc.o
 .text.ADC_ITConfig
                0x0000000000000000       0x16 ./Peripheral/src/ch32h417_adc.o
 .text.ADC_ResetCalibration
                0x0000000000000000        0xa ./Peripheral/src/ch32h417_adc.o
 .text.ADC_GetResetCalibrationStatus
                0x0000000000000000        0x8 ./Peripheral/src/ch32h417_adc.o
 .text.ADC_StartCalibration
                0x0000000000000000       0x14 ./Peripheral/src/ch32h417_adc.o
 .text.ADC_GetCalibrationStatus
                0x0000000000000000        0x8 ./Peripheral/src/ch32h417_adc.o
 .text.ADC_SoftwareStartConvCmd
                0x0000000000000000       0x18 ./Peripheral/src/ch32h417_adc.o
 .text.ADC_GetSoftwareStartConvStatus
                0x0000000000000000        0x8 ./Peripheral/src/ch32h417_adc.o
 .text.ADC_DiscModeChannelCountConfig
                0x0000000000000000       0x12 ./Peripheral/src/ch32h417_adc.o
 .text.ADC_DiscModeCmd
                0x0000000000000000       0x12 ./Peripheral/src/ch32h417_adc.o
 .text.ADC_RegularChannelConfig
                0x0000000000000000       0xaa ./Peripheral/src/ch32h417_adc.o
 .text.ADC_ExternalTrigConvCmd
                0x0000000000000000       0x12 ./Peripheral/src/ch32h417_adc.o
 .text.ADC_GetConversionValue
                0x0000000000000000        0x8 ./Peripheral/src/ch32h417_adc.o
 .text.ADC_GetDualModeConversionValue
                0x0000000000000000        0xa ./Peripheral/src/ch32h417_adc.o
 .text.ADC_AutoInjectedConvCmd
                0x0000000000000000       0x12 ./Peripheral/src/ch32h417_adc.o
 .text.ADC_InjectedDiscModeCmd
                0x0000000000000000       0x12 ./Peripheral/src/ch32h417_adc.o
 .text.ADC_ExternalTrigInjectedConvConfig
                0x0000000000000000        0xe ./Peripheral/src/ch32h417_adc.o
[...]
Memory Configuration

Name             Origin             Length             Attributes
FLASH            0x0000000000040000 0x0000000000020000 xr
RAM_CODE         0x00000000200a0000 0x0000000000020000 xrw
RAM              0x00000000200c0300 0x000000000003fd00 xrw
RAM_LOAD         0x00000000200c0200 0x0000000000000100 xrw
*default*        0x0000000000000000 0xffffffffffffffff

Linker script and memory map

LOAD ./User/ch32h417_it.o
LOAD ./User/main.o
LOAD ./User/system_ch32h417.o
LOAD ./Startup/startup_ch32h417_v5f.o
LOAD ./Peripheral/src/ch32h417_adc.o
LOAD ./Peripheral/src/ch32h417_can.o
LOAD ./Peripheral/src/ch32h417_crc.o
LOAD ./Peripheral/src/ch32h417_dac.o
LOAD ./Peripheral/src/ch32h417_dbgmcu.o
LOAD ./Peripheral/src/ch32h417_dfsdm.o
LOAD ./Peripheral/src/ch32h417_dma.o
LOAD ./Peripheral/src/ch32h417_dvp.o
LOAD ./Peripheral/src/ch32h417_ecdc.o
LOAD ./Peripheral/src/ch32h417_eth.o
LOAD ./Peripheral/src/ch32h417_exti.o
LOAD ./Peripheral/src/ch32h417_flash.o
LOAD ./Peripheral/src/ch32h417_fmc.o
LOAD ./Peripheral/src/ch32h417_gpha.o
LOAD ./Peripheral/src/ch32h417_gpio.o
LOAD ./Peripheral/src/ch32h417_hsadc.o
LOAD ./Peripheral/src/ch32h417_hsem.o
LOAD ./Peripheral/src/ch32h417_i2c.o
LOAD ./Peripheral/src/ch32h417_i3c.o
LOAD ./Peripheral/src/ch32h417_ipc.o
LOAD ./Peripheral/src/ch32h417_iwdg.o
LOAD ./Peripheral/src/ch32h417_lptim.o
LOAD ./Peripheral/src/ch32h417_ltdc.o
LOAD ./Peripheral/src/ch32h417_opa.o
LOAD ./Peripheral/src/ch32h417_pwr.o
LOAD ./Peripheral/src/ch32h417_qspi.o
LOAD ./Peripheral/src/ch32h417_rcc.o
LOAD ./Peripheral/src/ch32h417_rng.o
LOAD ./Peripheral/src/ch32h417_rtc.o
LOAD ./Peripheral/src/ch32h417_sai.o
LOAD ./Peripheral/src/ch32h417_sdio.o
LOAD ./Peripheral/src/ch32h417_sdmmc.o
LOAD ./Peripheral/src/ch32h417_serdes.o
LOAD ./Peripheral/src/ch32h417_spi.o
LOAD ./Peripheral/src/ch32h417_swpmi.o
LOAD ./Peripheral/src/ch32h417_tim.o
LOAD ./Peripheral/src/ch32h417_usart.o
LOAD ./Peripheral/src/ch32h417_wwdg.o
LOAD ./Debug/debug.o
LOAD ./Core/core_riscv.o
LOAD ./Common/hardware.o
LOAD e:/wch/mounriver/mounriver_studio2/resources/app/resources/win32/components/wch/toolchain/risc-v embedded gcc12/bin/../lib/gcc/riscv-wch-elf/12.2.0/../../../../riscv-wch-elf/lib/rv32imac_zba_zbb_zbc_zbs_xw/ilp32\libm_nano.a
LOAD e:/wch/mounriver/mounriver_studio2/resources/app/resources/win32/components/wch/toolchain/risc-v embedded gcc12/bin/../lib/gcc/riscv-wch-elf/12.2.0/rv32imac_zba_zbb_zbc_zbs_xw/ilp32\libgcc.a
LOAD e:/wch/mounriver/mounriver_studio2/resources/app/resources/win32/components/wch/toolchain/risc-v embedded gcc12/bin/../lib/gcc/riscv-wch-elf/12.2.0/../../../../riscv-wch-elf/lib/rv32imac_zba_zbb_zbc_zbs_xw/ilp32\libg_nano.a
LOAD e:/wch/mounriver/mounriver_studio2/resources/app/resources/win32/components/wch/toolchain/risc-v embedded gcc12/bin/../lib/gcc/riscv-wch-elf/12.2.0/../../../../riscv-wch-elf/lib/rv32imac_zba_zbb_zbc_zbs_xw/ilp32\libc_nano.a
LOAD e:/wch/mounriver/mounriver_studio2/resources/app/resources/win32/components/wch/toolchain/risc-v embedded gcc12/bin/../lib/gcc/riscv-wch-elf/12.2.0/rv32imac_zba_zbb_zbc_zbs_xw/ilp32\libgcc.a
START GROUP
LOAD e:/wch/mounriver/mounriver_studio2/resources/app/resources/win32/components/wch/toolchain/risc-v embedded gcc12/bin/../lib/gcc/riscv-wch-elf/12.2.0/rv32imac_zba_zbb_zbc_zbs_xw/ilp32\libgcc.a
LOAD e:/wch/mounriver/mounriver_studio2/resources/app/resources/win32/components/wch/toolchain/risc-v embedded gcc12/bin/../lib/gcc/riscv-wch-elf/12.2.0/../../../../riscv-wch-elf/lib/rv32imac_zba_zbb_zbc_zbs_xw/ilp32\libc_nano.a
LOAD e:/wch/mounriver/mounriver_studio2/resources/app/resources/win32/components/wch/toolchain/risc-v embedded gcc12/bin/../lib/gcc/riscv-wch-elf/12.2.0/../../../../riscv-wch-elf/lib/rv32imac_zba_zbb_zbc_zbs_xw/ilp32\libnosys.a
END GROUP
START GROUP
LOAD e:/wch/mounriver/mounriver_studio2/resources/app/resources/win32/components/wch/toolchain/risc-v embedded gcc12/bin/../lib/gcc/riscv-wch-elf/12.2.0/rv32imac_zba_zbb_zbc_zbs_xw/ilp32\libgcc.a
LOAD e:/wch/mounriver/mounriver_studio2/resources/app/resources/win32/components/wch/toolchain/risc-v embedded gcc12/bin/../lib/gcc/riscv-wch-elf/12.2.0/../../../../riscv-wch-elf/lib/rv32imac_zba_zbb_zbc_zbs_xw/ilp32\libc_nano.a
LOAD e:/wch/mounriver/mounriver_studio2/resources/app/resources/win32/components/wch/toolchain/risc-v embedded gcc12/bin/../lib/gcc/riscv-wch-elf/12.2.0/../../../../riscv-wch-elf/lib/rv32imac_zba_zbb_zbc_zbs_xw/ilp32\libnosys.a
END GROUP
                0x0000000000000800                __stack_size = 0x800
                [!provide]                        PROVIDE (_stack_size = __stack_size)

.init           0x0000000000040000        0x8
                0x0000000000040000                _sinit = .
                0x0000000000040000                . = ALIGN (0x4)
 *(SORT_NONE(.init))
 .init          0x0000000000040000        0x6 ./Startup/startup_ch32h417_v5f.o
                0x0000000000040000                _start
                0x0000000000040008                . = ALIGN (0x4)
 *fill*         0x0000000000040006        0x2 
                0x0000000000040008                _einit = .

.loadcodelalign
                0x0000000000040008        0x0
                0x0000000000040008                . = ALIGN (0x4)
                0x0000000000040008                PROVIDE (_loadcode_lma = .)

.loadcode       0x00000000200c0200       0xd8 load address 0x0000000000040008
                0x00000000200c0200                . = ALIGN (0x4)
                0x00000000200c0200                PROVIDE (_loadcode_vma_start = .)
 *(.load)
 .load          0x00000000200c0200       0xd8 ./Startup/startup_ch32h417_v5f.o
                0x00000000200c02d8                . = ALIGN (0x4)
                0x00000000200c02d8                PROVIDE (_loadcode_vma_end = .)

.highcodelalign
                0x00000000000400e0        0x0
                0x00000000000400e0                . = ALIGN (0x4)
                0x00000000000400e0                PROVIDE (_highcode_lma = .)

.highcode       0x00000000200a0000      0x758 load address 0x00000000000400e0
                0x00000000200a0000                . = ALIGN (0x4)
                0x00000000200a0000                PROVIDE (_highcode_vma_start = .)
 *(.vector)
 .vector        0x00000000200a0000      0x254 ./Startup/startup_ch32h417_v5f.o
 *(SORT_NONE(.vector_handler))
 *(.text)
 .text          0x00000000200a0254       0x60 e:/wch/mounriver/mounriver_studio2/resources/app/resources/win32/components/wch/toolchain/risc-v embedded gcc12/bin/../lib/gcc/riscv-wch-elf/12.2.0/rv32imac_zba_zbb_zbc_zbs_xw/ilp32\libgcc.a(save-restore.o)
                0x00000000200a0254                __riscv_save_12
                0x00000000200a025c                __riscv_save_9
                0x00000000200a025c                __riscv_save_11
                0x00000000200a025c                __riscv_save_10
                0x00000000200a025c                __riscv_save_8
                0x00000000200a026a                __riscv_save_4
                0x00000000200a026a                __riscv_save_6
                0x00000000200a026a                __riscv_save_5
                0x00000000200a026a                __riscv_save_7
                0x00000000200a0284                __riscv_save_3
                0x00000000200a0284                __riscv_save_2
                0x00000000200a0284                __riscv_save_1
                0x00000000200a0284                __riscv_save_0
                0x00000000200a0290                __riscv_restore_12
                0x00000000200a0294                __riscv_restore_11
                0x00000000200a0294                __riscv_restore_9
                0x00000000200a0294                __riscv_restore_10
                0x00000000200a0294                __riscv_restore_8
                0x00000000200a029e                __riscv_restore_5
                0x00000000200a029e                __riscv_restore_7
                0x00000000200a029e                __riscv_restore_6
                0x00000000200a029e                __riscv_restore_4
                0x00000000200a02a8                __riscv_restore_3
                0x00000000200a02a8                __riscv_restore_0
                0x00000000200a02a8                __riscv_restore_2
                0x00000000200a02a8                __riscv_restore_1
 .text          0x00000000200a02b4       0x16 e:/wch/mounriver/mounriver_studio2/resources/app/resources/win32/components/wch/toolchain/risc-v embedded gcc12/bin/../lib/gcc/riscv-wch-elf/12.2.0/../../../../riscv-wch-elf/lib/rv32imac_zba_zbb_zbc_zbs_xw/ilp32\libg_nano.a(lib_a-memcpy-asm.o)
                0x00000000200a02b4                memcpy
 *(.text.*)
 .text.dbg_putc
                0x00000000200a02ca       0x24 ./User/ch32h417_it.o
 .text.dbg_puts
                0x00000000200a02ee       0x14 ./User/ch32h417_it.o
 .text.dbg_hex  0x00000000200a0302       0x34 ./User/ch32h417_it.o
 .text.NMI_Handler
                0x00000000200a0336        0x2 ./User/ch32h417_it.o
                0x00000000200a0336                NMI_Handler
 .text.HardFault_Handler
                0x00000000200a0338       0x5c ./User/ch32h417_it.o
                0x00000000200a0338                HardFault_Handler
 .text.send_byte
                0x00000000200a0394       0x22 ./User/main.o
 .text.send_str
                0x00000000200a03b6       0x18 ./User/main.o
 .text.send_hex
                0x00000000200a03ce       0x40 ./User/main.o
 .text.startup.main
                0x00000000200a040e      0x168 ./User/main.o
                0x00000000200a040e                main
 .text.SystemAndCoreClockUpdate
                0x00000000200a0576      0x16e ./User/system_ch32h417.o
                0x00000000200a0576                SystemAndCoreClockUpdate
 .text.vector_handler
                0x00000000200a06e4        0x2 ./Startup/startup_ch32h417_v5f.o
                0x00000000200a06e4                TIM8_TRG_COM_IRQHandler
                0x00000000200a06e4                TIM8_CC_IRQHandler
                0x00000000200a06e4                USART_WKUP_IRQHandler
                0x00000000200a06e4                SPI4_IRQHandler
                0x00000000200a06e4                DFSDM0_IRQHandler
                0x00000000200a06e4                TIM1_CC_IRQHandler
                0x00000000200a06e4                TIM10_IRQHandler
                0x00000000200a06e4                IPC_CH2_Handler
                0x00000000200a06e4                USBPD_IRQHandler
                0x00000000200a06e4                TIM6_IRQHandler
                0x00000000200a06e4                CAN3_RX1_IRQHandler
                0x00000000200a06e4                I3C_ER_IRQHandler
                0x00000000200a06e4                SDIO_IRQHandler
                0x00000000200a06e4                DMA2_Channel8_IRQHandler
                0x00000000200a06e4                CAN2_RX1_IRQHandler
                0x00000000200a06e4                HSEM_Handler
                0x00000000200a06e4                USBHS_IRQHandler
                0x00000000200a06e4                LPTIM2_IRQHandler
                0x00000000200a06e4                USBFSWakeup_IRQHandler
                0x00000000200a06e4                I2C3_ER_IRQHandler
                0x00000000200a06e4                USBFS_IRQHandler
                0x00000000200a06e4                USART8_IRQHandler
                0x00000000200a06e4                I2C2_EV_IRQHandler
                0x00000000200a06e4                CAN1_RX0_IRQHandler
                0x00000000200a06e4                CAN3_SCE_IRQHandler
                0x00000000200a06e4                CAN2_SCE_IRQHandler
                0x00000000200a06e4                ADC1_2_IRQHandler
                0x00000000200a06e4                Break_Point_Handler
                0x00000000200a06e4                IPC_CH0_Handler
                0x00000000200a06e4                SPI1_IRQHandler
                0x00000000200a06e4                USART5_IRQHandler
                0x00000000200a06e4                SysTick0_Handler
                0x00000000200a06e4                EXTI7_0_IRQHandler
                0x00000000200a06e4                CAN2_RX0_IRQHandler
                0x00000000200a06e4                TIM8_UP_IRQHandler
                0x00000000200a06e4                Ecall_M_Mode_Handler
                0x00000000200a06e4                ECDC_IRQHandler
                0x00000000200a06e4                SDMMC_IRQHandler
                0x00000000200a06e4                USART7_IRQHandler
                0x00000000200a06e4                DMA2_Channel2_IRQHandler
                0x00000000200a06e4                DMA1_Channel4_IRQHandler
                0x00000000200a06e4                USART6_IRQHandler
                0x00000000200a06e4                CAN3_RX0_IRQHandler
                0x00000000200a06e4                HSADC_IRQHandler
                0x00000000200a06e4                USART3_IRQHandler
                0x00000000200a06e4                RTC_IRQHandler
                0x00000000200a06e4                DMA1_Channel7_IRQHandler
                0x00000000200a06e4                CAN1_RX1_IRQHandler
                0x00000000200a06e4                DVP_IRQHandler
                0x00000000200a06e4                USBSS_IRQHandler
                0x00000000200a06e4                SWPMI_IRQHandler
                0x00000000200a06e4                USBPDWakeUp_IRQHandler
                0x00000000200a06e4                EXTI15_8_IRQHandler
                0x00000000200a06e4                TIM4_IRQHandler
                0x00000000200a06e4                DMA2_Channel1_IRQHandler
                0x00000000200a06e4                SWPMI_WKUP_IRQHandler
                0x00000000200a06e4                I2C1_EV_IRQHandler
                0x00000000200a06e4                USBSSWakeup_IRQHandler
                0x00000000200a06e4                USART4_IRQHandler
                0x00000000200a06e4                DMA1_Channel6_IRQHandler
                0x00000000200a06e4                DMA2_Channel4_IRQHandler
                0x00000000200a06e4                TIM3_IRQHandler
                0x00000000200a06e4                RCC_IRQHandler
                0x00000000200a06e4                TIM1_TRG_COM_IRQHandler
                0x00000000200a06e4                DMA1_Channel1_IRQHandler
                0x00000000200a06e4                DMA2_Channel7_IRQHandler
                0x00000000200a06e4                QSPI1_IRQHandler
                0x00000000200a06e4                DMA1_Channel8_IRQHandler
                0x00000000200a06e4                IPC_CH3_Handler
                0x00000000200a06e4                I3C_EV_IRQHandler
                0x00000000200a06e4                I3C_WKUP_IRQHandler
                0x00000000200a06e4                TIM12_IRQHandler
                0x00000000200a06e4                TIM7_IRQHandler
                0x00000000200a06e4                CAN2_TX_IRQHandler
                0x00000000200a06e4                TIM5_IRQHandler
                0x00000000200a06e4                I2C3_EV_IRQHandler
                0x00000000200a06e4                PIOC_IRQHandler
                0x00000000200a06e4                TIM9_IRQHandler
                0x00000000200a06e4                LTDC_IRQHandler
                0x00000000200a06e4                SAI_IRQHandler
                0x00000000200a06e4                ETH_WKUP_IRQHandler
                0x00000000200a06e4                SPI2_IRQHandler
                0x00000000200a06e4                IPC_CH1_Handler
                0x00000000200a06e4                LPTIM1_WKUP_IRQHandler
                0x00000000200a06e4                CAN1_TX_IRQHandler
                0x00000000200a06e4                DMA2_Channel5_IRQHandler
                0x00000000200a06e4                DMA1_Channel5_IRQHandler
                0x00000000200a06e4                QSPI2_IRQHandler
                0x00000000200a06e4                RNG_IRQHandler
                0x00000000200a06e4                DMA1_Channel3_IRQHandler
                0x00000000200a06e4                ETH_IRQHandler
                0x00000000200a06e4                TIM1_UP_IRQHandler
                0x00000000200a06e4                WWDG_IRQHandler
                0x00000000200a06e4                USBHSWakeup_IRQHandler
                0x00000000200a06e4                Ecall_U_Mode_Handler
                0x00000000200a06e4                I2C4_EV_IRQHandler
                0x00000000200a06e4                CAN3_TX_IRQHandler
                0x00000000200a06e4                DMA2_Channel6_IRQHandler
                0x00000000200a06e4                TIM2_IRQHandler
                0x00000000200a06e4                SW_Handler
                0x00000000200a06e4                TIM1_BRK_IRQHandler
                0x00000000200a06e4                GPHA_IRQHandler
                0x00000000200a06e4                LPTIM2_WKUP_IRQHandler
                0x00000000200a06e4                RTCAlarm_IRQHandler
                0x00000000200a06e4                TIM11_IRQHandler
                0x00000000200a06e4                USART2_IRQHandler
                0x00000000200a06e4                UHSIF_IRQHandler
                0x00000000200a06e4                I2C2_ER_IRQHandler
                0x00000000200a06e4                DMA1_Channel2_IRQHandler
                0x00000000200a06e4                TIM8_BRK_IRQHandler
                0x00000000200a06e4                CAN1_SCE_IRQHandler
                0x00000000200a06e4                FLASH_IRQHandler
                0x00000000200a06e4                USART1_IRQHandler
                0x00000000200a06e4                SPI3_IRQHandler
                0x00000000200a06e4                I2C1_ER_IRQHandler
                0x00000000200a06e4                FMC_IRQHandler
                0x00000000200a06e4                SysTick1_Handler
                0x00000000200a06e4                LPTIM1_IRQHandler
                0x00000000200a06e4                DFSDM1_IRQHandler
                0x00000000200a06e4                I2C4_ER_IRQHandler
                0x00000000200a06e4                SERDES_IRQHandler
                0x00000000200a06e4                USBSS_LINK_IRQHandler
                0x00000000200a06e4                DMA2_Channel3_IRQHandler
 .text.USART_SendData
                0x00000000200a06e6        0x8 ./Peripheral/src/ch32h417_usart.o
                0x00000000200a06e6                USART_SendData
 .text.USART_GetFlagStatus
                0x00000000200a06ee        0xa ./Peripheral/src/ch32h417_usart.o
                0x00000000200a06ee                USART_GetFlagStatus
 .text.Delay_Init
                0x00000000200a06f8       0x22 ./Debug/debug.o
                0x00000000200a06f8                Delay_Init
 .text.Delay_Ms
                0x00000000200a071a       0x3e ./Debug/debug.o
                0x00000000200a071a                Delay_Ms
 *(.sdata2.*)
 *(.glue_7)
 *(.glue_7t)
 *(.gnu.linkonce.t.*)
                0x00000000200a0758                . = ALIGN (0x4)
 *fill*         0x00000000200a0758        0x0 
                0x00000000200a0758                PROVIDE (_highcode_vma_end = .)

.rodata_flash   0x0000000000040838      0x1fc
                0x0000000000040838                . = ALIGN (0x4)
 *(.rodata)
 *(.rodata*)
 .rodata.dbg_hex.str1.4
                0x0000000000040838        0x3 ./User/ch32h417_it.o
 *fill*         0x000000000004083b        0x1 
 .rodata.HardFault_Handler.str1.4
                0x000000000004083c       0x24 ./User/ch32h417_it.o
                                         0x27 (size before relaxing)
 .rodata.send_hex.str1.4
                0x0000000000040860       0x11 ./User/main.o
                                         0x15 (size before relaxing)
 *fill*         0x0000000000040871        0x3 
 .rodata.main.str1.4
                0x0000000000040874      0x1c0 ./User/main.o
                                        0x1c4 (size before relaxing)
                0x0000000000040a34                . = ALIGN (0x4)

.text           0x0000000000040a34       0x54
                0x0000000000040a34                . = ALIGN (0x4)
 *(SORT_NONE(.handle_reset))
 .handle_reset  0x0000000000040a34       0x52 ./Startup/startup_ch32h417_v5f.o
                0x0000000000040a34                handle_reset
                0x0000000000040a88                . = ALIGN (0x4)
 *fill*         0x0000000000040a86        0x2 

.rela.dyn       0x0000000000040a88        0x0
 .rela.init     0x0000000000040a88        0x0 ./User/ch32h417_it.o
 .rela.vector   0x0000000000040a88        0x0 ./User/ch32h417_it.o
 .rela.load     0x0000000000040a88        0x0 ./User/ch32h417_it.o
 .rela.handle_reset
                0x0000000000040a88        0x0 ./User/ch32h417_it.o

.highcodelalign1
                0x0000000000040a88        0x0
                0x0000000000040a88                . = ALIGN (0x4)
                0x0000000000040a88                PROVIDE (_highcode_lma1 = .)

.fini           0x00000000200a0758        0x0 load address 0x0000000000040a88
                0x00000000200a0758                . = ALIGN (0x4)
                0x00000000200a0758                PROVIDE (_highcode_vma_start1 = .)
 *(SORT_NONE(.fini))
                0x00000000200a0758                . = ALIGN (0x4)
                [!provide]                        PROVIDE (_etext = .)
                [!provide]                        PROVIDE (_eitcm = .)

.preinit_array  0x00000000200a0758        0x0 load address 0x0000000000040a88
                [!provide]                        PROVIDE (__preinit_array_start = .)
 *(.preinit_array)
                [!provide]                        PROVIDE (__preinit_array_end = .)

.init_array     0x00000000200a0758        0x0 load address 0x0000000000040a88
                [!provide]                        PROVIDE (__init_array_start = .)
 *(SORT_BY_INIT_PRIORITY(.init_array.*) SORT_BY_INIT_PRIORITY(.ctors.*))
 *(.init_array EXCLUDE_FILE(*crtend?.o *crtend.o *crtbegin?.o *crtbegin.o) .ctors)
                [!provide]                        PROVIDE (__init_array_end = .)

.fini_array     0x00000000200a0758        0x0 load address 0x0000000000040a88
                [!provide]                        PROVIDE (__fini_array_start = .)
 *(SORT_BY_INIT_PRIORITY(.fini_array.*) SORT_BY_INIT_PRIORITY(.dtors.*))
 *(.fini_array EXCLUDE_FILE(*crtend?.o *crtend.o *crtbegin?.o *crtbegin.o) .dtors)
                [!provide]                        PROVIDE (__fini_array_end = .)

.ctors
 *crtbegin.o(.ctors)
 *crtbegin?.o(.ctors)
 *(EXCLUDE_FILE(*crtend?.o *crtend.o) .ctors)
 *(SORT_BY_NAME(.ctors.*))
 *(.ctors)

.dtors          0x00000000200a0758        0x0 load address 0x0000000000040a88
 *crtbegin.o(.dtors)
 *crtbegin?.o(.dtors)
 *(EXCLUDE_FILE(*crtend?.o *crtend.o) .dtors)
 *(SORT_BY_NAME(.dtors.*))
 *(.dtors)
                0x00000000200a0758                . = ALIGN (0x4)
                0x00000000200a0758                PROVIDE (_highcode_vma_end1 = .)

.dalign         0x00000000200c0300        0x0 load address 0x0000000000040a88
                0x00000000200c0300                . = ALIGN (0x4)
                0x00000000200c0300                PROVIDE (_data_vma = .)

.dlalign        0x0000000000040a88        0x0
                0x0000000000040a88                . = ALIGN (0x4)
                0x0000000000040a88                PROVIDE (_data_lma = .)

.data           0x00000000200c0300       0x48 load address 0x0000000000040a88
                0x00000000200c0300                . = ALIGN (0x4)
 *(.gnu.linkonce.r.*)
 *(.data .data.*)
 .data.SERDESPLLMULTB
                0x00000000200c0300       0x10 ./User/system_ch32h417.o
 .data.HBPrescTB
                0x00000000200c0310       0x10 ./User/system_ch32h417.o
 .data.PLLMULTB
                0x00000000200c0320       0x20 ./User/system_ch32h417.o
 *(.gnu.linkonce.d.*)
                0x00000000200c0340                . = ALIGN (0x8)
                0x00000000200c0b40                PROVIDE (__global_pointer$ = (. + 0x800))
 *(.sdata .sdata.*)
 .sdata.FPRETB  0x00000000200c0340        0x4 ./User/system_ch32h417.o
 *(.sdata2.*)
 *(.gnu.linkonce.s.*)
                0x00000000200c0348                . = ALIGN (0x8)
 *fill*         0x00000000200c0344        0x4 
 *(.srodata.cst16)
 *(.srodata.cst8)
 *(.srodata.cst4)
 *(.srodata.cst2)
 *(.srodata .srodata.*)
                0x00000000200c0348                . = ALIGN (0x4)
                0x00000000200c0348                PROVIDE (_edata = .)

.bss            0x00000000200c0348       0x14 load address 0x0000000000040ad0
                0x00000000200c0348                . = ALIGN (0x4)
                0x00000000200c0348                PROVIDE (_sbss = .)
 *(.sbss*)
 .sbss.SystemCoreClock
                0x00000000200c0348        0x4 ./User/system_ch32h417.o
                0x00000000200c0348                SystemCoreClock
 .sbss.SystemClock
                0x00000000200c034c        0x4 ./User/system_ch32h417.o
                0x00000000200c034c                SystemClock
 .sbss.HCLKClock
                0x00000000200c0350        0x4 ./User/system_ch32h417.o
                0x00000000200c0350                HCLKClock
 .sbss.p_ms     0x00000000200c0354        0x4 ./Debug/debug.o
 .sbss.p_us     0x00000000200c0358        0x2 ./Debug/debug.o
 *(.gnu.linkonce.sb.*)
 *(.bss*)
 *(.gnu.linkonce.b.*)
 *(COMMON*)
                0x00000000200c035c                . = ALIGN (0x4)
 *fill*         0x00000000200c035a        0x2 
                0x00000000200c035c                PROVIDE (_ebss = .)
                0x00000000200c035c                PROVIDE (_end = _ebss)
                [!provide]                        PROVIDE (end = .)

.stack          0x00000000200ff800      0x800
                0x00000000200ff800                PROVIDE (_heap_end = .)
                0x00000000200ff800                . = ALIGN (0x4)
                [!provide]                        PROVIDE (_susrstack = .)
                0x0000000020100000                . = (. + __stack_size)
 *fill*         0x00000000200ff800      0x800 
                0x0000000020100000                PROVIDE (_eusrstack = .)
OUTPUT(DVP_UART_V5F.elf elf32-littleriscv)

.debug_info     0x0000000000000000     0x25f2
 .debug_info    0x0000000000000000      0x702 ./User/ch32h417_it.o
 .debug_info    0x0000000000000702      0x6b9 ./User/main.o
 .debug_info    0x0000000000000dbb      0x5df ./User/system_ch32h417.o
 .debug_info    0x000000000000139a       0x23 ./Startup/startup_ch32h417_v5f.o
 .debug_info    0x00000000000013bd      0xb26 ./Peripheral/src/ch32h417_usart.o
 .debug_info    0x0000000000001ee3      0x70f ./Debug/debug.o

.debug_abbrev   0x0000000000000000      0xa22
 .debug_abbrev  0x0000000000000000      0x236 ./User/ch32h417_it.o
 .debug_abbrev  0x0000000000000236      0x208 ./User/main.o
 .debug_abbrev  0x000000000000043e      0x186 ./User/system_ch32h417.o
 .debug_abbrev  0x00000000000005c4       0x12 ./Startup/startup_ch32h417_v5f.o
 .debug_abbrev  0x00000000000005d6      0x210 ./Peripheral/src/ch32h417_usart.o
 .debug_abbrev  0x00000000000007e6      0x23c ./Debug/debug.o

.debug_loclists
                0x0000000000000000      0xbbd
 .debug_loclists
                0x0000000000000000       0x90 ./User/ch32h417_it.o
 .debug_loclists
                0x0000000000000090      0x187 ./User/main.o
 .debug_loclists
                0x0000000000000217      0x1b5 ./User/system_ch32h417.o
 .debug_loclists
                0x00000000000003cc      0x6d8 ./Peripheral/src/ch32h417_usart.o
 .debug_loclists
                0x0000000000000aa4      0x119 ./Debug/debug.o

.debug_aranges  0x0000000000000000      0x218
 .debug_aranges
                0x0000000000000000       0x40 ./User/ch32h417_it.o
 .debug_aranges
                0x0000000000000040       0x38 ./User/main.o
 .debug_aranges
                0x0000000000000078       0x20 ./User/system_ch32h417.o
 .debug_aranges
                0x0000000000000098       0x38 ./Startup/startup_ch32h417_v5f.o
 .debug_aranges
                0x00000000000000d0      0x100 ./Peripheral/src/ch32h417_usart.o
 .debug_aranges
                0x00000000000001d0       0x48 ./Debug/debug.o

.debug_rnglists
                0x0000000000000000      0x280
 .debug_rnglists
                0x0000000000000000       0x56 ./User/ch32h417_it.o
 .debug_rnglists
                0x0000000000000056       0x86 ./User/main.o
 .debug_rnglists
                0x00000000000000dc       0x29 ./User/system_ch32h417.o
 .debug_rnglists
                0x0000000000000105       0x26 ./Startup/startup_ch32h417_v5f.o
 .debug_rnglists
                0x000000000000012b      0x112 ./Peripheral/src/ch32h417_usart.o
 .debug_rnglists
                0x000000000000023d       0x43 ./Debug/debug.o

.debug_line     0x0000000000000000     0x2158
 .debug_line    0x0000000000000000      0x2ed ./User/ch32h417_it.o
 .debug_line    0x00000000000002ed      0x4f0 ./User/main.o
 .debug_line    0x00000000000007dd      0x372 ./User/system_ch32h417.o
 .debug_line    0x0000000000000b4f      0x1f7 ./Startup/startup_ch32h417_v5f.o
 .debug_line    0x0000000000000d46      0xeb8 ./Peripheral/src/ch32h417_usart.o
 .debug_line    0x0000000000001bfe      0x55a ./Debug/debug.o

.debug_str      0x0000000000000000      0xc21
 .debug_str     0x0000000000000000      0x300 ./User/ch32h417_it.o
                                        0x363 (size before relaxing)
 .debug_str     0x0000000000000300       0xbd ./User/main.o
                                        0x329 (size before relaxing)
 .debug_str     0x00000000000003bd       0xe4 ./User/system_ch32h417.o
                                        0x3a6 (size before relaxing)
 .debug_str     0x00000000000004a1       0x9a ./Startup/startup_ch32h417_v5f.o
 .debug_str     0x000000000000053b      0x4bd ./Peripheral/src/ch32h417_usart.o
                                        0x738 (size before relaxing)
 .debug_str     0x00000000000009f8      0x229 ./Debug/debug.o
                                        0x556 (size before relaxing)

.debug_line_str
                0x0000000000000000      0x4bc
 .debug_line_str
                0x0000000000000000      0x258 ./User/ch32h417_it.o
                                        0x2c2 (size before relaxing)
 .debug_line_str
                0x0000000000000258       0x81 ./User/main.o
                                        0x31f (size before relaxing)
 .debug_line_str
                0x00000000000002d9       0x1a ./User/system_ch32h417.o
                                        0x2d9 (size before relaxing)
 .debug_line_str
                0x00000000000002f3       0x4b ./Startup/startup_ch32h417_v5f.o
                                         0xa5 (size before relaxing)
 .debug_line_str
                0x000000000000033e       0x96 ./Peripheral/src/ch32h417_usart.o
                                        0x306 (size before relaxing)
 .debug_line_str
                0x00000000000003d4       0xe8 ./Debug/debug.o
                                        0x3dd (size before relaxing)

.comment        0x0000000000000000       0x31
 .comment       0x0000000000000000       0x31 ./User/ch32h417_it.o
                                         0x32 (size before relaxing)
 .comment       0x0000000000000031       0x32 ./User/main.o
 .comment       0x0000000000000031       0x32 ./User/system_ch32h417.o
 .comment       0x0000000000000031       0x32 ./Peripheral/src/ch32h417_usart.o
 .comment       0x0000000000000031       0x32 ./Debug/debug.o

.riscv.attributes
                0x0000000000000000       0x56
 .riscv.attributes
                0x0000000000000000       0x56 ./User/ch32h417_it.o
 .riscv.attributes
                0x0000000000000056       0x56 ./User/main.o
 .riscv.attributes
                0x00000000000000ac       0x56 ./User/system_ch32h417.o
 .riscv.attributes
                0x0000000000000102       0x54 ./Startup/startup_ch32h417_v5f.o
 .riscv.attributes
                0x0000000000000156       0x56 ./Peripheral/src/ch32h417_usart.o
 .riscv.attributes
                0x00000000000001ac       0x56 ./Debug/debug.o
 .riscv.attributes
                0x0000000000000202       0x54 e:/wch/mounriver/mounriver_studio2/resources/app/resources/win32/components/wch/toolchain/risc-v embedded gcc12/bin/../lib/gcc/riscv-wch-elf/12.2.0/rv32imac_zba_zbb_zbc_zbs_xw/ilp32\libgcc.a(save-restore.o)
 .riscv.attributes
                0x0000000000000256       0x54 e:/wch/mounriver/mounriver_studio2/resources/app/resources/win32/components/wch/toolchain/risc-v embedded gcc12/bin/../lib/gcc/riscv-wch-elf/12.2.0/../../../../riscv-wch-elf/lib/rv32imac_zba_zbb_zbc_zbs_xw/ilp32\libg_nano.a(lib_a-memcpy-asm.o)

.debug_frame    0x0000000000000000      0x40c
 .debug_frame   0x0000000000000000       0xa8 ./User/ch32h417_it.o
 .debug_frame   0x00000000000000a8       0xa4 ./User/main.o
 .debug_frame   0x000000000000014c       0x20 ./User/system_ch32h417.o
 .debug_frame   0x000000000000016c      0x204 ./Peripheral/src/ch32h417_usart.o
 .debug_frame   0x0000000000000370       0x9c ./Debug/debug.o
