Archive member included to satisfy reference by file (symbol)

e:/wch/mounriver/mounriver_studio2/resources/app/resources/win32/components/wch/toolchain/risc-v embedded gcc12/bin/../lib/gcc/riscv-wch-elf/12.2.0/../../../../riscv-wch-elf/lib/rv32imac_zba_zbb_zbc_zbs_xw/ilp32\libm_nano.a(lib_a-wf_exp.o)
                              ./Common/inference.o (expf)
e:/wch/mounriver/mounriver_studio2/resources/app/resources/win32/components/wch/toolchain/risc-v embedded gcc12/bin/../lib/gcc/riscv-wch-elf/12.2.0/../../../../riscv-wch-elf/lib/rv32imac_zba_zbb_zbc_zbs_xw/ilp32\libm_nano.a(lib_a-wf_sqrt.o)
                              ./Common/inference.o (sqrtf)
e:/wch/mounriver/mounriver_studio2/resources/app/resources/win32/components/wch/toolchain/risc-v embedded gcc12/bin/../lib/gcc/riscv-wch-elf/12.2.0/../../../../riscv-wch-elf/lib/rv32imac_zba_zbb_zbc_zbs_xw/ilp32\libm_nano.a(lib_a-ef_exp.o)
                              e:/wch/mounriver/mounriver_studio2/resources/app/resources/win32/components/wch/toolchain/risc-v embedded gcc12/bin/../lib/gcc/riscv-wch-elf/12.2.0/../../../../riscv-wch-elf/lib/rv32imac_zba_zbb_zbc_zbs_xw/ilp32\libm_nano.a(lib_a-wf_exp.o) (__ieee754_expf)
e:/wch/mounriver/mounriver_studio2/resources/app/resources/win32/components/wch/toolchain/risc-v embedded gcc12/bin/../lib/gcc/riscv-wch-elf/12.2.0/../../../../riscv-wch-elf/lib/rv32imac_zba_zbb_zbc_zbs_xw/ilp32\libm_nano.a(lib_a-ef_sqrt.o)
                              e:/wch/mounriver/mounriver_studio2/resources/app/resources/win32/components/wch/toolchain/risc-v embedded gcc12/bin/../lib/gcc/riscv-wch-elf/12.2.0/../../../../riscv-wch-elf/lib/rv32imac_zba_zbb_zbc_zbs_xw/ilp32\libm_nano.a(lib_a-wf_sqrt.o) (__ieee754_sqrtf)
e:/wch/mounriver/mounriver_studio2/resources/app/resources/win32/components/wch/toolchain/risc-v embedded gcc12/bin/../lib/gcc/riscv-wch-elf/12.2.0/../../../../riscv-wch-elf/lib/rv32imac_zba_zbb_zbc_zbs_xw/ilp32\libm_nano.a(lib_a-math_errf.o)
                              e:/wch/mounriver/mounriver_studio2/resources/app/resources/win32/components/wch/toolchain/risc-v embedded gcc12/bin/../lib/gcc/riscv-wch-elf/12.2.0/../../../../riscv-wch-elf/lib/rv32imac_zba_zbb_zbc_zbs_xw/ilp32\libm_nano.a(lib_a-ef_exp.o) (__math_uflowf)
e:/wch/mounriver/mounriver_studio2/resources/app/resources/win32/components/wch/toolchain/risc-v embedded gcc12/bin/../lib/gcc/riscv-wch-elf/12.2.0/../../../../riscv-wch-elf/lib/rv32imac_zba_zbb_zbc_zbs_xw/ilp32\libm_nano.a(lib_a-sf_finite.o)
                              e:/wch/mounriver/mounriver_studio2/resources/app/resources/win32/components/wch/toolchain/risc-v embedded gcc12/bin/../lib/gcc/riscv-wch-elf/12.2.0/../../../../riscv-wch-elf/lib/rv32imac_zba_zbb_zbc_zbs_xw/ilp32\libm_nano.a(lib_a-wf_exp.o) (finitef)
e:/wch/mounriver/mounriver_studio2/resources/app/resources/win32/components/wch/toolchain/risc-v embedded gcc12/bin/../lib/gcc/riscv-wch-elf/12.2.0/rv32imac_zba_zbb_zbc_zbs_xw/ilp32\libgcc.a(_divdi3.o)
                              ./Peripheral/src/ch32h417_usart.o (__divdi3)
e:/wch/mounriver/mounriver_studio2/resources/app/resources/win32/components/wch/toolchain/risc-v embedded gcc12/bin/../lib/gcc/riscv-wch-elf/12.2.0/rv32imac_zba_zbb_zbc_zbs_xw/ilp32\libgcc.a(_udivdi3.o)
                              ./Peripheral/src/ch32h417_usart.o (__udivdi3)
e:/wch/mounriver/mounriver_studio2/resources/app/resources/win32/components/wch/toolchain/risc-v embedded gcc12/bin/../lib/gcc/riscv-wch-elf/12.2.0/rv32imac_zba_zbb_zbc_zbs_xw/ilp32\libgcc.a(addsf3.o)
                              ./Common/inference.o (__addsf3)
e:/wch/mounriver/mounriver_studio2/resources/app/resources/win32/components/wch/toolchain/risc-v embedded gcc12/bin/../lib/gcc/riscv-wch-elf/12.2.0/rv32imac_zba_zbb_zbc_zbs_xw/ilp32\libgcc.a(divsf3.o)
                              ./Common/inference.o (__divsf3)
e:/wch/mounriver/mounriver_studio2/resources/app/resources/win32/components/wch/toolchain/risc-v embedded gcc12/bin/../lib/gcc/riscv-wch-elf/12.2.0/rv32imac_zba_zbb_zbc_zbs_xw/ilp32\libgcc.a(gesf2.o)
                              ./Common/inference.o (__gtsf2)
e:/wch/mounriver/mounriver_studio2/resources/app/resources/win32/components/wch/toolchain/risc-v embedded gcc12/bin/../lib/gcc/riscv-wch-elf/12.2.0/rv32imac_zba_zbb_zbc_zbs_xw/ilp32\libgcc.a(lesf2.o)
                              e:/wch/mounriver/mounriver_studio2/resources/app/resources/win32/components/wch/toolchain/risc-v embedded gcc12/bin/../lib/gcc/riscv-wch-elf/12.2.0/../../../../riscv-wch-elf/lib/rv32imac_zba_zbb_zbc_zbs_xw/ilp32\libm_nano.a(lib_a-ef_sqrt.o) (__lesf2)
e:/wch/mounriver/mounriver_studio2/resources/app/resources/win32/components/wch/toolchain/risc-v embedded gcc12/bin/../lib/gcc/riscv-wch-elf/12.2.0/rv32imac_zba_zbb_zbc_zbs_xw/ilp32\libgcc.a(mulsf3.o)
                              ./Common/inference.o (__mulsf3)
[...]
Memory Configuration

Name             Origin             Length             Attributes
FLASH            0x0000000000000000 0x0000000000040000 xr
RAM_CODE         0x0000000020100000 0x0000000000020000 xrw
RAM              0x0000000020120100 0x000000000005ff00 xrw
RAM_LOAD         0x0000000020120000 0x0000000000000100 xrw
*default*        0x0000000000000000 0xffffffffffffffff

Linker script and memory map

LOAD ./User/ch32h417_it.o
LOAD ./User/main.o
LOAD ./User/system_ch32h417.o
LOAD ./Startup/startup_ch32h417_v3f.o
LOAD ./Peripheral/src/ch32h417_adc.o
LOAD ./Peripheral/src/ch32h417_can.o
LOAD ./Peripheral/src/ch32h417_crc.o
LOAD ./Peripheral/src/ch32h417_dac.o
LOAD ./Peripheral/src/ch32h417_dbgmcu.o
LOAD ./Peripheral/src/ch32h417_dfsdm.o
LOAD ./Peripheral/src/ch32h417_dma.o
LOAD ./Peripheral/src/ch32h417_dvp.o
LOAD ./Peripheral/src/ch32h417_ecdc.o
LOAD ./Peripheral/src/ch32h417_eth.o
LOAD ./Peripheral/src/ch32h417_exti.o
LOAD ./Peripheral/src/ch32h417_flash.o
LOAD ./Peripheral/src/ch32h417_fmc.o
LOAD ./Peripheral/src/ch32h417_gpha.o
LOAD ./Peripheral/src/ch32h417_gpio.o
LOAD ./Peripheral/src/ch32h417_hsadc.o
LOAD ./Peripheral/src/ch32h417_hsem.o
LOAD ./Peripheral/src/ch32h417_i2c.o
LOAD ./Peripheral/src/ch32h417_i3c.o
LOAD ./Peripheral/src/ch32h417_ipc.o
LOAD ./Peripheral/src/ch32h417_iwdg.o
LOAD ./Peripheral/src/ch32h417_lptim.o
LOAD ./Peripheral/src/ch32h417_ltdc.o
LOAD ./Peripheral/src/ch32h417_opa.o
LOAD ./Peripheral/src/ch32h417_pwr.o
LOAD ./Peripheral/src/ch32h417_qspi.o
LOAD ./Peripheral/src/ch32h417_rcc.o
LOAD ./Peripheral/src/ch32h417_rng.o
LOAD ./Peripheral/src/ch32h417_rtc.o
LOAD ./Peripheral/src/ch32h417_sai.o
LOAD ./Peripheral/src/ch32h417_sdio.o
LOAD ./Peripheral/src/ch32h417_sdmmc.o
LOAD ./Peripheral/src/ch32h417_serdes.o
LOAD ./Peripheral/src/ch32h417_spi.o
LOAD ./Peripheral/src/ch32h417_swpmi.o
LOAD ./Peripheral/src/ch32h417_tim.o
LOAD ./Peripheral/src/ch32h417_usart.o
LOAD ./Peripheral/src/ch32h417_wwdg.o
LOAD ./Debug/debug.o
LOAD ./Core/core_riscv.o
LOAD ./Common/hardware.o
LOAD ./Common/inference.o
LOAD ./Common/jpeg_dec.o
LOAD ./Common/ov2640.o
LOAD ./Common/weights_simple.o
LOAD e:/wch/mounriver/mounriver_studio2/resources/app/resources/win32/components/wch/toolchain/risc-v embedded gcc12/bin/../lib/gcc/riscv-wch-elf/12.2.0/../../../../riscv-wch-elf/lib/rv32imac_zba_zbb_zbc_zbs_xw/ilp32\libm_nano.a
LOAD e:/wch/mounriver/mounriver_studio2/resources/app/resources/win32/components/wch/toolchain/risc-v embedded gcc12/bin/../lib/gcc/riscv-wch-elf/12.2.0/rv32imac_zba_zbb_zbc_zbs_xw/ilp32\libgcc.a
LOAD e:/wch/mounriver/mounriver_studio2/resources/app/resources/win32/components/wch/toolchain/risc-v embedded gcc12/bin/../lib/gcc/riscv-wch-elf/12.2.0/../../../../riscv-wch-elf/lib/rv32imac_zba_zbb_zbc_zbs_xw/ilp32\libg_nano.a
LOAD e:/wch/mounriver/mounriver_studio2/resources/app/resources/win32/components/wch/toolchain/risc-v embedded gcc12/bin/../lib/gcc/riscv-wch-elf/12.2.0/../../../../riscv-wch-elf/lib/rv32imac_zba_zbb_zbc_zbs_xw/ilp32\libc_nano.a
LOAD e:/wch/mounriver/mounriver_studio2/resources/app/resources/win32/components/wch/toolchain/risc-v embedded gcc12/bin/../lib/gcc/riscv-wch-elf/12.2.0/rv32imac_zba_zbb_zbc_zbs_xw/ilp32\libgcc.a
START GROUP
LOAD e:/wch/mounriver/mounriver_studio2/resources/app/resources/win32/components/wch/toolchain/risc-v embedded gcc12/bin/../lib/gcc/riscv-wch-elf/12.2.0/rv32imac_zba_zbb_zbc_zbs_xw/ilp32\libgcc.a
LOAD e:/wch/mounriver/mounriver_studio2/resources/app/resources/win32/components/wch/toolchain/risc-v embedded gcc12/bin/../lib/gcc/riscv-wch-elf/12.2.0/../../../../riscv-wch-elf/lib/rv32imac_zba_zbb_zbc_zbs_xw/ilp32\libc_nano.a
LOAD e:/wch/mounriver/mounriver_studio2/resources/app/resources/win32/components/wch/toolchain/risc-v embedded gcc12/bin/../lib/gcc/riscv-wch-elf/12.2.0/../../../../riscv-wch-elf/lib/rv32imac_zba_zbb_zbc_zbs_xw/ilp32\libnosys.a
END GROUP
START GROUP
LOAD e:/wch/mounriver/mounriver_studio2/resources/app/resources/win32/components/wch/toolchain/risc-v embedded gcc12/bin/../lib/gcc/riscv-wch-elf/12.2.0/rv32imac_zba_zbb_zbc_zbs_xw/ilp32\libgcc.a
LOAD e:/wch/mounriver/mounriver_studio2/resources/app/resources/win32/components/wch/toolchain/risc-v embedded gcc12/bin/../lib/gcc/riscv-wch-elf/12.2.0/../../../../riscv-wch-elf/lib/rv32imac_zba_zbb_zbc_zbs_xw/ilp32\libc_nano.a
LOAD e:/wch/mounriver/mounriver_studio2/resources/app/resources/win32/components/wch/toolchain/risc-v embedded gcc12/bin/../lib/gcc/riscv-wch-elf/12.2.0/../../../../riscv-wch-elf/lib/rv32imac_zba_zbb_zbc_zbs_xw/ilp32\libnosys.a
END GROUP
                0x0000000000000800                __stack_size = 0x800
                [!provide]                        PROVIDE (_stack_size = __stack_size)

.init           0x0000000000000000        0x8
                0x0000000000000000                _sinit = .
                0x0000000000000000                . = ALIGN (0x4)
 *(SORT_NONE(.init))
 .init          0x0000000000000000        0x6 ./Startup/startup_ch32h417_v3f.o
                0x0000000000000000                _start
                0x0000000000000008                . = ALIGN (0x4)
 *fill*         0x0000000000000006        0x2 
                0x0000000000000008                _einit = .

.loadcodelalign
                0x0000000000000008        0x0
                0x0000000000000008                . = ALIGN (0x4)
                0x0000000000000008                PROVIDE (_loadcode_lma = .)

.loadcode       0x0000000020120000       0xe4 load address 0x0000000000000008
                0x0000000020120000                . = ALIGN (0x4)
                0x0000000020120000                PROVIDE (_loadcode_vma_start = .)
 *(.load)
 .load          0x0000000020120000       0xe2 ./Startup/startup_ch32h417_v3f.o
                0x00000000201200e4                . = ALIGN (0x4)
 *fill*         0x00000000201200e2        0x2 
                0x00000000201200e4                PROVIDE (_loadcode_vma_end = .)

.highcodelalign
                0x00000000000000ec        0x0
                0x00000000000000ec                . = ALIGN (0x4)
                0x00000000000000ec                PROVIDE (_highcode_lma = .)

.highcode       0x0000000020100000     0x202c load address 0x00000000000000ec
                0x0000000020100000                . = ALIGN (0x4)
                0x0000000020100000                PROVIDE (_highcode_vma_start = .)
 *(.vector)
 .vector        0x0000000020100000      0x254 ./Startup/startup_ch32h417_v3f.o
 *(SORT_NONE(.vector_handler))
 *(.text)
 .text          0x0000000020100254       0x60 e:/wch/mounriver/mounriver_studio2/resources/app/resources/win32/components/wch/toolchain/risc-v embedded gcc12/bin/../lib/gcc/riscv-wch-elf/12.2.0/rv32imac_zba_zbb_zbc_zbs_xw/ilp32\libgcc.a(save-restore.o)
                0x0000000020100254                __riscv_save_12
                0x000000002010025c                __riscv_save_9
                0x000000002010025c                __riscv_save_11
                0x000000002010025c                __riscv_save_10
                0x000000002010025c                __riscv_save_8
                0x000000002010026a                __riscv_save_4
                0x000000002010026a                __riscv_save_6
                0x000000002010026a                __riscv_save_5
                0x000000002010026a                __riscv_save_7
                0x0000000020100284                __riscv_save_3
                0x0000000020100284                __riscv_save_2
                0x0000000020100284                __riscv_save_1
                0x0000000020100284                __riscv_save_0
                0x0000000020100290                __riscv_restore_12
                0x0000000020100294                __riscv_restore_11
                0x0000000020100294                __riscv_restore_9
                0x0000000020100294                __riscv_restore_10
                0x0000000020100294                __riscv_restore_8
                0x000000002010029e                __riscv_restore_5
                0x000000002010029e                __riscv_restore_7
                0x000000002010029e                __riscv_restore_6
                0x000000002010029e                __riscv_restore_4
                0x00000000201002a8                __riscv_restore_3
                0x00000000201002a8                __riscv_restore_0
                0x00000000201002a8                __riscv_restore_2
                0x00000000201002a8                __riscv_restore_1
 .text          0x00000000201002b4       0x10 e:/wch/mounriver/mounriver_studio2/resources/app/resources/win32/components/wch/toolchain/risc-v embedded gcc12/bin/../lib/gcc/riscv-wch-elf/12.2.0/../../../../riscv-wch-elf/lib/rv32imac_zba_zbb_zbc_zbs_xw/ilp32\libg_nano.a(lib_a-memset.o)
                0x00000000201002b4                memset
 *(.text.*)
 .text.dbg_putc
                0x00000000201002c4       0x28 ./User/ch32h417_it.o
 .text.dbg_puts
                0x00000000201002ec       0x14 ./User/ch32h417_it.o
 .text.dbg_hex  0x0000000020100300       0x32 ./User/ch32h417_it.o
 .text.NMI_Handler
                0x0000000020100332        0x2 ./User/ch32h417_it.o
                0x0000000020100332                NMI_Handler
 .text.HardFault_Handler
                0x0000000020100334       0x4a ./User/ch32h417_it.o
                0x0000000020100334                HardFault_Handler
 .text.startup.main
                0x000000002010037e       0x7c ./User/main.o
                0x000000002010037e                main
 .text.SystemInit
                0x00000000201003fa      0x1b2 ./User/system_ch32h417.o
                0x00000000201003fa                SystemInit
 .text.SystemAndCoreClockUpdate
                0x00000000201005ac      0x16e ./User/system_ch32h417.o
                0x00000000201005ac                SystemAndCoreClockUpdate
 .text.vector_handler
                0x000000002010071a        0x2 ./Startup/startup_ch32h417_v3f.o
                0x000000002010071a                TIM8_TRG_COM_IRQHandler
                0x000000002010071a                TIM8_CC_IRQHandler
                0x000000002010071a                USART_WKUP_IRQHandler
                0x000000002010071a                SPI4_IRQHandler
                0x000000002010071a                DFSDM0_IRQHandler
                0x000000002010071a                TIM1_CC_IRQHandler
                0x000000002010071a                TIM10_IRQHandler
                0x000000002010071a                IPC_CH2_Handler
                0x000000002010071a                USBPD_IRQHandler
                0x000000002010071a                TIM6_IRQHandler
                0x000000002010071a                CAN3_RX1_IRQHandler
                0x000000002010071a                I3C_ER_IRQHandler
                0x000000002010071a                SDIO_IRQHandler
                0x000000002010071a                DMA2_Channel8_IRQHandler
                0x000000002010071a                CAN2_RX1_IRQHandler
                0x000000002010071a                HSEM_Handler
                0x000000002010071a                USBHS_IRQHandler
                0x000000002010071a                LPTIM2_IRQHandler
                0x000000002010071a                USBFSWakeup_IRQHandler
                0x000000002010071a                I2C3_ER_IRQHandler
                0x000000002010071a                USBFS_IRQHandler
                0x000000002010071a                USART8_IRQHandler
                0x000000002010071a                I2C2_EV_IRQHandler
                0x000000002010071a                CAN1_RX0_IRQHandler
                0x000000002010071a                CAN3_SCE_IRQHandler
                0x000000002010071a                CAN2_SCE_IRQHandler
                0x000000002010071a                ADC1_2_IRQHandler
                0x000000002010071a                Break_Point_Handler
                0x000000002010071a                IPC_CH0_Handler
                0x000000002010071a                SPI1_IRQHandler
                0x000000002010071a                USART5_IRQHandler
                0x000000002010071a                SysTick0_Handler
                0x000000002010071a                EXTI7_0_IRQHandler
                0x000000002010071a                CAN2_RX0_IRQHandler
                0x000000002010071a                TIM8_UP_IRQHandler
                0x000000002010071a                Ecall_M_Mode_Handler
                0x000000002010071a                ECDC_IRQHandler
                0x000000002010071a                SDMMC_IRQHandler
                0x000000002010071a                USART7_IRQHandler
                0x000000002010071a                DMA2_Channel2_IRQHandler
                0x000000002010071a                DMA1_Channel4_IRQHandler
                0x000000002010071a                USART6_IRQHandler
                0x000000002010071a                CAN3_RX0_IRQHandler
                0x000000002010071a                HSADC_IRQHandler
                0x000000002010071a                USART3_IRQHandler
                0x000000002010071a                RTC_IRQHandler
                0x000000002010071a                DMA1_Channel7_IRQHandler
                0x000000002010071a                CAN1_RX1_IRQHandler
                0x000000002010071a                DVP_IRQHandler
                0x000000002010071a                USBSS_IRQHandler
                0x000000002010071a                SWPMI_IRQHandler
                0x000000002010071a                USBPDWakeUp_IRQHandler
                0x000000002010071a                EXTI15_8_IRQHandler
                0x000000002010071a                TIM4_IRQHandler
                0x000000002010071a                DMA2_Channel1_IRQHandler
                0x000000002010071a                SWPMI_WKUP_IRQHandler
                0x000000002010071a                I2C1_EV_IRQHandler
                0x000000002010071a                USBSSWakeup_IRQHandler
                0x000000002010071a                USART4_IRQHandler
                0x000000002010071a                DMA1_Channel6_IRQHandler
                0x000000002010071a                DMA2_Channel4_IRQHandler
                0x000000002010071a                TIM3_IRQHandler
                0x000000002010071a                RCC_IRQHandler
                0x000000002010071a                TIM1_TRG_COM_IRQHandler
                0x000000002010071a                DMA1_Channel1_IRQHandler
                0x000000002010071a                DMA2_Channel7_IRQHandler
                0x000000002010071a                QSPI1_IRQHandler
                0x000000002010071a                DMA1_Channel8_IRQHandler
                0x000000002010071a                IPC_CH3_Handler
                0x000000002010071a                I3C_EV_IRQHandler
                0x000000002010071a                I3C_WKUP_IRQHandler
                0x000000002010071a                TIM12_IRQHandler
                0x000000002010071a                TIM7_IRQHandler
                0x000000002010071a                CAN2_TX_IRQHandler
                0x000000002010071a                TIM5_IRQHandler
                0x000000002010071a                I2C3_EV_IRQHandler
                0x000000002010071a                PIOC_IRQHandler
                0x000000002010071a                TIM9_IRQHandler
                0x000000002010071a                LTDC_IRQHandler
                0x000000002010071a                SAI_IRQHandler
                0x000000002010071a                ETH_WKUP_IRQHandler
                0x000000002010071a                SPI2_IRQHandler
                0x000000002010071a                IPC_CH1_Handler
                0x000000002010071a                LPTIM1_WKUP_IRQHandler
                0x000000002010071a                CAN1_TX_IRQHandler
                0x000000002010071a                DMA2_Channel5_IRQHandler
                0x000000002010071a                DMA1_Channel5_IRQHandler
                0x000000002010071a                QSPI2_IRQHandler
                0x000000002010071a                RNG_IRQHandler
                0x000000002010071a                DMA1_Channel3_IRQHandler
                0x000000002010071a                ETH_IRQHandler
                0x000000002010071a                TIM1_UP_IRQHandler
                0x000000002010071a                WWDG_IRQHandler
                0x000000002010071a                USBHSWakeup_IRQHandler
                0x000000002010071a                Ecall_U_Mode_Handler
                0x000000002010071a                I2C4_EV_IRQHandler
                0x000000002010071a                CAN3_TX_IRQHandler
                0x000000002010071a                DMA2_Channel6_IRQHandler
                0x000000002010071a                TIM2_IRQHandler
                0x000000002010071a                SW_Handler
                0x000000002010071a                TIM1_BRK_IRQHandler
                0x000000002010071a                GPHA_IRQHandler
                0x000000002010071a                LPTIM2_WKUP_IRQHandler
                0x000000002010071a                RTCAlarm_IRQHandler
                0x000000002010071a                TIM11_IRQHandler
                0x000000002010071a                USART2_IRQHandler
                0x000000002010071a                UHSIF_IRQHandler
                0x000000002010071a                I2C2_ER_IRQHandler
                0x000000002010071a                DMA1_Channel2_IRQHandler
                0x000000002010071a                TIM8_BRK_IRQHandler
                0x000000002010071a                CAN1_SCE_IRQHandler
                0x000000002010071a                FLASH_IRQHandler
                0x000000002010071a                USART1_IRQHandler
                0x000000002010071a                SPI3_IRQHandler
                0x000000002010071a                I2C1_ER_IRQHandler
                0x000000002010071a                FMC_IRQHandler
                0x000000002010071a                SysTick1_Handler
                0x000000002010071a                LPTIM1_IRQHandler
                0x000000002010071a                DFSDM1_IRQHandler
                0x000000002010071a                I2C4_ER_IRQHandler
                0x000000002010071a                SERDES_IRQHandler
                0x000000002010071a                USBSS_LINK_IRQHandler
                0x000000002010071a                DMA2_Channel3_IRQHandler
 .text.FLASH_BOOT_GetMode
                0x000000002010071c       0x36 ./Peripheral/src/ch32h417_flash.o
                0x000000002010071c                FLASH_BOOT_GetMode
 .text.FLASH_GetUserOptionByte
                0x0000000020100752        0xa ./Peripheral/src/ch32h417_flash.o
                0x0000000020100752                FLASH_GetUserOptionByte
 .text.GPIO_Init
                0x000000002010075c       0xe0 ./Peripheral/src/ch32h417_gpio.o
                0x000000002010075c                GPIO_Init
 .text.GPIO_PinAFConfig
                0x000000002010083c      0x1e8 ./Peripheral/src/ch32h417_gpio.o
                0x000000002010083c                GPIO_PinAFConfig
 .text.GPIO_IPD_Unused
                0x0000000020100a24      0x226 ./Peripheral/src/ch32h417_gpio.o
                0x0000000020100a24                GPIO_IPD_Unused
 .text.PWR_EnterSTOPMode
                0x0000000020100c4a       0xac ./Peripheral/src/ch32h417_pwr.o
                0x0000000020100c4a                PWR_EnterSTOPMode
 .text.PWR_VIO18ModeCfg
                0x0000000020100cf6       0x14 ./Peripheral/src/ch32h417_pwr.o
                0x0000000020100cf6                PWR_VIO18ModeCfg
 .text.PWR_VIO18LevelCfg
                0x0000000020100d0a       0x18 ./Peripheral/src/ch32h417_pwr.o
                0x0000000020100d0a                PWR_VIO18LevelCfg
 .text.RCC_GetClocksFreq
                0x0000000020100d22      0x1a2 ./Peripheral/src/ch32h417_rcc.o
                0x0000000020100d22                RCC_GetClocksFreq
 .text.RCC_HB2PeriphClockCmd
                0x0000000020100ec4       0x1c ./Peripheral/src/ch32h417_rcc.o
                0x0000000020100ec4                RCC_HB2PeriphClockCmd
 .text.RCC_HB1PeriphClockCmd
                0x0000000020100ee0       0x1c ./Peripheral/src/ch32h417_rcc.o
                0x0000000020100ee0                RCC_HB1PeriphClockCmd
 .text.USART_Init
                0x0000000020100efc       0xac ./Peripheral/src/ch32h417_usart.o
                0x0000000020100efc                USART_Init
 .text.USART_Cmd
                0x0000000020100fa8       0x14 ./Peripheral/src/ch32h417_usart.o
                0x0000000020100fa8                USART_Cmd
 .text.USART_SendData
                0x0000000020100fbc        0x8 ./Peripheral/src/ch32h417_usart.o
                0x0000000020100fbc                USART_SendData
 .text.USART_GetFlagStatus
                0x0000000020100fc4        0xa ./Peripheral/src/ch32h417_usart.o
                0x0000000020100fc4                USART_GetFlagStatus
 .text.Delay_Init
                0x0000000020100fce       0x22 ./Debug/debug.o
                0x0000000020100fce                Delay_Init
 .text.Delay_Ms
                0x0000000020100ff0       0x32 ./Debug/debug.o
                0x0000000020100ff0                Delay_Ms
 .text.USART_Printf_Init
                0x0000000020101022       0x6e ./Debug/debug.o
                0x0000000020101022                USART_Printf_Init
 .text._write   0x0000000020101090       0x3a ./Debug/debug.o
                0x0000000020101090                _write
 .text._sbrk    0x00000000201010ca       0x26 ./Debug/debug.o
                0x00000000201010ca                _sbrk
 .text.__udivdi3
                0x00000000201010f0      0x39a e:/wch/mounriver/mounriver_studio2/resources/app/resources/win32/components/wch/toolchain/risc-v embedded gcc12/bin/../lib/gcc/riscv-wch-elf/12.2.0/rv32imac_zba_zbb_zbc_zbs_xw/ilp32\libgcc.a(_udivdi3.o)
                0x00000000201010f0                __udivdi3
 .text._puts_r  0x000000002010148a      0x104 e:/wch/mounriver/mounriver_studio2/resources/app/resources/win32/components/wch/toolchain/risc-v embedded gcc12/bin/../lib/gcc/riscv-wch-elf/12.2.0/../../../../riscv-wch-elf/lib/rv32imac_zba_zbb_zbc_zbs_xw/ilp32\libg_nano.a(lib_a-puts.o)
                0x000000002010148a                _puts_r
 .text.puts     0x000000002010158e        0x8 e:/wch/mounriver/mounriver_studio2/resources/app/resources/win32/components/wch/toolchain/risc-v embedded gcc12/bin/../lib/gcc/riscv-wch-elf/12.2.0/../../../../riscv-wch-elf/lib/rv32imac_zba_zbb_zbc_zbs_xw/ilp32\libg_nano.a(lib_a-puts.o)
                0x000000002010158e                puts
 .text.__swbuf_r
                0x0000000020101596       0xbc e:/wch/mounriver/mounriver_studio2/resources/app/resources/win32/components/wch/toolchain/risc-v embedded gcc12/bin/../lib/gcc/riscv-wch-elf/12.2.0/../../../../riscv-wch-elf/lib/rv32imac_zba_zbb_zbc_zbs_xw/ilp32\libg_nano.a(lib_a-wbuf.o)
                0x0000000020101596                __swbuf_r
 .text.__swsetup_r
                0x0000000020101652       0xee e:/wch/mounriver/mounriver_studio2/resources/app/resources/win32/components/wch/toolchain/risc-v embedded gcc12/bin/../lib/gcc/riscv-wch-elf/12.2.0/../../../../riscv-wch-elf/lib/rv32imac_zba_zbb_zbc_zbs_xw/ilp32\libg_nano.a(lib_a-wsetup.o)
                0x0000000020101652                __swsetup_r
 .text.__sflush_r
                0x0000000020101740      0x132 e:/wch/mounriver/mounriver_studio2/resources/app/resources/win32/components/wch/toolchain/risc-v embedded gcc12/bin/../lib/gcc/riscv-wch-elf/12.2.0/../../../../riscv-wch-elf/lib/rv32imac_zba_zbb_zbc_zbs_xw/ilp32\libg_nano.a(lib_a-fflush.o)
                0x0000000020101740                __sflush_r
 .text._fflush_r
                0x0000000020101872       0x86 e:/wch/mounriver/mounriver_studio2/resources/app/resources/win32/components/wch/toolchain/risc-v embedded gcc12/bin/../lib/gcc/riscv-wch-elf/12.2.0/../../../../riscv-wch-elf/lib/rv32imac_zba_zbb_zbc_zbs_xw/ilp32\libg_nano.a(lib_a-fflush.o)
                0x0000000020101872                _fflush_r
 .text.std      0x00000000201018f8       0x66 e:/wch/mounriver/mounriver_studio2/resources/app/resources/win32/components/wch/toolchain/risc-v embedded gcc12/bin/../lib/gcc/riscv-wch-elf/12.2.0/../../../../riscv-wch-elf/lib/rv32imac_zba_zbb_zbc_zbs_xw/ilp32\libg_nano.a(lib_a-findfp.o)
 .text._cleanup_r
                0x000000002010195e        0xa e:/wch/mounriver/mounriver_studio2/resources/app/resources/win32/components/wch/toolchain/risc-v embedded gcc12/bin/../lib/gcc/riscv-wch-elf/12.2.0/../../../../riscv-wch-elf/lib/rv32imac_zba_zbb_zbc_zbs_xw/ilp32\libg_nano.a(lib_a-findfp.o)
                0x000000002010195e                _cleanup_r
 .text.__sfmoreglue
                0x0000000020101968       0x46 e:/wch/mounriver/mounriver_studio2/resources/app/resources/win32/components/wch/toolchain/risc-v embedded gcc12/bin/../lib/gcc/riscv-wch-elf/12.2.0/../../../../riscv-wch-elf/lib/rv32imac_zba_zbb_zbc_zbs_xw/ilp32\libg_nano.a(lib_a-findfp.o)
                0x0000000020101968                __sfmoreglue
 .text.__sfp_lock_acquire
                0x00000000201019ae        0x6 e:/wch/mounriver/mounriver_studio2/resources/app/resources/win32/components/wch/toolchain/risc-v embedded gcc12/bin/../lib/gcc/riscv-wch-elf/12.2.0/../../../../riscv-wch-elf/lib/rv32imac_zba_zbb_zbc_zbs_xw/ilp32\libg_nano.a(lib_a-findfp.o)
                0x00000000201019ae                __sfp_lock_acquire
 .text.__sfp_lock_release
                0x00000000201019b4        0x6 e:/wch/mounriver/mounriver_studio2/resources/app/resources/win32/components/wch/toolchain/risc-v embedded gcc12/bin/../lib/gcc/riscv-wch-elf/12.2.0/../../../../riscv-wch-elf/lib/rv32imac_zba_zbb_zbc_zbs_xw/ilp32\libg_nano.a(lib_a-findfp.o)
                0x00000000201019b4                __sfp_lock_release
 .text.__sinit_lock_acquire
                0x00000000201019ba        0x6 e:/wch/mounriver/mounriver_studio2/resources/app/resources/win32/components/wch/toolchain/risc-v embedded gcc12/bin/../lib/gcc/riscv-wch-elf/12.2.0/../../../../riscv-wch-elf/lib/rv32imac_zba_zbb_zbc_zbs_xw/ilp32\libg_nano.a(lib_a-findfp.o)
                0x00000000201019ba                __sinit_lock_acquire
 .text.__sinit_lock_release
                0x00000000201019c0        0x6 e:/wch/mounriver/mounriver_studio2/resources/app/resources/win32/components/wch/toolchain/risc-v embedded gcc12/bin/../lib/gcc/riscv-wch-elf/12.2.0/../../../../riscv-wch-elf/lib/rv32imac_zba_zbb_zbc_zbs_xw/ilp32\libg_nano.a(lib_a-findfp.o)
                0x00000000201019c0                __sinit_lock_release
 .text.__sinit  0x00000000201019c6       0x68 e:/wch/mounriver/mounriver_studio2/resources/app/resources/win32/components/wch/toolchain/risc-v embedded gcc12/bin/../lib/gcc/riscv-wch-elf/12.2.0/../../../../riscv-wch-elf/lib/rv32imac_zba_zbb_zbc_zbs_xw/ilp32\libg_nano.a(lib_a-findfp.o)
                0x00000000201019c6                __sinit
 .text.__sfp    0x0000000020101a2e       0xa6 e:/wch/mounriver/mounriver_studio2/resources/app/resources/win32/components/wch/toolchain/risc-v embedded gcc12/bin/../lib/gcc/riscv-wch-elf/12.2.0/../../../../riscv-wch-elf/lib/rv32imac_zba_zbb_zbc_zbs_xw/ilp32\libg_nano.a(lib_a-findfp.o)
                0x0000000020101a2e                __sfp
 .text._fwalk_reent
                0x0000000020101ad4       0x68 e:/wch/mounriver/mounriver_studio2/resources/app/resources/win32/components/wch/toolchain/risc-v embedded gcc12/bin/../lib/gcc/riscv-wch-elf/12.2.0/../../../../riscv-wch-elf/lib/rv32imac_zba_zbb_zbc_zbs_xw/ilp32\libg_nano.a(lib_a-fwalk.o)
                0x0000000020101ad4                _fwalk_reent
 .text.__retarget_lock_init_recursive
                0x0000000020101b3c        0x2 e:/wch/mounriver/mounriver_studio2/resources/app/resources/win32/components/wch/toolchain/risc-v embedded gcc12/bin/../lib/gcc/riscv-wch-elf/12.2.0/../../../../riscv-wch-elf/lib/rv32imac_zba_zbb_zbc_zbs_xw/ilp32\libg_nano.a(lib_a-lock.o)
                0x0000000020101b3c                __retarget_lock_init_recursive
 .text.__retarget_lock_acquire_recursive
                0x0000000020101b3e        0x2 e:/wch/mounriver/mounriver_studio2/resources/app/resources/win32/components/wch/toolchain/risc-v embedded gcc12/bin/../lib/gcc/riscv-wch-elf/12.2.0/../../../../riscv-wch-elf/lib/rv32imac_zba_zbb_zbc_zbs_xw/ilp32\libg_nano.a(lib_a-lock.o)
                0x0000000020101b3e                __retarget_lock_acquire_recursive
 .text.__retarget_lock_release_recursive
                0x0000000020101b40        0x2 e:/wch/mounriver/mounriver_studio2/resources/app/resources/win32/components/wch/toolchain/risc-v embedded gcc12/bin/../lib/gcc/riscv-wch-elf/12.2.0/../../../../riscv-wch-elf/lib/rv32imac_zba_zbb_zbc_zbs_xw/ilp32\libg_nano.a(lib_a-lock.o)
                0x0000000020101b40                __retarget_lock_release_recursive
 .text.__swhatbuf_r
                0x0000000020101b42       0x58 e:/wch/mounriver/mounriver_studio2/resources/app/resources/win32/components/wch/toolchain/risc-v embedded gcc12/bin/../lib/gcc/riscv-wch-elf/12.2.0/../../../../riscv-wch-elf/lib/rv32imac_zba_zbb_zbc_zbs_xw/ilp32\libg_nano.a(lib_a-makebuf.o)
                0x0000000020101b42                __swhatbuf_r
 .text.__smakebuf_r
                0x0000000020101b9a       0x92 e:/wch/mounriver/mounriver_studio2/resources/app/resources/win32/components/wch/toolchain/risc-v embedded gcc12/bin/../lib/gcc/riscv-wch-elf/12.2.0/../../../../riscv-wch-elf/lib/rv32imac_zba_zbb_zbc_zbs_xw/ilp32\libg_nano.a(lib_a-makebuf.o)
                0x0000000020101b9a                __smakebuf_r
 .text._free_r  0x0000000020101c2c       0x9e e:/wch/mounriver/mounriver_studio2/resources/app/resources/win32/components/wch/toolchain/risc-v embedded gcc12/bin/../lib/gcc/riscv-wch-elf/12.2.0/../../../../riscv-wch-elf/lib/rv32imac_zba_zbb_zbc_zbs_xw/ilp32\libg_nano.a(lib_a-nano-freer.o)
                0x0000000020101c2c                _free_r
 .text.sbrk_aligned
                0x0000000020101cca       0x54 e:/wch/mounriver/mounriver_studio2/resources/app/resources/win32/components/wch/toolchain/risc-v embedded gcc12/bin/../lib/gcc/riscv-wch-elf/12.2.0/../../../../riscv-wch-elf/lib/rv32imac_zba_zbb_zbc_zbs_xw/ilp32\libg_nano.a(lib_a-nano-mallocr.o)
 .text._malloc_r
                0x0000000020101d1e      0x102 e:/wch/mounriver/mounriver_studio2/resources/app/resources/win32/components/wch/toolchain/risc-v embedded gcc12/bin/../lib/gcc/riscv-wch-elf/12.2.0/../../../../riscv-wch-elf/lib/rv32imac_zba_zbb_zbc_zbs_xw/ilp32\libg_nano.a(lib_a-nano-mallocr.o)
                0x0000000020101d1e                _malloc_r
 .text._sbrk_r  0x0000000020101e20       0x28 e:/wch/mounriver/mounriver_studio2/resources/app/resources/win32/components/wch/toolchain/risc-v embedded gcc12/bin/../lib/gcc/riscv-wch-elf/12.2.0/../../../../riscv-wch-elf/lib/rv32imac_zba_zbb_zbc_zbs_xw/ilp32\libg_nano.a(lib_a-sbrkr.o)
                0x0000000020101e20                _sbrk_r
 .text.__sread  0x0000000020101e48       0x2a e:/wch/mounriver/mounriver_studio2/resources/app/resources/win32/components/wch/toolchain/risc-v embedded gcc12/bin/../lib/gcc/riscv-wch-elf/12.2.0/../../../../riscv-wch-elf/lib/rv32imac_zba_zbb_zbc_zbs_xw/ilp32\libg_nano.a(lib_a-stdio.o)
                0x0000000020101e48                __sread
 .text.__swrite
                0x0000000020101e72       0x46 e:/wch/mounriver/mounriver_studio2/resources/app/resources/win32/components/wch/toolchain/risc-v embedded gcc12/bin/../lib/gcc/riscv-wch-elf/12.2.0/../../../../riscv-wch-elf/lib/rv32imac_zba_zbb_zbc_zbs_xw/ilp32\libg_nano.a(lib_a-stdio.o)
                0x0000000020101e72                __swrite
 .text.__sseek  0x0000000020101eb8       0x2e e:/wch/mounriver/mounriver_studio2/resources/app/resources/win32/components/wch/toolchain/risc-v embedded gcc12/bin/../lib/gcc/riscv-wch-elf/12.2.0/../../../../riscv-wch-elf/lib/rv32imac_zba_zbb_zbc_zbs_xw/ilp32\libg_nano.a(lib_a-stdio.o)
                0x0000000020101eb8                __sseek
 .text.__sclose
                0x0000000020101ee6        0x6 e:/wch/mounriver/mounriver_studio2/resources/app/resources/win32/components/wch/toolchain/risc-v embedded gcc12/bin/../lib/gcc/riscv-wch-elf/12.2.0/../../../../riscv-wch-elf/lib/rv32imac_zba_zbb_zbc_zbs_xw/ilp32\libg_nano.a(lib_a-stdio.o)
                0x0000000020101ee6                __sclose
 .text._write_r
                0x0000000020101eec       0x2c e:/wch/mounriver/mounriver_studio2/resources/app/resources/win32/components/wch/toolchain/risc-v embedded gcc12/bin/../lib/gcc/riscv-wch-elf/12.2.0/../../../../riscv-wch-elf/lib/rv32imac_zba_zbb_zbc_zbs_xw/ilp32\libg_nano.a(lib_a-writer.o)
                0x0000000020101eec                _write_r
 .text._close_r
                0x0000000020101f18       0x26 e:/wch/mounriver/mounriver_studio2/resources/app/resources/win32/components/wch/toolchain/risc-v embedded gcc12/bin/../lib/gcc/riscv-wch-elf/12.2.0/../../../../riscv-wch-elf/lib/rv32imac_zba_zbb_zbc_zbs_xw/ilp32\libg_nano.a(lib_a-closer.o)
                0x0000000020101f18                _close_r
 .text._fstat_r
                0x0000000020101f3e       0x28 e:/wch/mounriver/mounriver_studio2/resources/app/resources/win32/components/wch/toolchain/risc-v embedded gcc12/bin/../lib/gcc/riscv-wch-elf/12.2.0/../../../../riscv-wch-elf/lib/rv32imac_zba_zbb_zbc_zbs_xw/ilp32\libg_nano.a(lib_a-fstatr.o)
                0x0000000020101f3e                _fstat_r
 .text._isatty_r
                0x0000000020101f66       0x26 e:/wch/mounriver/mounriver_studio2/resources/app/resources/win32/components/wch/toolchain/risc-v embedded gcc12/bin/../lib/gcc/riscv-wch-elf/12.2.0/../../../../riscv-wch-elf/lib/rv32imac_zba_zbb_zbc_zbs_xw/ilp32\libg_nano.a(lib_a-isattyr.o)
                0x0000000020101f66                _isatty_r
 .text._lseek_r
                0x0000000020101f8c       0x2a e:/wch/mounriver/mounriver_studio2/resources/app/resources/win32/components/wch/toolchain/risc-v embedded gcc12/bin/../lib/gcc/riscv-wch-elf/12.2.0/../../../../riscv-wch-elf/lib/rv32imac_zba_zbb_zbc_zbs_xw/ilp32\libg_nano.a(lib_a-lseekr.o)
                0x0000000020101f8c                _lseek_r
 .text.__malloc_lock
                0x0000000020101fb6        0x8 e:/wch/mounriver/mounriver_studio2/resources/app/resources/win32/components/wch/toolchain/risc-v embedded gcc12/bin/../lib/gcc/riscv-wch-elf/12.2.0/../../../../riscv-wch-elf/lib/rv32imac_zba_zbb_zbc_zbs_xw/ilp32\libg_nano.a(lib_a-mlock.o)
                0x0000000020101fb6                __malloc_lock
 .text.__malloc_unlock
                0x0000000020101fbe        0x8 e:/wch/mounriver/mounriver_studio2/resources/app/resources/win32/components/wch/toolchain/risc-v embedded gcc12/bin/../lib/gcc/riscv-wch-elf/12.2.0/../../../../riscv-wch-elf/lib/rv32imac_zba_zbb_zbc_zbs_xw/ilp32\libg_nano.a(lib_a-mlock.o)
                0x0000000020101fbe                __malloc_unlock
 .text._read_r  0x0000000020101fc6       0x2a e:/wch/mounriver/mounriver_studio2/resources/app/resources/win32/components/wch/toolchain/risc-v embedded gcc12/bin/../lib/gcc/riscv-wch-elf/12.2.0/../../../../riscv-wch-elf/lib/rv32imac_zba_zbb_zbc_zbs_xw/ilp32\libg_nano.a(lib_a-readr.o)
                0x0000000020101fc6                _read_r
 .text._close   0x0000000020101ff0        0xc e:/wch/mounriver/mounriver_studio2/resources/app/resources/win32/components/wch/toolchain/risc-v embedded gcc12/bin/../lib/gcc/riscv-wch-elf/12.2.0/../../../../riscv-wch-elf/lib/rv32imac_zba_zbb_zbc_zbs_xw/ilp32\libnosys.a(close.o)
                0x0000000020101ff0                _close
 .text._fstat   0x0000000020101ffc        0xc e:/wch/mounriver/mounriver_studio2/resources/app/resources/win32/components/wch/toolchain/risc-v embedded gcc12/bin/../lib/gcc/riscv-wch-elf/12.2.0/../../../../riscv-wch-elf/lib/rv32imac_zba_zbb_zbc_zbs_xw/ilp32\libnosys.a(fstat.o)
                0x0000000020101ffc                _fstat
 .text._isatty  0x0000000020102008        0xc e:/wch/mounriver/mounriver_studio2/resources/app/resources/win32/components/wch/toolchain/risc-v embedded gcc12/bin/../lib/gcc/riscv-wch-elf/12.2.0/../../../../riscv-wch-elf/lib/rv32imac_zba_zbb_zbc_zbs_xw/ilp32\libnosys.a(isatty.o)
                0x0000000020102008                _isatty
 .text._lseek   0x0000000020102014        0xc e:/wch/mounriver/mounriver_studio2/resources/app/resources/win32/components/wch/toolchain/risc-v embedded gcc12/bin/../lib/gcc/riscv-wch-elf/12.2.0/../../../../riscv-wch-elf/lib/rv32imac_zba_zbb_zbc_zbs_xw/ilp32\libnosys.a(lseek.o)
                0x0000000020102014                _lseek
 .text._read    0x0000000020102020        0xc e:/wch/mounriver/mounriver_studio2/resources/app/resources/win32/components/wch/toolchain/risc-v embedded gcc12/bin/../lib/gcc/riscv-wch-elf/12.2.0/../../../../riscv-wch-elf/lib/rv32imac_zba_zbb_zbc_zbs_xw/ilp32\libnosys.a(read.o)
                0x0000000020102020                _read
 *(.sdata2.*)
 *(.glue_7)
 *(.glue_7t)
 *(.gnu.linkonce.t.*)
                0x000000002010202c                . = ALIGN (0x4)
 *fill*         0x000000002010202c        0x0 
                0x000000002010202c                PROVIDE (_highcode_vma_end = .)

.rodata_flash   0x0000000000002118      0x1b0
                0x0000000000002118                . = ALIGN (0x4)
 *(.rodata)
 *(.rodata*)
 .rodata.dbg_hex.str1.4
                0x0000000000002118        0x3 ./User/ch32h417_it.o
 *fill*         0x000000000000211b        0x1 
 .rodata.HardFault_Handler.str1.4
                0x000000000000211c       0x27 ./User/ch32h417_it.o
 *fill*         0x0000000000002143        0x1 
 .rodata.main.str1.4
                0x0000000000002144       0x22 ./User/main.o
 *fill*         0x0000000000002166        0x2 
 .rodata.__clz_tab
                0x0000000000002168      0x100 e:/wch/mounriver/mounriver_studio2/resources/app/resources/win32/components/wch/toolchain/risc-v embedded gcc12/bin/../lib/gcc/riscv-wch-elf/12.2.0/rv32imac_zba_zbb_zbc_zbs_xw/ilp32\libgcc.a(_clz.o)
                0x0000000000002168                __clz_tab
 .rodata.__sf_fake_stderr
                0x0000000000002268       0x20 e:/wch/mounriver/mounriver_studio2/resources/app/resources/win32/components/wch/toolchain/risc-v embedded gcc12/bin/../lib/gcc/riscv-wch-elf/12.2.0/../../../../riscv-wch-elf/lib/rv32imac_zba_zbb_zbc_zbs_xw/ilp32\libg_nano.a(lib_a-findfp.o)
                0x0000000000002268                __sf_fake_stderr
 .rodata.__sf_fake_stdout
                0x0000000000002288       0x20 e:/wch/mounriver/mounriver_studio2/resources/app/resources/win32/components/wch/toolchain/risc-v embedded gcc12/bin/../lib/gcc/riscv-wch-elf/12.2.0/../../../../riscv-wch-elf/lib/rv32imac_zba_zbb_zbc_zbs_xw/ilp32\libg_nano.a(lib_a-findfp.o)
                0x0000000000002288                __sf_fake_stdout
 .rodata.__sf_fake_stdin
                0x00000000000022a8       0x20 e:/wch/mounriver/mounriver_studio2/resources/app/resources/win32/components/wch/toolchain/risc-v embedded gcc12/bin/../lib/gcc/riscv-wch-elf/12.2.0/../../../../riscv-wch-elf/lib/rv32imac_zba_zbb_zbc_zbs_xw/ilp32\libg_nano.a(lib_a-findfp.o)
                0x00000000000022a8                __sf_fake_stdin
                0x00000000000022c8                . = ALIGN (0x4)

.text           0x00000000000022c8       0x84
                0x00000000000022c8                . = ALIGN (0x4)
 *(SORT_NONE(.handle_reset))
 .handle_reset  0x00000000000022c8       0x82 ./Startup/startup_ch32h417_v3f.o
                0x00000000000022c8                handle_reset
                0x000000000000234c                . = ALIGN (0x4)
 *fill*         0x000000000000234a        0x2 

.rela.dyn       0x000000000000234c        0x0
 .rela.init     0x000000000000234c        0x0 ./User/ch32h417_it.o
 .rela.vector   0x000000000000234c        0x0 ./User/ch32h417_it.o
 .rela.load     0x000000000000234c        0x0 ./User/ch32h417_it.o
 .rela.handle_reset
                0x000000000000234c        0x0 ./User/ch32h417_it.o
 .rela.text._sbrk
                0x000000000000234c        0x0 ./User/ch32h417_it.o
 .rela.sdata.curbrk.0
                0x000000000000234c        0x0 ./User/ch32h417_it.o

.highcodelalign1
                0x000000000000234c        0x0
                0x000000000000234c                . = ALIGN (0x4)
                0x000000000000234c                PROVIDE (_highcode_lma1 = .)

.fini           0x000000002010202c        0x0 load address 0x000000000000234c
                0x000000002010202c                . = ALIGN (0x4)
                0x000000002010202c                PROVIDE (_highcode_vma_start1 = .)
 *(SORT_NONE(.fini))
                0x000000002010202c                . = ALIGN (0x4)
                [!provide]                        PROVIDE (_etext = .)
                [!provide]                        PROVIDE (_eitcm = .)

.preinit_array  0x000000002010202c        0x0 load address 0x000000000000234c
                [!provide]                        PROVIDE (__preinit_array_start = .)
 *(.preinit_array)
                [!provide]                        PROVIDE (__preinit_array_end = .)

.init_array     0x000000002010202c        0x0 load address 0x000000000000234c
                [!provide]                        PROVIDE (__init_array_start = .)
 *(SORT_BY_INIT_PRIORITY(.init_array.*) SORT_BY_INIT_PRIORITY(.ctors.*))
 *(.init_array EXCLUDE_FILE(*crtend?.o *crtend.o *crtbegin?.o *crtbegin.o) .ctors)
                [!provide]                        PROVIDE (__init_array_end = .)

.fini_array     0x000000002010202c        0x0 load address 0x000000000000234c
                [!provide]                        PROVIDE (__fini_array_start = .)
 *(SORT_BY_INIT_PRIORITY(.fini_array.*) SORT_BY_INIT_PRIORITY(.dtors.*))
 *(.fini_array EXCLUDE_FILE(*crtend?.o *crtend.o *crtbegin?.o *crtbegin.o) .dtors)
                [!provide]                        PROVIDE (__fini_array_end = .)

.ctors
 *crtbegin.o(.ctors)
 *crtbegin?.o(.ctors)
 *(EXCLUDE_FILE(*crtend?.o *crtend.o) .ctors)
 *(SORT_BY_NAME(.ctors.*))
 *(.ctors)

.dtors          0x000000002010202c        0x0 load address 0x000000000000234c
 *crtbegin.o(.dtors)
 *crtbegin?.o(.dtors)
 *(EXCLUDE_FILE(*crtend?.o *crtend.o) .dtors)
 *(SORT_BY_NAME(.dtors.*))
 *(.dtors)
                0x000000002010202c                . = ALIGN (0x4)
                0x000000002010202c                PROVIDE (_highcode_vma_end1 = .)

.dalign         0x0000000020120100        0x0 load address 0x000000000000234c
                0x0000000020120100                . = ALIGN (0x4)
                0x0000000020120100                PROVIDE (_data_vma = .)

.dlalign        0x000000000000234c        0x0
                0x000000000000234c                . = ALIGN (0x4)
                0x000000000000234c                PROVIDE (_data_lma = .)

.data           0x0000000020120100      0x10c load address 0x000000000000234c
                0x0000000020120100                . = ALIGN (0x4)
 *(.gnu.linkonce.r.*)
 *(.data .data.*)
 .data.SERDESPLLMULTB
                0x0000000020120100       0x10 ./User/system_ch32h417.o
 .data.HBPrescTB
                0x0000000020120110       0x10 ./User/system_ch32h417.o
 .data.PLLMULTB
                0x0000000020120120       0x20 ./User/system_ch32h417.o
 .data.SERDESPLLMULTable
                0x0000000020120140       0x10 ./Peripheral/src/ch32h417_rcc.o
 .data.HBPrescTable
                0x0000000020120150       0x10 ./Peripheral/src/ch32h417_rcc.o
 .data.PLLMULTable
                0x0000000020120160       0x20 ./Peripheral/src/ch32h417_rcc.o
 .data.impure_data
                0x0000000020120180       0x60 e:/wch/mounriver/mounriver_studio2/resources/app/resources/win32/components/wch/toolchain/risc-v embedded gcc12/bin/../lib/gcc/riscv-wch-elf/12.2.0/../../../../riscv-wch-elf/lib/rv32imac_zba_zbb_zbc_zbs_xw/ilp32\libg_nano.a(lib_a-impure.o)
 *(.gnu.linkonce.d.*)
                0x00000000201201e0                . = ALIGN (0x8)
                0x00000000201209e0                PROVIDE (__global_pointer$ = (. + 0x800))
 *(.sdata .sdata.*)
 .sdata.FPRETB  0x00000000201201e0        0x4 ./User/system_ch32h417.o
 .sdata.SystemCoreClock
                0x00000000201201e4        0x4 ./User/system_ch32h417.o
                0x00000000201201e4                SystemCoreClock
 .sdata.SystemClock
                0x00000000201201e8        0x4 ./User/system_ch32h417.o
                0x00000000201201e8                SystemClock
 .sdata.ADCPRETable
                0x00000000201201ec        0x4 ./Peripheral/src/ch32h417_rcc.o
 .sdata.PPRE2Table
                0x00000000201201f0        0x8 ./Peripheral/src/ch32h417_rcc.o
 .sdata.FPRETable
                0x00000000201201f8        0x4 ./Peripheral/src/ch32h417_rcc.o
 .sdata.curbrk.0
                0x00000000201201fc        0x4 ./Debug/debug.o
 .sdata._impure_ptr
                0x0000000020120200        0x4 e:/wch/mounriver/mounriver_studio2/resources/app/resources/win32/components/wch/toolchain/risc-v embedded gcc12/bin/../lib/gcc/riscv-wch-elf/12.2.0/../../../../riscv-wch-elf/lib/rv32imac_zba_zbb_zbc_zbs_xw/ilp32\libg_nano.a(lib_a-impure.o)
                0x0000000020120200                _impure_ptr
 *(.sdata2.*)
 *(.gnu.linkonce.s.*)
                0x0000000020120208                . = ALIGN (0x8)
 *fill*         0x0000000020120204        0x4 
 *(.srodata.cst16)
 *(.srodata.cst8)
 *(.srodata.cst4)
 *(.srodata.cst2)
 *(.srodata .srodata.*)
 .srodata._global_impure_ptr
                0x0000000020120208        0x4 e:/wch/mounriver/mounriver_studio2/resources/app/resources/win32/components/wch/toolchain/risc-v embedded gcc12/bin/../lib/gcc/riscv-wch-elf/12.2.0/../../../../riscv-wch-elf/lib/rv32imac_zba_zbb_zbc_zbs_xw/ilp32\libg_nano.a(lib_a-impure.o)
                0x0000000020120208                _global_impure_ptr
                0x000000002012020c                . = ALIGN (0x4)
                0x000000002012020c                PROVIDE (_edata = .)

.bss            0x000000002012020c       0x2c load address 0x0000000000002458
                0x000000002012020c                . = ALIGN (0x4)
                0x000000002012020c                PROVIDE (_sbss = .)
 *(.sbss*)
 .sbss.HCLKClock
                0x000000002012020c        0x4 ./User/system_ch32h417.o
                0x000000002012020c                HCLKClock
 .sbss.WFE_WkupSource
                0x0000000020120210        0x4 ./Peripheral/src/ch32h417_exti.o
                0x0000000020120210                WFE_WkupSource
 .sbss.p_ms     0x0000000020120214        0x4 ./Debug/debug.o
 .sbss.p_us     0x0000000020120218        0x2 ./Debug/debug.o
 *fill*         0x000000002012021a        0x2 
 .sbss.WFE_MASK
                0x000000002012021c        0x4 ./Core/core_riscv.o
                0x000000002012021c                WFE_MASK
 .sbss.__lock___malloc_recursive_mutex
                0x0000000020120220        0x1 e:/wch/mounriver/mounriver_studio2/resources/app/resources/win32/components/wch/toolchain/risc-v embedded gcc12/bin/../lib/gcc/riscv-wch-elf/12.2.0/../../../../riscv-wch-elf/lib/rv32imac_zba_zbb_zbc_zbs_xw/ilp32\libg_nano.a(lib_a-lock.o)
                0x0000000020120220                __lock___malloc_recursive_mutex
 *fill*         0x0000000020120221        0x3 
 .sbss.__lock___sfp_recursive_mutex
                0x0000000020120224        0x1 e:/wch/mounriver/mounriver_studio2/resources/app/resources/win32/components/wch/toolchain/risc-v embedded gcc12/bin/../lib/gcc/riscv-wch-elf/12.2.0/../../../../riscv-wch-elf/lib/rv32imac_zba_zbb_zbc_zbs_xw/ilp32\libg_nano.a(lib_a-lock.o)
                0x0000000020120224                __lock___sfp_recursive_mutex
 *fill*         0x0000000020120225        0x3 
 .sbss.__lock___sinit_recursive_mutex
                0x0000000020120228        0x1 e:/wch/mounriver/mounriver_studio2/resources/app/resources/win32/components/wch/toolchain/risc-v embedded gcc12/bin/../lib/gcc/riscv-wch-elf/12.2.0/../../../../riscv-wch-elf/lib/rv32imac_zba_zbb_zbc_zbs_xw/ilp32\libg_nano.a(lib_a-lock.o)
                0x0000000020120228                __lock___sinit_recursive_mutex
 *fill*         0x0000000020120229        0x3 
 .sbss.__malloc_sbrk_start
                0x000000002012022c        0x4 e:/wch/mounriver/mounriver_studio2/resources/app/resources/win32/components/wch/toolchain/risc-v embedded gcc12/bin/../lib/gcc/riscv-wch-elf/12.2.0/../../../../riscv-wch-elf/lib/rv32imac_zba_zbb_zbc_zbs_xw/ilp32\libg_nano.a(lib_a-nano-mallocr.o)
                0x000000002012022c                __malloc_sbrk_start
 .sbss.__malloc_free_list
                0x0000000020120230        0x4 e:/wch/mounriver/mounriver_studio2/resources/app/resources/win32/components/wch/toolchain/risc-v embedded gcc12/bin/../lib/gcc/riscv-wch-elf/12.2.0/../../../../riscv-wch-elf/lib/rv32imac_zba_zbb_zbc_zbs_xw/ilp32\libg_nano.a(lib_a-nano-mallocr.o)
                0x0000000020120230                __malloc_free_list
 .sbss.errno    0x0000000020120234        0x4 e:/wch/mounriver/mounriver_studio2/resources/app/resources/win32/components/wch/toolchain/risc-v embedded gcc12/bin/../lib/gcc/riscv-wch-elf/12.2.0/../../../../riscv-wch-elf/lib/rv32imac_zba_zbb_zbc_zbs_xw/ilp32\libg_nano.a(lib_a-reent.o)
                0x0000000020120234                errno
 *(.gnu.linkonce.sb.*)
 *(.bss*)
 *(.gnu.linkonce.b.*)
 *(COMMON*)
                0x0000000020120238                . = ALIGN (0x4)
                0x0000000020120238                PROVIDE (_ebss = .)
                0x0000000020120238                PROVIDE (_end = _ebss)
                [!provide]                        PROVIDE (end = .)

.stack          0x000000002017f800      0x800
                0x000000002017f800                PROVIDE (_heap_end = .)
                0x000000002017f800                . = ALIGN (0x4)
                [!provide]                        PROVIDE (_susrstack = .)
                0x0000000020180000                . = (. + __stack_size)
 *fill*         0x000000002017f800      0x800 
                0x0000000020180000                PROVIDE (_eusrstack = .)
OUTPUT(DVP_UART_V3F.elf elf32-littleriscv)

.debug_info     0x0000000000000000     0x5d2d
 .debug_info    0x0000000000000000      0x3dc ./User/ch32h417_it.o
 .debug_info    0x00000000000003dc      0x5a3 ./User/main.o
 .debug_info    0x000000000000097f      0x744 ./User/system_ch32h417.o
 .debug_info    0x00000000000010c3       0x23 ./Startup/startup_ch32h417_v3f.o
 .debug_info    0x00000000000010e6      0x362 ./Peripheral/src/ch32h417_exti.o
 .debug_info    0x0000000000001448      0xc80 ./Peripheral/src/ch32h417_flash.o
 .debug_info    0x00000000000020c8      0xb73 ./Peripheral/src/ch32h417_gpio.o
 .debug_info    0x0000000000002c3b      0x69c ./Peripheral/src/ch32h417_pwr.o
 .debug_info    0x00000000000032d7     0x12b3 ./Peripheral/src/ch32h417_rcc.o
 .debug_info    0x000000000000458a      0xb26 ./Peripheral/src/ch32h417_usart.o
 .debug_info    0x00000000000050b0      0x6d9 ./Debug/debug.o
 .debug_info    0x0000000000005789      0x5a4 ./Core/core_riscv.o

.debug_abbrev   0x0000000000000000     0x1876
 .debug_abbrev  0x0000000000000000      0x1a2 ./User/ch32h417_it.o
 .debug_abbrev  0x00000000000001a2      0x1ac ./User/main.o
 .debug_abbrev  0x000000000000034e      0x24a ./User/system_ch32h417.o
 .debug_abbrev  0x0000000000000598       0x12 ./Startup/startup_ch32h417_v3f.o
 .debug_abbrev  0x00000000000005aa      0x1ea ./Peripheral/src/ch32h417_exti.o
 .debug_abbrev  0x0000000000000794      0x318 ./Peripheral/src/ch32h417_flash.o
 .debug_abbrev  0x0000000000000aac      0x27a ./Peripheral/src/ch32h417_gpio.o
 .debug_abbrev  0x0000000000000d26      0x268 ./Peripheral/src/ch32h417_pwr.o
 .debug_abbrev  0x0000000000000f8e      0x36e ./Peripheral/src/ch32h417_rcc.o
 .debug_abbrev  0x00000000000012fc      0x210 ./Peripheral/src/ch32h417_usart.o
 .debug_abbrev  0x000000000000150c      0x23a ./Debug/debug.o
 .debug_abbrev  0x0000000000001746      0x130 ./Core/core_riscv.o

.debug_loclists
                0x0000000000000000     0x28ba
 .debug_loclists
                0x0000000000000000       0x90 ./User/ch32h417_it.o
 .debug_loclists
                0x0000000000000090       0x1b ./User/main.o
 .debug_loclists
                0x00000000000000ab      0x1b5 ./User/system_ch32h417.o
 .debug_loclists
                0x0000000000000260      0x118 ./Peripheral/src/ch32h417_exti.o
 .debug_loclists
                0x0000000000000378      0xb84 ./Peripheral/src/ch32h417_flash.o
 .debug_loclists
                0x0000000000000efc      0x882 ./Peripheral/src/ch32h417_gpio.o
 .debug_loclists
                0x000000000000177e      0x14d ./Peripheral/src/ch32h417_pwr.o
 .debug_loclists
                0x00000000000018cb      0x7d8 ./Peripheral/src/ch32h417_rcc.o
 .debug_loclists
                0x00000000000020a3      0x6d8 ./Peripheral/src/ch32h417_usart.o
 .debug_loclists
                0x000000000000277b      0x13f ./Debug/debug.o

.debug_aranges  0x0000000000000000      0x7a8
 .debug_aranges
                0x0000000000000000       0x40 ./User/ch32h417_it.o
 .debug_aranges
                0x0000000000000040       0x20 ./User/main.o
 .debug_aranges
                0x0000000000000060       0x28 ./User/system_ch32h417.o
 .debug_aranges
                0x0000000000000088       0x38 ./Startup/startup_ch32h417_v3f.o
 .debug_aranges
                0x00000000000000c0       0x60 ./Peripheral/src/ch32h417_exti.o
 .debug_aranges
                0x0000000000000120      0x118 ./Peripheral/src/ch32h417_flash.o
 .debug_aranges
                0x0000000000000238       0xa0 ./Peripheral/src/ch32h417_gpio.o
 .debug_aranges
                0x00000000000002d8       0x68 ./Peripheral/src/ch32h417_pwr.o
 .debug_aranges
                0x0000000000000340      0x1f0 ./Peripheral/src/ch32h417_rcc.o
 .debug_aranges
                0x0000000000000530      0x100 ./Peripheral/src/ch32h417_usart.o
 .debug_aranges
                0x0000000000000630       0x48 ./Debug/debug.o
 .debug_aranges
                0x0000000000000678      0x130 ./Core/core_riscv.o

.debug_rnglists
                0x0000000000000000      0x88b
 .debug_rnglists
                0x0000000000000000       0x56 ./User/ch32h417_it.o
 .debug_rnglists
                0x0000000000000056       0x29 ./User/main.o
 .debug_rnglists
                0x000000000000007f       0x58 ./User/system_ch32h417.o
 .debug_rnglists
                0x00000000000000d7       0x27 ./Startup/startup_ch32h417_v3f.o
 .debug_rnglists
                0x00000000000000fe       0x5e ./Peripheral/src/ch32h417_exti.o
 .debug_rnglists
                0x000000000000015c      0x12d ./Peripheral/src/ch32h417_flash.o
 .debug_rnglists
                0x0000000000000289       0xa6 ./Peripheral/src/ch32h417_gpio.o
 .debug_rnglists
                0x000000000000032f       0x67 ./Peripheral/src/ch32h417_pwr.o
 .debug_rnglists
                0x0000000000000396      0x258 ./Peripheral/src/ch32h417_rcc.o
 .debug_rnglists
                0x00000000000005ee      0x112 ./Peripheral/src/ch32h417_usart.o
 .debug_rnglists
                0x0000000000000700       0x43 ./Debug/debug.o
 .debug_rnglists
                0x0000000000000743      0x148 ./Core/core_riscv.o

.debug_line     0x0000000000000000     0x89b7
 .debug_line    0x0000000000000000      0x2d1 ./User/ch32h417_it.o
 .debug_line    0x00000000000002d1      0x13e ./User/main.o
 .debug_line    0x000000000000040f      0x97f ./User/system_ch32h417.o
 .debug_line    0x0000000000000d8e      0x257 ./Startup/startup_ch32h417_v3f.o
 .debug_line    0x0000000000000fe5      0x434 ./Peripheral/src/ch32h417_exti.o
 .debug_line    0x0000000000001419     0x2579 ./Peripheral/src/ch32h417_flash.o
 .debug_line    0x0000000000003992     0x14f3 ./Peripheral/src/ch32h417_gpio.o
 .debug_line    0x0000000000004e85      0x535 ./Peripheral/src/ch32h417_pwr.o
 .debug_line    0x00000000000053ba     0x1bb9 ./Peripheral/src/ch32h417_rcc.o
 .debug_line    0x0000000000006f73      0xeb8 ./Peripheral/src/ch32h417_usart.o
 .debug_line    0x0000000000007e2b      0x566 ./Debug/debug.o
 .debug_line    0x0000000000008391      0x626 ./Core/core_riscv.o

.debug_str      0x0000000000000000     0x1f4f
 .debug_str     0x0000000000000000      0x243 ./User/ch32h417_it.o
                                        0x29f (size before relaxing)
 .debug_str     0x0000000000000243      0x17a ./User/main.o
                                        0x37b (size before relaxing)
 .debug_str     0x00000000000003bd      0x178 ./User/system_ch32h417.o
                                        0x466 (size before relaxing)
 .debug_str     0x0000000000000535       0xa2 ./Startup/startup_ch32h417_v3f.o
 .debug_str     0x00000000000005d7      0x1d5 ./Peripheral/src/ch32h417_exti.o
                                        0x390 (size before relaxing)
 .debug_str     0x00000000000007ac      0x48a ./Peripheral/src/ch32h417_flash.o
                                        0x6eb (size before relaxing)
 .debug_str     0x0000000000000c36      0x3fa ./Peripheral/src/ch32h417_gpio.o
                                        0x61c (size before relaxing)
 .debug_str     0x0000000000001030      0x17e ./Peripheral/src/ch32h417_pwr.o
                                        0x4af (size before relaxing)
 .debug_str     0x00000000000011ae      0x766 ./Peripheral/src/ch32h417_rcc.o
                                        0xd22 (size before relaxing)
 .debug_str     0x0000000000001914      0x3f4 ./Peripheral/src/ch32h417_usart.o
                                        0x738 (size before relaxing)
 .debug_str     0x0000000000001d08       0x6a ./Debug/debug.o
                                        0x540 (size before relaxing)
 .debug_str     0x0000000000001d72      0x1dd ./Core/core_riscv.o
                                        0x363 (size before relaxing)

.debug_line_str
                0x0000000000000000      0x69f
 .debug_line_str
                0x0000000000000000      0x260 ./User/ch32h417_it.o
                                        0x2d2 (size before relaxing)
 .debug_line_str
                0x0000000000000260       0x96 ./User/main.o
                                        0x328 (size before relaxing)
 .debug_line_str
                0x00000000000002f6       0x2a ./User/system_ch32h417.o
                                        0x301 (size before relaxing)
 .debug_line_str
                0x0000000000000320       0x4b ./Startup/startup_ch32h417_v3f.o
                                         0xad (size before relaxing)
 .debug_line_str
                0x000000000000036b       0x96 ./Peripheral/src/ch32h417_exti.o
                                        0x303 (size before relaxing)
 .debug_line_str
                0x0000000000000401       0x5d ./Peripheral/src/ch32h417_flash.o
                                        0x307 (size before relaxing)
 .debug_line_str
                0x000000000000045e       0x4b ./Peripheral/src/ch32h417_gpio.o
                                        0x323 (size before relaxing)
 .debug_line_str
                0x00000000000004a9       0x4a ./Peripheral/src/ch32h417_pwr.o
                                        0x30e (size before relaxing)
 .debug_line_str
                0x00000000000004f3       0x4a ./Peripheral/src/ch32h417_rcc.o
                                        0x30f (size before relaxing)
 .debug_line_str
                0x000000000000053d       0x4c ./Peripheral/src/ch32h417_usart.o
                                        0x316 (size before relaxing)
 .debug_line_str
                0x0000000000000589       0xd8 ./Debug/debug.o
                                        0x3f5 (size before relaxing)
 .debug_line_str
                0x0000000000000661       0x3e ./Core/core_riscv.o
                                        0x252 (size before relaxing)

.comment        0x0000000000000000       0x31
 .comment       0x0000000000000000       0x31 ./User/ch32h417_it.o
                                         0x32 (size before relaxing)
 .comment       0x0000000000000031       0x32 ./User/main.o
 .comment       0x0000000000000031       0x32 ./User/system_ch32h417.o
 .comment       0x0000000000000031       0x32 ./Peripheral/src/ch32h417_exti.o
 .comment       0x0000000000000031       0x32 ./Peripheral/src/ch32h417_flash.o
 .comment       0x0000000000000031       0x32 ./Peripheral/src/ch32h417_gpio.o
 .comment       0x0000000000000031       0x32 ./Peripheral/src/ch32h417_pwr.o
 .comment       0x0000000000000031       0x32 ./Peripheral/src/ch32h417_rcc.o
 .comment       0x0000000000000031       0x32 ./Peripheral/src/ch32h417_usart.o
 .comment       0x0000000000000031       0x32 ./Debug/debug.o
 .comment       0x0000000000000031       0x32 ./Core/core_riscv.o
 .comment       0x0000000000000031       0x32 e:/wch/mounriver/mounriver_studio2/resources/app/resources/win32/components/wch/toolchain/risc-v embedded gcc12/bin/../lib/gcc/riscv-wch-elf/12.2.0/rv32imac_zba_zbb_zbc_zbs_xw/ilp32\libgcc.a(_udivdi3.o)
 .comment       0x0000000000000031       0x32 e:/wch/mounriver/mounriver_studio2/resources/app/resources/win32/components/wch/toolchain/risc-v embedded gcc12/bin/../lib/gcc/riscv-wch-elf/12.2.0/rv32imac_zba_zbb_zbc_zbs_xw/ilp32\libgcc.a(_clz.o)
 .comment       0x0000000000000031       0x32 e:/wch/mounriver/mounriver_studio2/resources/app/resources/win32/components/wch/toolchain/risc-v embedded gcc12/bin/../lib/gcc/riscv-wch-elf/12.2.0/../../../../riscv-wch-elf/lib/rv32imac_zba_zbb_zbc_zbs_xw/ilp32\libg_nano.a(lib_a-impure.o)
 .comment       0x0000000000000031       0x32 e:/wch/mounriver/mounriver_studio2/resources/app/resources/win32/components/wch/toolchain/risc-v embedded gcc12/bin/../lib/gcc/riscv-wch-elf/12.2.0/../../../../riscv-wch-elf/lib/rv32imac_zba_zbb_zbc_zbs_xw/ilp32\libg_nano.a(lib_a-puts.o)
 .comment       0x0000000000000031       0x32 e:/wch/mounriver/mounriver_studio2/resources/app/resources/win32/components/wch/toolchain/risc-v embedded gcc12/bin/../lib/gcc/riscv-wch-elf/12.2.0/../../../../riscv-wch-elf/lib/rv32imac_zba_zbb_zbc_zbs_xw/ilp32\libg_nano.a(lib_a-wbuf.o)
 .comment       0x0000000000000031       0x32 e:/wch/mounriver/mounriver_studio2/resources/app/resources/win32/components/wch/toolchain/risc-v embedded gcc12/bin/../lib/gcc/riscv-wch-elf/12.2.0/../../../../riscv-wch-elf/lib/rv32imac_zba_zbb_zbc_zbs_xw/ilp32\libg_nano.a(lib_a-wsetup.o)
 .comment       0x0000000000000031       0x32 e:/wch/mounriver/mounriver_studio2/resources/app/resources/win32/components/wch/toolchain/risc-v embedded gcc12/bin/../lib/gcc/riscv-wch-elf/12.2.0/../../../../riscv-wch-elf/lib/rv32imac_zba_zbb_zbc_zbs_xw/ilp32\libg_nano.a(lib_a-fflush.o)
 .comment       0x0000000000000031       0x32 e:/wch/mounriver/mounriver_studio2/resources/app/resources/win32/components/wch/toolchain/risc-v embedded gcc12/bin/../lib/gcc/riscv-wch-elf/12.2.0/../../../../riscv-wch-elf/lib/rv32imac_zba_zbb_zbc_zbs_xw/ilp32\libg_nano.a(lib_a-findfp.o)
 .comment       0x0000000000000031       0x32 e:/wch/mounriver/mounriver_studio2/resources/app/resources/win32/components/wch/toolchain/risc-v embedded gcc12/bin/../lib/gcc/riscv-wch-elf/12.2.0/../../../../riscv-wch-elf/lib/rv32imac_zba_zbb_zbc_zbs_xw/ilp32\libg_nano.a(lib_a-fwalk.o)
 .comment       0x0000000000000031       0x32 e:/wch/mounriver/mounriver_studio2/resources/app/resources/win32/components/wch/toolchain/risc-v embedded gcc12/bin/../lib/gcc/riscv-wch-elf/12.2.0/../../../../riscv-wch-elf/lib/rv32imac_zba_zbb_zbc_zbs_xw/ilp32\libg_nano.a(lib_a-lock.o)
 .comment       0x0000000000000031       0x32 e:/wch/mounriver/mounriver_studio2/resources/app/resources/win32/components/wch/toolchain/risc-v embedded gcc12/bin/../lib/gcc/riscv-wch-elf/12.2.0/../../../../riscv-wch-elf/lib/rv32imac_zba_zbb_zbc_zbs_xw/ilp32\libg_nano.a(lib_a-makebuf.o)
 .comment       0x0000000000000031       0x32 e:/wch/mounriver/mounriver_studio2/resources/app/resources/win32/components/wch/toolchain/risc-v embedded gcc12/bin/../lib/gcc/riscv-wch-elf/12.2.0/../../../../riscv-wch-elf/lib/rv32imac_zba_zbb_zbc_zbs_xw/ilp32\libg_nano.a(lib_a-nano-freer.o)
 .comment       0x0000000000000031       0x32 e:/wch/mounriver/mounriver_studio2/resources/app/resources/win32/components/wch/toolchain/risc-v embedded gcc12/bin/../lib/gcc/riscv-wch-elf/12.2.0/../../../../riscv-wch-elf/lib/rv32imac_zba_zbb_zbc_zbs_xw/ilp32\libg_nano.a(lib_a-nano-mallocr.o)
 .comment       0x0000000000000031       0x32 e:/wch/mounriver/mounriver_studio2/resources/app/resources/win32/components/wch/toolchain/risc-v embedded gcc12/bin/../lib/gcc/riscv-wch-elf/12.2.0/../../../../riscv-wch-elf/lib/rv32imac_zba_zbb_zbc_zbs_xw/ilp32\libg_nano.a(lib_a-sbrkr.o)
 .comment       0x0000000000000031       0x32 e:/wch/mounriver/mounriver_studio2/resources/app/resources/win32/components/wch/toolchain/risc-v embedded gcc12/bin/../lib/gcc/riscv-wch-elf/12.2.0/../../../../riscv-wch-elf/lib/rv32imac_zba_zbb_zbc_zbs_xw/ilp32\libg_nano.a(lib_a-stdio.o)
 .comment       0x0000000000000031       0x32 e:/wch/mounriver/mounriver_studio2/resources/app/resources/win32/components/wch/toolchain/risc-v embedded gcc12/bin/../lib/gcc/riscv-wch-elf/12.2.0/../../../../riscv-wch-elf/lib/rv32imac_zba_zbb_zbc_zbs_xw/ilp32\libg_nano.a(lib_a-writer.o)
 .comment       0x0000000000000031       0x32 e:/wch/mounriver/mounriver_studio2/resources/app/resources/win32/components/wch/toolchain/risc-v embedded gcc12/bin/../lib/gcc/riscv-wch-elf/12.2.0/../../../../riscv-wch-elf/lib/rv32imac_zba_zbb_zbc_zbs_xw/ilp32\libg_nano.a(lib_a-closer.o)
 .comment       0x0000000000000031       0x32 e:/wch/mounriver/mounriver_studio2/resources/app/resources/win32/components/wch/toolchain/risc-v embedded gcc12/bin/../lib/gcc/riscv-wch-elf/12.2.0/../../../../riscv-wch-elf/lib/rv32imac_zba_zbb_zbc_zbs_xw/ilp32\libg_nano.a(lib_a-fstatr.o)
 .comment       0x0000000000000031       0x32 e:/wch/mounriver/mounriver_studio2/resources/app/resources/win32/components/wch/toolchain/risc-v embedded gcc12/bin/../lib/gcc/riscv-wch-elf/12.2.0/../../../../riscv-wch-elf/lib/rv32imac_zba_zbb_zbc_zbs_xw/ilp32\libg_nano.a(lib_a-isattyr.o)
 .comment       0x0000000000000031       0x32 e:/wch/mounriver/mounriver_studio2/resources/app/resources/win32/components/wch/toolchain/risc-v embedded gcc12/bin/../lib/gcc/riscv-wch-elf/12.2.0/../../../../riscv-wch-elf/lib/rv32imac_zba_zbb_zbc_zbs_xw/ilp32\libg_nano.a(lib_a-lseekr.o)
 .comment       0x0000000000000031       0x32 e:/wch/mounriver/mounriver_studio2/resources/app/resources/win32/components/wch/toolchain/risc-v embedded gcc12/bin/../lib/gcc/riscv-wch-elf/12.2.0/../../../../riscv-wch-elf/lib/rv32imac_zba_zbb_zbc_zbs_xw/ilp32\libg_nano.a(lib_a-mlock.o)
 .comment       0x0000000000000031       0x32 e:/wch/mounriver/mounriver_studio2/resources/app/resources/win32/components/wch/toolchain/risc-v embedded gcc12/bin/../lib/gcc/riscv-wch-elf/12.2.0/../../../../riscv-wch-elf/lib/rv32imac_zba_zbb_zbc_zbs_xw/ilp32\libg_nano.a(lib_a-readr.o)
 .comment       0x0000000000000031       0x32 e:/wch/mounriver/mounriver_studio2/resources/app/resources/win32/components/wch/toolchain/risc-v embedded gcc12/bin/../lib/gcc/riscv-wch-elf/12.2.0/../../../../riscv-wch-elf/lib/rv32imac_zba_zbb_zbc_zbs_xw/ilp32\libg_nano.a(lib_a-reent.o)
 .comment       0x0000000000000031       0x32 e:/wch/mounriver/mounriver_studio2/resources/app/resources/win32/components/wch/toolchain/risc-v embedded gcc12/bin/../lib/gcc/riscv-wch-elf/12.2.0/../../../../riscv-wch-elf/lib/rv32imac_zba_zbb_zbc_zbs_xw/ilp32\libnosys.a(close.o)
 .comment       0x0000000000000031       0x32 e:/wch/mounriver/mounriver_studio2/resources/app/resources/win32/components/wch/toolchain/risc-v embedded gcc12/bin/../lib/gcc/riscv-wch-elf/12.2.0/../../../../riscv-wch-elf/lib/rv32imac_zba_zbb_zbc_zbs_xw/ilp32\libnosys.a(fstat.o)
 .comment       0x0000000000000031       0x32 e:/wch/mounriver/mounriver_studio2/resources/app/resources/win32/components/wch/toolchain/risc-v embedded gcc12/bin/../lib/gcc/riscv-wch-elf/12.2.0/../../../../riscv-wch-elf/lib/rv32imac_zba_zbb_zbc_zbs_xw/ilp32\libnosys.a(isatty.o)
 .comment       0x0000000000000031       0x32 e:/wch/mounriver/mounriver_studio2/resources/app/resources/win32/components/wch/toolchain/risc-v embedded gcc12/bin/../lib/gcc/riscv-wch-elf/12.2.0/../../../../riscv-wch-elf/lib/rv32imac_zba_zbb_zbc_zbs_xw/ilp32\libnosys.a(lseek.o)
 .comment       0x0000000000000031       0x32 e:/wch/mounriver/mounriver_studio2/resources/app/resources/win32/components/wch/toolchain/risc-v embedded gcc12/bin/../lib/gcc/riscv-wch-elf/12.2.0/../../../../riscv-wch-elf/lib/rv32imac_zba_zbb_zbc_zbs_xw/ilp32\libnosys.a(read.o)

.riscv.attributes
                0x0000000000000000       0x56
 .riscv.attributes
                0x0000000000000000       0x56 ./User/ch32h417_it.o
 .riscv.attributes
                0x0000000000000056       0x56 ./User/main.o
 .riscv.attributes
                0x00000000000000ac       0x56 ./User/system_ch32h417.o
 .riscv.attributes
                0x0000000000000102       0x54 ./Startup/startup_ch32h417_v3f.o
 .riscv.attributes
                0x0000000000000156       0x56 ./Peripheral/src/ch32h417_exti.o
 .riscv.attributes
                0x00000000000001ac       0x56 ./Peripheral/src/ch32h417_flash.o
 .riscv.attributes
                0x0000000000000202       0x56 ./Peripheral/src/ch32h417_gpio.o
 .riscv.attributes
                0x0000000000000258       0x56 ./Peripheral/src/ch32h417_pwr.o
 .riscv.attributes
                0x00000000000002ae       0x56 ./Peripheral/src/ch32h417_rcc.o
 .riscv.attributes
                0x0000000000000304       0x56 ./Peripheral/src/ch32h417_usart.o
 .riscv.attributes
                0x000000000000035a       0x56 ./Debug/debug.o
 .riscv.attributes
                0x00000000000003b0       0x56 ./Core/core_riscv.o
 .riscv.attributes
                0x0000000000000406       0x56 e:/wch/mounriver/mounriver_studio2/resources/app/resources/win32/components/wch/toolchain/risc-v embedded gcc12/bin/../lib/gcc/riscv-wch-elf/12.2.0/rv32imac_zba_zbb_zbc_zbs_xw/ilp32\libgcc.a(_udivdi3.o)
 .riscv.attributes
                0x000000000000045c       0x54 e:/wch/mounriver/mounriver_studio2/resources/app/resources/win32/components/wch/toolchain/risc-v embedded gcc12/bin/../lib/gcc/riscv-wch-elf/12.2.0/rv32imac_zba_zbb_zbc_zbs_xw/ilp32\libgcc.a(save-restore.o)
 .riscv.attributes
                0x00000000000004b0       0x56 e:/wch/mounriver/mounriver_studio2/resources/app/resources/win32/components/wch/toolchain/risc-v embedded gcc12/bin/../lib/gcc/riscv-wch-elf/12.2.0/rv32imac_zba_zbb_zbc_zbs_xw/ilp32\libgcc.a(_clz.o)
 .riscv.attributes
                0x0000000000000506       0x56 e:/wch/mounriver/mounriver_studio2/resources/app/resources/win32/components/wch/toolchain/risc-v embedded gcc12/bin/../lib/gcc/riscv-wch-elf/12.2.0/../../../../riscv-wch-elf/lib/rv32imac_zba_zbb_zbc_zbs_xw/ilp32\libg_nano.a(lib_a-impure.o)
 .riscv.attributes
                0x000000000000055c       0x54 e:/wch/mounriver/mounriver_studio2/resources/app/resources/win32/components/wch/toolchain/risc-v embedded gcc12/bin/../lib/gcc/riscv-wch-elf/12.2.0/../../../../riscv-wch-elf/lib/rv32imac_zba_zbb_zbc_zbs_xw/ilp32\libg_nano.a(lib_a-memset.o)
 .riscv.attributes
                0x00000000000005b0       0x56 e:/wch/mounriver/mounriver_studio2/resources/app/resources/win32/components/wch/toolchain/risc-v embedded gcc12/bin/../lib/gcc/riscv-wch-elf/12.2.0/../../../../riscv-wch-elf/lib/rv32imac_zba_zbb_zbc_zbs_xw/ilp32\libg_nano.a(lib_a-puts.o)
 .riscv.attributes
                0x0000000000000606       0x56 e:/wch/mounriver/mounriver_studio2/resources/app/resources/win32/components/wch/toolchain/risc-v embedded gcc12/bin/../lib/gcc/riscv-wch-elf/12.2.0/../../../../riscv-wch-elf/lib/rv32imac_zba_zbb_zbc_zbs_xw/ilp32\libg_nano.a(lib_a-wbuf.o)
 .riscv.attributes
                0x000000000000065c       0x56 e:/wch/mounriver/mounriver_studio2/resources/app/resources/win32/components/wch/toolchain/risc-v embedded gcc12/bin/../lib/gcc/riscv-wch-elf/12.2.0/../../../../riscv-wch-elf/lib/rv32imac_zba_zbb_zbc_zbs_xw/ilp32\libg_nano.a(lib_a-wsetup.o)
 .riscv.attributes
                0x00000000000006b2       0x56 e:/wch/mounriver/mounriver_studio2/resources/app/resources/win32/components/wch/toolchain/risc-v embedded gcc12/bin/../lib/gcc/riscv-wch-elf/12.2.0/../../../../riscv-wch-elf/lib/rv32imac_zba_zbb_zbc_zbs_xw/ilp32\libg_nano.a(lib_a-fflush.o)
 .riscv.attributes
                0x0000000000000708       0x56 e:/wch/mounriver/mounriver_studio2/resources/app/resources/win32/components/wch/toolchain/risc-v embedded gcc12/bin/../lib/gcc/riscv-wch-elf/12.2.0/../../../../riscv-wch-elf/lib/rv32imac_zba_zbb_zbc_zbs_xw/ilp32\libg_nano.a(lib_a-findfp.o)
 .riscv.attributes
                0x000000000000075e       0x56 e:/wch/mounriver/mounriver_studio2/resources/app/resources/win32/components/wch/toolchain/risc-v embedded gcc12/bin/../lib/gcc/riscv-wch-elf/12.2.0/../../../../riscv-wch-elf/lib/rv32imac_zba_zbb_zbc_zbs_xw/ilp32\libg_nano.a(lib_a-fwalk.o)
 .riscv.attributes
                0x00000000000007b4       0x56 e:/wch/mounriver/mounriver_studio2/resources/app/resources/win32/components/wch/toolchain/risc-v embedded gcc12/bin/../lib/gcc/riscv-wch-elf/12.2.0/../../../../riscv-wch-elf/lib/rv32imac_zba_zbb_zbc_zbs_xw/ilp32\libg_nano.a(lib_a-lock.o)
 .riscv.attributes
                0x000000000000080a       0x56 e:/wch/mounriver/mounriver_studio2/resources/app/resources/win32/components/wch/toolchain/risc-v embedded gcc12/bin/../lib/gcc/riscv-wch-elf/12.2.0/../../../../riscv-wch-elf/lib/rv32imac_zba_zbb_zbc_zbs_xw/ilp32\libg_nano.a(lib_a-makebuf.o)
 .riscv.attributes
                0x0000000000000860       0x56 e:/wch/mounriver/mounriver_studio2/resources/app/resources/win32/components/wch/toolchain/risc-v embedded gcc12/bin/../lib/gcc/riscv-wch-elf/12.2.0/../../../../riscv-wch-elf/lib/rv32imac_zba_zbb_zbc_zbs_xw/ilp32\libg_nano.a(lib_a-nano-freer.o)
 .riscv.attributes
                0x00000000000008b6       0x56 e:/wch/mounriver/mounriver_studio2/resources/app/resources/win32/components/wch/toolchain/risc-v embedded gcc12/bin/../lib/gcc/riscv-wch-elf/12.2.0/../../../../riscv-wch-elf/lib/rv32imac_zba_zbb_zbc_zbs_xw/ilp32\libg_nano.a(lib_a-nano-mallocr.o)
 .riscv.attributes
                0x000000000000090c       0x56 e:/wch/mounriver/mounriver_studio2/resources/app/resources/win32/components/wch/toolchain/risc-v embedded gcc12/bin/../lib/gcc/riscv-wch-elf/12.2.0/../../../../riscv-wch-elf/lib/rv32imac_zba_zbb_zbc_zbs_xw/ilp32\libg_nano.a(lib_a-sbrkr.o)
 .riscv.attributes
                0x0000000000000962       0x56 e:/wch/mounriver/mounriver_studio2/resources/app/resources/win32/components/wch/toolchain/risc-v embedded gcc12/bin/../lib/gcc/riscv-wch-elf/12.2.0/../../../../riscv-wch-elf/lib/rv32imac_zba_zbb_zbc_zbs_xw/ilp32\libg_nano.a(lib_a-stdio.o)
 .riscv.attributes
                0x00000000000009b8       0x56 e:/wch/mounriver/mounriver_studio2/resources/app/resources/win32/components/wch/toolchain/risc-v embedded gcc12/bin/../lib/gcc/riscv-wch-elf/12.2.0/../../../../riscv-wch-elf/lib/rv32imac_zba_zbb_zbc_zbs_xw/ilp32\libg_nano.a(lib_a-writer.o)
 .riscv.attributes
                0x0000000000000a0e       0x56 e:/wch/mounriver/mounriver_studio2/resources/app/resources/win32/components/wch/toolchain/risc-v embedded gcc12/bin/../lib/gcc/riscv-wch-elf/12.2.0/../../../../riscv-wch-elf/lib/rv32imac_zba_zbb_zbc_zbs_xw/ilp32\libg_nano.a(lib_a-closer.o)
 .riscv.attributes
                0x0000000000000a64       0x56 e:/wch/mounriver/mounriver_studio2/resources/app/resources/win32/components/wch/toolchain/risc-v embedded gcc12/bin/../lib/gcc/riscv-wch-elf/12.2.0/../../../../riscv-wch-elf/lib/rv32imac_zba_zbb_zbc_zbs_xw/ilp32\libg_nano.a(lib_a-fstatr.o)
 .riscv.attributes
                0x0000000000000aba       0x56 e:/wch/mounriver/mounriver_studio2/resources/app/resources/win32/components/wch/toolchain/risc-v embedded gcc12/bin/../lib/gcc/riscv-wch-elf/12.2.0/../../../../riscv-wch-elf/lib/rv32imac_zba_zbb_zbc_zbs_xw/ilp32\libg_nano.a(lib_a-isattyr.o)
 .riscv.attributes
                0x0000000000000b10       0x56 e:/wch/mounriver/mounriver_studio2/resources/app/resources/win32/components/wch/toolchain/risc-v embedded gcc12/bin/../lib/gcc/riscv-wch-elf/12.2.0/../../../../riscv-wch-elf/lib/rv32imac_zba_zbb_zbc_zbs_xw/ilp32\libg_nano.a(lib_a-lseekr.o)
 .riscv.attributes
                0x0000000000000b66       0x56 e:/wch/mounriver/mounriver_studio2/resources/app/resources/win32/components/wch/toolchain/risc-v embedded gcc12/bin/../lib/gcc/riscv-wch-elf/12.2.0/../../../../riscv-wch-elf/lib/rv32imac_zba_zbb_zbc_zbs_xw/ilp32\libg_nano.a(lib_a-mlock.o)
 .riscv.attributes
                0x0000000000000bbc       0x56 e:/wch/mounriver/mounriver_studio2/resources/app/resources/win32/components/wch/toolchain/risc-v embedded gcc12/bin/../lib/gcc/riscv-wch-elf/12.2.0/../../../../riscv-wch-elf/lib/rv32imac_zba_zbb_zbc_zbs_xw/ilp32\libg_nano.a(lib_a-readr.o)
 .riscv.attributes
                0x0000000000000c12       0x56 e:/wch/mounriver/mounriver_studio2/resources/app/resources/win32/components/wch/toolchain/risc-v embedded gcc12/bin/../lib/gcc/riscv-wch-elf/12.2.0/../../../../riscv-wch-elf/lib/rv32imac_zba_zbb_zbc_zbs_xw/ilp32\libg_nano.a(lib_a-reent.o)
 .riscv.attributes
                0x0000000000000c68       0x56 e:/wch/mounriver/mounriver_studio2/resources/app/resources/win32/components/wch/toolchain/risc-v embedded gcc12/bin/../lib/gcc/riscv-wch-elf/12.2.0/../../../../riscv-wch-elf/lib/rv32imac_zba_zbb_zbc_zbs_xw/ilp32\libnosys.a(close.o)
 .riscv.attributes
                0x0000000000000cbe       0x56 e:/wch/mounriver/mounriver_studio2/resources/app/resources/win32/components/wch/toolchain/risc-v embedded gcc12/bin/../lib/gcc/riscv-wch-elf/12.2.0/../../../../riscv-wch-elf/lib/rv32imac_zba_zbb_zbc_zbs_xw/ilp32\libnosys.a(fstat.o)
 .riscv.attributes
                0x0000000000000d14       0x56 e:/wch/mounriver/mounriver_studio2/resources/app/resources/win32/components/wch/toolchain/risc-v embedded gcc12/bin/../lib/gcc/riscv-wch-elf/12.2.0/../../../../riscv-wch-elf/lib/rv32imac_zba_zbb_zbc_zbs_xw/ilp32\libnosys.a(isatty.o)
 .riscv.attributes
                0x0000000000000d6a       0x56 e:/wch/mounriver/mounriver_studio2/resources/app/resources/win32/components/wch/toolchain/risc-v embedded gcc12/bin/../lib/gcc/riscv-wch-elf/12.2.0/../../../../riscv-wch-elf/lib/rv32imac_zba_zbb_zbc_zbs_xw/ilp32\libnosys.a(lseek.o)
 .riscv.attributes
                0x0000000000000dc0       0x56 e:/wch/mounriver/mounriver_studio2/resources/app/resources/win32/components/wch/toolchain/risc-v embedded gcc12/bin/../lib/gcc/riscv-wch-elf/12.2.0/../../../../riscv-wch-elf/lib/rv32imac_zba_zbb_zbc_zbs_xw/ilp32\libnosys.a(read.o)

.debug_frame    0x0000000000000000      0xfc4
 .debug_frame   0x0000000000000000       0xa8 ./User/ch32h417_it.o
 .debug_frame   0x00000000000000a8       0x28 ./User/main.o
 .debug_frame   0x00000000000000d0       0x48 ./User/system_ch32h417.o
 .debug_frame   0x0000000000000118       0xa0 ./Peripheral/src/ch32h417_exti.o
 .debug_frame   0x00000000000001b8      0x330 ./Peripheral/src/ch32h417_flash.o
 .debug_frame   0x00000000000004e8      0x150 ./Peripheral/src/ch32h417_gpio.o
 .debug_frame   0x0000000000000638       0xbc ./Peripheral/src/ch32h417_pwr.o
 .debug_frame   0x00000000000006f4      0x3ec ./Peripheral/src/ch32h417_rcc.o
 .debug_frame   0x0000000000000ae0      0x204 ./Peripheral/src/ch32h417_usart.o
 .debug_frame   0x0000000000000ce4       0xa0 ./Debug/debug.o
 .debug_frame   0x0000000000000d84      0x240 ./Core/core_riscv.o
